Archive member included to satisfy reference by file (symbol)

c:/program files (x86)/embitz/1.11/share/em_armgcc/bin/../lib/gcc/arm-none-eabi/5.4.1\libgcc.a(_aeabi_uldivmod.o)
                              obj\debug\src\platform\devices\mcimx6x\startup\system_mcimx6x_m4.o (__aeabi_uldivmod)
c:/program files (x86)/embitz/1.11/share/em_armgcc/bin/../lib/gcc/arm-none-eabi/5.4.1\libgcc.a(_udivmoddi4.o)
                              c:/program files (x86)/embitz/1.11/share/em_armgcc/bin/../lib/gcc/arm-none-eabi/5.4.1\libgcc.a(_aeabi_uldivmod.o) (__udivmoddi4)
c:/program files (x86)/embitz/1.11/share/em_armgcc/bin/../lib/gcc/arm-none-eabi/5.4.1\libgcc.a(_dvmd_tls.o)
                              c:/program files (x86)/embitz/1.11/share/em_armgcc/bin/../lib/gcc/arm-none-eabi/5.4.1\libgcc.a(_aeabi_uldivmod.o) (__aeabi_ldiv0)
c:/program files (x86)/embitz/1.11/share/em_armgcc/bin/../lib/gcc/arm-none-eabi/5.4.1\libgcc.a(_clzdi2.o)
                              c:/program files (x86)/embitz/1.11/share/em_armgcc/bin/../lib/gcc/arm-none-eabi/5.4.1\libgcc.a(_udivmoddi4.o) (__clzdi2)
c:/program files (x86)/embitz/1.11/share/em_armgcc/bin/../lib/gcc/arm-none-eabi/5.4.1\libgcc.a(_clzsi2.o)
                              c:/program files (x86)/embitz/1.11/share/em_armgcc/bin/../lib/gcc/arm-none-eabi/5.4.1\libgcc.a(_clzdi2.o) (__clzsi2)
c:/program files (x86)/embitz/1.11/share/em_armgcc/bin/../lib/gcc/arm-none-eabi/5.4.1/../../../../arm-none-eabi/lib\libg_n.a(lib_a-assert.o)
                              obj\debug\src\app\i2c_rw_register\i2c_rw_register.o (__assert_func)
c:/program files (x86)/embitz/1.11/share/em_armgcc/bin/../lib/gcc/arm-none-eabi/5.4.1/../../../../arm-none-eabi/lib\libg_n.a(lib_a-fprintf.o)
                              c:/program files (x86)/embitz/1.11/share/em_armgcc/bin/../lib/gcc/arm-none-eabi/5.4.1/../../../../arm-none-eabi/lib\libg_n.a(lib_a-assert.o) (fiprintf)
c:/program files (x86)/embitz/1.11/share/em_armgcc/bin/../lib/gcc/arm-none-eabi/5.4.1/../../../../arm-none-eabi/lib\libg_n.a(lib_a-impure.o)
                              c:/program files (x86)/embitz/1.11/share/em_armgcc/bin/../lib/gcc/arm-none-eabi/5.4.1/../../../../arm-none-eabi/lib\libg_n.a(lib_a-assert.o) (_impure_ptr)
c:/program files (x86)/embitz/1.11/share/em_armgcc/bin/../lib/gcc/arm-none-eabi/5.4.1/../../../../arm-none-eabi/lib\libg_n.a(lib_a-nano-vfprintf.o)
                              c:/program files (x86)/embitz/1.11/share/em_armgcc/bin/../lib/gcc/arm-none-eabi/5.4.1/../../../../arm-none-eabi/lib\libg_n.a(lib_a-fprintf.o) (_vfprintf_r)
c:/program files (x86)/embitz/1.11/share/em_armgcc/bin/../lib/gcc/arm-none-eabi/5.4.1/../../../../arm-none-eabi/lib\libg_n.a(lib_a-nano-vfprintf_i.o)
                              c:/program files (x86)/embitz/1.11/share/em_armgcc/bin/../lib/gcc/arm-none-eabi/5.4.1/../../../../arm-none-eabi/lib\libg_n.a(lib_a-nano-vfprintf.o) (_printf_i)
c:/program files (x86)/embitz/1.11/share/em_armgcc/bin/../lib/gcc/arm-none-eabi/5.4.1/../../../../arm-none-eabi/lib\libg_n.a(lib_a-strlen.o)
                              obj\debug\src\platform\utilities\src\print_scan.o (strlen)
c:/program files (x86)/embitz/1.11/share/em_armgcc/bin/../lib/gcc/arm-none-eabi/5.4.1/../../../../arm-none-eabi/lib\libg_n.a(lib_a-wbuf.o)
                              c:/program files (x86)/embitz/1.11/share/em_armgcc/bin/../lib/gcc/arm-none-eabi/5.4.1/../../../../arm-none-eabi/lib\libg_n.a(lib_a-nano-vfprintf.o) (__swbuf_r)
c:/program files (x86)/embitz/1.11/share/em_armgcc/bin/../lib/gcc/arm-none-eabi/5.4.1/../../../../arm-none-eabi/lib\libg_n.a(lib_a-wsetup.o)
                              c:/program files (x86)/embitz/1.11/share/em_armgcc/bin/../lib/gcc/arm-none-eabi/5.4.1/../../../../arm-none-eabi/lib\libg_n.a(lib_a-nano-vfprintf.o) (__swsetup_r)
c:/program files (x86)/embitz/1.11/share/em_armgcc/bin/../lib/gcc/arm-none-eabi/5.4.1/../../../../arm-none-eabi/lib\libg_n.a(lib_a-abort.o)
                              c:/program files (x86)/embitz/1.11/share/em_armgcc/bin/../lib/gcc/arm-none-eabi/5.4.1/../../../../arm-none-eabi/lib\libg_n.a(lib_a-assert.o) (abort)
c:/program files (x86)/embitz/1.11/share/em_armgcc/bin/../lib/gcc/arm-none-eabi/5.4.1/../../../../arm-none-eabi/lib\libg_n.a(lib_a-fflush.o)
                              c:/program files (x86)/embitz/1.11/share/em_armgcc/bin/../lib/gcc/arm-none-eabi/5.4.1/../../../../arm-none-eabi/lib\libg_n.a(lib_a-wbuf.o) (_fflush_r)
c:/program files (x86)/embitz/1.11/share/em_armgcc/bin/../lib/gcc/arm-none-eabi/5.4.1/../../../../arm-none-eabi/lib\libg_n.a(lib_a-findfp.o)
                              c:/program files (x86)/embitz/1.11/share/em_armgcc/bin/../lib/gcc/arm-none-eabi/5.4.1/../../../../arm-none-eabi/lib\libg_n.a(lib_a-nano-vfprintf.o) (__sinit)
c:/program files (x86)/embitz/1.11/share/em_armgcc/bin/../lib/gcc/arm-none-eabi/5.4.1/../../../../arm-none-eabi/lib\libg_n.a(lib_a-fvwrite.o)
[...]
Memory Configuration

Name             Origin             Length             Attributes
m_interrupts     0x1fff8000         0x00000240         xr
m_text           0x1fff8240         0x00007dc0         xr
m_data           0x20000000         0x00008000         rw
*default*        0x00000000         0xffffffff

Linker script and memory map

                0x00000400                HEAP_SIZE = DEFINED (__heap_size__)?__heap_size__:0x400
                0x00000400                STACK_SIZE = DEFINED (__stack_size__)?__stack_size__:0x400

.interrupts     0x1fff8000      0x240
                0x1fff8000                __VECTOR_TABLE = .
                0x1fff8000                . = ALIGN (0x4)
 *(.isr_vector)
 .isr_vector    0x1fff8000      0x240 obj\debug\src\platform\devices\mcimx6x\startup\gcc\startup_mcimx6x_m4.o
                0x1fff8000                __isr_vector
                0x1fff8240                . = ALIGN (0x4)

.text           0x1fff8240     0x46c4
                0x1fff8240                . = ALIGN (0x4)
 *(.text)
 .text          0x1fff8240       0x5c obj\debug\src\platform\devices\mcimx6x\startup\gcc\startup_mcimx6x_m4.o
                0x1fff8240                Reset_Handler
                0x1fff8278                _start
                0x1fff828e                eCSPI4_Handler
                0x1fff828e                FLEXCAN1_Handler
                0x1fff828e                UART3_Handler
                0x1fff828e                SNVS_Consolidated_Handler
                0x1fff828e                UART2_Handler
                0x1fff828e                GPIO1_INT3_Handler
                0x1fff828e                HardFault_Handler
                0x1fff828e                QSPI1_Handler
                0x1fff828e                SRC_Handler
                0x1fff828e                CCM2_Handler
                0x1fff828e                I2C1_Handler
                0x1fff828e                PendSV_Handler
                0x1fff828e                NMI_Handler
                0x1fff828e                SAI1_Handler
                0x1fff828e                KPP_Handler
                0x1fff828e                USB_OTG1_Handler
                0x1fff828e                CPU_Perfomance_Handler
                0x1fff828e                ENET1_Timer_Handler
                0x1fff828e                MLB_Channels_31_0_Handler
                0x1fff828e                LCDIF2_Handler
                0x1fff828e                PWM2_PWM6_Handler
                0x1fff828e                EPIT2_Handler
                0x1fff828e                SSI1_Handler
                0x1fff828e                Reserved129_Handler
                0x1fff828e                uSDHC2_Handler
                0x1fff828e                GPIO1_INT6_Handler
                0x1fff828e                CORTEX_M4_Handler
                0x1fff828e                DebugMon_Handler
                0x1fff828e                GPIO2_Combined_0_15_Handler
                0x1fff828e                RDC_Handler
                0x1fff828e                PXP_Handler
                0x1fff828e                GPIO3_Combined_16_31_Handler
                0x1fff828e                CCM1_Handler
                0x1fff828e                Reserved19_Handler
                0x1fff828e                UsageFault_Handler
                0x1fff828e                ADC1_Handler
                0x1fff828e                CPU_CTI_Trigger_Handler
                0x1fff828e                GPIO1_INT0_Handler
                0x1fff828e                PCIe4_Handler
                0x1fff828e                DefaultISR
                0x1fff828e                WDOG3_Handler
                0x1fff828e                SAI2_Handler
                0x1fff828e                PWM3_PWM7_Handler
                0x1fff828e                ENET2_Timer_Handler
                0x1fff828e                eCSPI1_Handler
                0x1fff828e                CSI1_Handler
                0x1fff828e                SJC_Handler
                0x1fff828e                GPC_Handler
                0x1fff828e                MLB_Error_Handler
                0x1fff828e                PWM1_PWM5_Handler
                0x1fff828e                Reserved128_Handler
                0x1fff828e                SRC_WDOG_Handler
                0x1fff828e                UART1_Handler
                0x1fff828e                SSI2_Handler
                0x1fff828e                eCSPI3_Handler
                0x1fff828e                BCH_Handler
                0x1fff828e                DCIC1_Handler
                0x1fff828e                PMU_BrownOutCore_Handler
                0x1fff828e                CAAM0_Handler
                0x1fff828e                ASRC_Handler
                0x1fff828e                CPU_L2_Handler
                0x1fff828e                USB_HISC_Handler
                0x1fff828e                LCDIF1_Handler
                0x1fff828e                GPIO4_Combined_16_31_Handler
                0x1fff828e                GPMI_Handler
                0x1fff828e                GPIO5_Combined_0_15_Handler
                0x1fff828e                SSI3_Handler
                0x1fff828e                I2C4_Handler
                0x1fff828e                CANFD1_Handler
                0x1fff828e                Reserved25_Handler
                0x1fff828e                TZASC_Handler
                0x1fff828e                UART4_Handler
                0x1fff828e                GPIO1_INT1_Handler
                0x1fff828e                uSDHC3_Handler
                0x1fff828e                EIM_Handler
                0x1fff828e                UART6_Handler
                0x1fff828e                GPIO6_Combined_0_15_Handler
                0x1fff828e                PCIe2_Handler
                0x1fff828e                GPIO1_INT4_Handler
                0x1fff828e                MLB_Channels_63_32_Handler
                0x1fff828e                GPIO7_Combined_16_31_Handler
                0x1fff828e                GPIO6_Combined_16_31_Handler
                0x1fff828e                GPIO2_Combined_16_31_Handler
                0x1fff828e                DCIC2_Handler
                0x1fff828e                PWM4_PWM8_Handler
                0x1fff828e                uSDHC1_Handler
                0x1fff828e                QSPI2_Handler
                0x1fff828e                CPU_Parity_Handler
                0x1fff828e                SDMA_Handler
                0x1fff828e                ENET2_Handler
                0x1fff828e                MemManage_Handler
                0x1fff828e                I2C2_Handler
                0x1fff828e                SVC_Handler
                0x1fff828e                GPIO5_Combined_16_31_Handler
                0x1fff828e                MU_A9_Handler
                0x1fff828e                DAP_Handler
                0x1fff828e                CSI2_Handler
                0x1fff828e                eCSPI2_Handler
                0x1fff828e                WDOG2_Handler
                0x1fff828e                FLEXCAN2_Handler
                0x1fff828e                SEMA4_CP0_Handler
                0x1fff828e                USB_PHY_UTMI1_Handler
                0x1fff828e                GPT_Handler
                0x1fff828e                GPIO7_Combined_0_15_Handler
                0x1fff828e                APBH_DMA_Handler
                0x1fff828e                SEMA4_CP1_Handler
                0x1fff828e                PCIe3_Handler
                0x1fff828e                GPIO1_INT5_Handler
                0x1fff828e                SNVS_Security_Handler
                0x1fff828e                GPIO1_Combined_0_15_Handler
                0x1fff828e                GPIO1_INT2_Handler
                0x1fff828e                UART5_Handler
                0x1fff828e                PCIe1_Handler
                0x1fff828e                GPIO1_INT7_Handler
                0x1fff828e                I2C3_Handler
                0x1fff828e                eCSPI5_Handler
                0x1fff828e                uSDHC4_Handler
                0x1fff828e                CSU_Handler
                0x1fff828e                GPU_Handler
                0x1fff828e                GPIO4_Combined_0_15_Handler
                0x1fff828e                EPIT1_Handler
                0x1fff828e                CAAM1_Handler
                0x1fff828e                GPIO1_Combined_16_31_Handler
                0x1fff828e                CANFD2_Handler
                0x1fff828e                USB_OTG2_Handler
                0x1fff828e                SPDIF_Handler
                0x1fff828e                GPIO3_Combined_0_15_Handler
                0x1fff828e                BusFault_Handler
                0x1fff828e                MU_M4_Handler
                0x1fff828e                SNVS_PMIC_Handler
                0x1fff828e                USB_PHY_UTMI0_Handler
                0x1fff828e                ESAI_Handler
                0x1fff828e                PMU_BrownOut_Handler
                0x1fff828e                TEMPMON_Handler
                0x1fff828e                WDOG1_Handler
                0x1fff828e                ADC2_Handler
                0x1fff828e                ENET1_Handler
 .text          0x1fff829c        0x4 c:/program files (x86)/embitz/1.11/share/em_armgcc/bin/../lib/gcc/arm-none-eabi/5.4.1\libgcc.a(_dvmd_tls.o)
                0x1fff829c                __aeabi_idiv0
                0x1fff829c                __aeabi_ldiv0
 .text          0x1fff82a0        0xe c:/program files (x86)/embitz/1.11/share/em_armgcc/bin/../lib/gcc/arm-none-eabi/5.4.1/../../../../arm-none-eabi/lib\libg_n.a(lib_a-strlen.o)
                0x1fff82a0                strlen
 *fill*         0x1fff82ae        0x2 
 .text          0x1fff82b0      0x114 c:/program files (x86)/embitz/1.11/share/em_armgcc/bin/../lib/gcc/arm-none-eabi/5.4.1\libgcc.a(_udivsi3.o)
                0x1fff82b0                __aeabi_uidiv
                0x1fff82b0                __udivsi3
                0x1fff83a4                __aeabi_uidivmod
 *(.text*)
 .text.I2C_Enable
                0x1fff83c4       0x24 obj\debug\src\app\fxas21002c\fxas21002c.o
 .text.I2C_FXAS21002C_Init
                0x1fff83e8       0x48 obj\debug\src\app\fxas21002c\fxas21002c.o
                0x1fff83e8                I2C_FXAS21002C_Init
 .text.FXAS21002C_WhoAmI_Check
                0x1fff8430       0x48 obj\debug\src\app\fxas21002c\fxas21002c.o
                0x1fff8430                FXAS21002C_WhoAmI_Check
 .text.FXAS21002C_Init
                0x1fff8478       0x30 obj\debug\src\app\fxas21002c\fxas21002c.o
                0x1fff8478                FXAS21002C_Init
 .text.FXAS21002C_GetGyro
                0x1fff84a8      0x150 obj\debug\src\app\fxas21002c\fxas21002c.o
                0x1fff84a8                FXAS21002C_GetGyro
 .text.I2C_Enable
                0x1fff85f8       0x24 obj\debug\src\app\fxos8700cq\fxos8700cq.o
 .text.I2C_FXOS8700CQ_Init
                0x1fff861c       0x48 obj\debug\src\app\fxos8700cq\fxos8700cq.o
                0x1fff861c                I2C_FXOS8700CQ_Init
 .text.FXOS8700CQ_Standby
                0x1fff8664       0x2c obj\debug\src\app\fxos8700cq\fxos8700cq.o
                0x1fff8664                FXOS8700CQ_Standby
 .text.FXOS8700CQ_Active
                0x1fff8690       0x2c obj\debug\src\app\fxos8700cq\fxos8700cq.o
                0x1fff8690                FXOS8700CQ_Active
 .text.FXOS8700CQ_Reset
                0x1fff86bc       0x1c obj\debug\src\app\fxos8700cq\fxos8700cq.o
                0x1fff86bc                FXOS8700CQ_Reset
 .text.FXOS8700CQ_WhoAmI_Check
                0x1fff86d8       0x48 obj\debug\src\app\fxos8700cq\fxos8700cq.o
                0x1fff86d8                FXOS8700CQ_WhoAmI_Check
 .text.FXOS8700CQ_Init
                0x1fff8720       0x4c obj\debug\src\app\fxos8700cq\fxos8700cq.o
                0x1fff8720                FXOS8700CQ_Init
 .text.FXOS8700CQ_GetAccel
                0x1fff876c       0xcc obj\debug\src\app\fxos8700cq\fxos8700cq.o
                0x1fff876c                FXOS8700CQ_GetAccel
 .text.I2C_SendRepeatStart
                0x1fff8838       0x24 obj\debug\src\app\i2c_rw_register\i2c_rw_register.o
 .text.I2C_SetWorkMode
                0x1fff885c       0x50 obj\debug\src\app\i2c_rw_register\i2c_rw_register.o
 .text.I2C_SetDirMode
                0x1fff88ac       0x50 obj\debug\src\app\i2c_rw_register\i2c_rw_register.o
 .text.I2C_WriteByte
                0x1fff88fc       0x20 obj\debug\src\app\i2c_rw_register\i2c_rw_register.o
 .text.I2C_ReadByte
                0x1fff891c       0x1c obj\debug\src\app\i2c_rw_register\i2c_rw_register.o
 .text.I2C_GetStatusFlag
                0x1fff8938       0x24 obj\debug\src\app\i2c_rw_register\i2c_rw_register.o
 .text.I2C_ClearStatusFlag
                0x1fff895c       0x2c obj\debug\src\app\i2c_rw_register\i2c_rw_register.o
 .text.I2C_WriteRegister
                0x1fff8988       0x4c obj\debug\src\app\i2c_rw_register\i2c_rw_register.o
                0x1fff8988                I2C_WriteRegister
 .text.I2C_ReadRegister
                0x1fff89d4       0x5c obj\debug\src\app\i2c_rw_register\i2c_rw_register.o
                0x1fff89d4                I2C_ReadRegister
 .text.I2C_MasterSendDataPolling
                0x1fff8a30       0xe8 obj\debug\src\app\i2c_rw_register\i2c_rw_register.o
                0x1fff8a30                I2C_MasterSendDataPolling
 .text.I2C_MasterReceiveDataPolling
                0x1fff8b18      0x198 obj\debug\src\app\i2c_rw_register\i2c_rw_register.o
                0x1fff8b18                I2C_MasterReceiveDataPolling
 .text.UART_Enable
                0x1fff8cb0       0x24 obj\debug\src\app\lora\lora.o
 .text.UART_SetTxFifoWatermark
                0x1fff8cd4       0x54 obj\debug\src\app\lora\lora.o
 .text.UART_SetRxFifoWatermark
                0x1fff8d28       0x4c obj\debug\src\app\lora\lora.o
 .text.UART_Lora_Init
                0x1fff8d74       0x60 obj\debug\src\app\lora\lora.o
                0x1fff8d74                UART_Lora_Init
 .text.Lora_Send
                0x1fff8dd4       0x18 obj\debug\src\app\lora\lora.o
                0x1fff8dd4                Lora_Send
 .text.NVIC_EnableIRQ
                0x1fff8dec       0x34 obj\debug\src\app\sys_delay\sys_delay.o
 .text.NVIC_SetPriority
                0x1fff8e20       0x54 obj\debug\src\app\sys_delay\sys_delay.o
 .text.SysTick_Config
                0x1fff8e74       0x44 obj\debug\src\app\sys_delay\sys_delay.o
 .text.Systick_Delay_Init
                0x1fff8eb8       0x34 obj\debug\src\app\sys_delay\sys_delay.o
                0x1fff8eb8                Systick_Delay_Init
 .text.SysTick_Handler
                0x1fff8eec       0x1c obj\debug\src\app\sys_delay\sys_delay.o
                0x1fff8eec                SysTick_Handler
 .text.ms_delay
                0x1fff8f08       0x30 obj\debug\src\app\sys_delay\sys_delay.o
                0x1fff8f08                ms_delay
 .text.AccidentDetect
                0x1fff8f38       0x5c obj\debug\src\app\w_a_d\accidentalert.o
                0x1fff8f38                AccidentDetect
 .text.hardware_init
                0x1fff8f94       0x14 obj\debug\src\app\w_a_d\hardware_init.o
                0x1fff8f94                hardware_init
 .text.main     0x1fff8fa8       0x5c obj\debug\src\app\w_a_d\main.o
                0x1fff8fa8                main
 .text.RDC_SetDomainID
                0x1fff9004       0x58 obj\debug\src\board\udoo_neo\src\board.o
 .text.RDC_SetPdapAccess
                0x1fff905c       0x54 obj\debug\src\board\udoo_neo\src\board.o
 .text.CCM_SetRootMux
                0x1fff90b0       0x60 obj\debug\src\board\udoo_neo\src\board.o
 .text.CCM_SetRootDivider
                0x1fff9110       0x60 obj\debug\src\board\udoo_neo\src\board.o
 .text.CCM_ControlGate
                0x1fff9170       0x60 obj\debug\src\board\udoo_neo\src\board.o
 .text.WDOG_DisablePowerdown
                0x1fff91d0       0x24 obj\debug\src\board\udoo_neo\src\board.o
 .text.BOARD_ClockInit
                0x1fff91f4       0x50 obj\debug\src\board\udoo_neo\src\board.o
                0x1fff91f4                BOARD_ClockInit
 .text.dbg_uart_init
                0x1fff9244       0x78 obj\debug\src\board\udoo_neo\src\board.o
                0x1fff9244                dbg_uart_init
 .text.BOARD_RdcInit
                0x1fff92bc       0x18 obj\debug\src\board\udoo_neo\src\board.o
                0x1fff92bc                BOARD_RdcInit
 .text.CCM_GetRootMux
                0x1fff92d4       0x40 obj\debug\src\board\udoo_neo\src\clock_freq.o
 .text.CCM_GetRootDivider
                0x1fff9314       0x40 obj\debug\src\board\udoo_neo\src\clock_freq.o
 .text.get_i2c_clock_freq
                0x1fff9354      0x170 obj\debug\src\board\udoo_neo\src\clock_freq.o
                0x1fff9354                get_i2c_clock_freq
 .text.get_uart_clock_freq
                0x1fff94c4       0x94 obj\debug\src\board\udoo_neo\src\clock_freq.o
                0x1fff94c4                get_uart_clock_freq
 .text.configure_uart_pins
                0x1fff9558       0x84 obj\debug\src\board\udoo_neo\src\pin_mux.o
                0x1fff9558                configure_uart_pins
 .text.SystemInit
                0x1fff95dc       0x90 obj\debug\src\platform\devices\mcimx6x\startup\system_mcimx6x_m4.o
                0x1fff95dc                SystemInit
 .text.CCM_ANALOG_IsPllBypassed
                0x1fff966c       0x30 obj\debug\src\platform\drivers\src\ccm_analog_imx6sx.o
 .text.CCM_ANALOG_GetPllFreq
                0x1fff969c      0x1bc obj\debug\src\platform\drivers\src\ccm_analog_imx6sx.o
                0x1fff969c                CCM_ANALOG_GetPllFreq
 .text.I2C_SetSlaveAddress
                0x1fff9858       0x54 obj\debug\src\platform\drivers\src\i2c_imx.o
 .text.I2C_Init
                0x1fff98ac       0x64 obj\debug\src\platform\drivers\src\i2c_imx.o
                0x1fff98ac                I2C_Init
 .text.I2C_Deinit
                0x1fff9910       0x38 obj\debug\src\platform\drivers\src\i2c_imx.o
                0x1fff9910                I2C_Deinit
 .text.I2C_SetBaudRate
                0x1fff9948       0x8c obj\debug\src\platform\drivers\src\i2c_imx.o
                0x1fff9948                I2C_SetBaudRate
 .text.I2C_SetAckBit
                0x1fff99d4       0x40 obj\debug\src\platform\drivers\src\i2c_imx.o
                0x1fff99d4                I2C_SetAckBit
 .text.UART_Init
                0x1fff9a14       0x90 obj\debug\src\platform\drivers\src\uart_imx.o
                0x1fff9a14                UART_Init
 .text.UART_Deinit
                0x1fff9aa4       0x9c obj\debug\src\platform\drivers\src\uart_imx.o
                0x1fff9aa4                UART_Deinit
 .text.UART_SetBaudRate
                0x1fff9b40      0x1a0 obj\debug\src\platform\drivers\src\uart_imx.o
                0x1fff9b40                UART_SetBaudRate
 .text.UART_GetStatusFlag
                0x1fff9ce0       0x40 obj\debug\src\platform\drivers\src\uart_imx.o
                0x1fff9ce0                UART_GetStatusFlag
 .text.UART_Enable
                0x1fff9d20       0x24 obj\debug\src\platform\utilities\src\debug_console_imx.o
 .text.UART_Putchar
                0x1fff9d44       0x20 obj\debug\src\platform\utilities\src\debug_console_imx.o
 .text.UART_Getchar
                0x1fff9d64       0x1c obj\debug\src\platform\utilities\src\debug_console_imx.o
 .text.DbgConsole_Init
                0x1fff9d80       0x78 obj\debug\src\platform\utilities\src\debug_console_imx.o
                0x1fff9d80                DbgConsole_Init
 .text._write   0x1fff9df8       0x5c obj\debug\src\platform\utilities\src\debug_console_imx.o
                0x1fff9df8                _write
 .text._read    0x1fff9e54       0x48 obj\debug\src\platform\utilities\src\debug_console_imx.o
                0x1fff9e54                _read
 .text.debug_printf
                0x1fff9e9c       0x50 obj\debug\src\platform\utilities\src\debug_console_imx.o
                0x1fff9e9c                debug_printf
 .text.debug_putc
                0x1fff9eec       0x44 obj\debug\src\platform\utilities\src\debug_console_imx.o
 .text.UART_SendDataPolling
                0x1fff9f30       0x4c obj\debug\src\platform\utilities\src\debug_console_imx.o
 .text.UART_ReceiveDataPolling
                0x1fff9f7c       0x4c obj\debug\src\platform\utilities\src\debug_console_imx.o
 .text._doprint
                0x1fff9fc8      0x740 obj\debug\src\platform\utilities\src\print_scan.o
                0x1fff9fc8                _doprint
 .text.mknumstr
                0x1fffa708      0x10c obj\debug\src\platform\utilities\src\print_scan.o
 .text.fput_pad
                0x1fffa814       0x40 obj\debug\src\platform\utilities\src\print_scan.o
 .text.__assert_func
                0x1fffa854       0x54 c:/program files (x86)/embitz/1.11/share/em_armgcc/bin/../lib/gcc/arm-none-eabi/5.4.1/../../../../arm-none-eabi/lib\libg_n.a(lib_a-assert.o)
                0x1fffa854                __assert_func
 .text.fprintf  0x1fffa8a8       0x38 c:/program files (x86)/embitz/1.11/share/em_armgcc/bin/../lib/gcc/arm-none-eabi/5.4.1/../../../../arm-none-eabi/lib\libg_n.a(lib_a-fprintf.o)
                0x1fffa8a8                fiprintf
                0x1fffa8a8                fprintf
 .text.__sfputc_r
                0x1fffa8e0       0x54 c:/program files (x86)/embitz/1.11/share/em_armgcc/bin/../lib/gcc/arm-none-eabi/5.4.1/../../../../arm-none-eabi/lib\libg_n.a(lib_a-nano-vfprintf.o)
 .text.__sfputs_r
                0x1fffa934       0x44 c:/program files (x86)/embitz/1.11/share/em_armgcc/bin/../lib/gcc/arm-none-eabi/5.4.1/../../../../arm-none-eabi/lib\libg_n.a(lib_a-nano-vfprintf.o)
                0x1fffa934                __sfputs_r
 .text._vfprintf_r
                0x1fffa978      0x364 c:/program files (x86)/embitz/1.11/share/em_armgcc/bin/../lib/gcc/arm-none-eabi/5.4.1/../../../../arm-none-eabi/lib\libg_n.a(lib_a-nano-vfprintf.o)
                0x1fffa978                _vfprintf_r
                0x1fffa978                _vfiprintf_r
 .text._printf_common
                0x1fffacdc      0x178 c:/program files (x86)/embitz/1.11/share/em_armgcc/bin/../lib/gcc/arm-none-eabi/5.4.1/../../../../arm-none-eabi/lib\libg_n.a(lib_a-nano-vfprintf_i.o)
                0x1fffacdc                _printf_common
 .text._printf_i
                0x1fffae54      0x3cc c:/program files (x86)/embitz/1.11/share/em_armgcc/bin/../lib/gcc/arm-none-eabi/5.4.1/../../../../arm-none-eabi/lib\libg_n.a(lib_a-nano-vfprintf_i.o)
                0x1fffae54                _printf_i
 .text.__swbuf_r
                0x1fffb220      0x12c c:/program files (x86)/embitz/1.11/share/em_armgcc/bin/../lib/gcc/arm-none-eabi/5.4.1/../../../../arm-none-eabi/lib\libg_n.a(lib_a-wbuf.o)
                0x1fffb220                __swbuf_r
 .text.__swsetup_r
                0x1fffb34c      0x164 c:/program files (x86)/embitz/1.11/share/em_armgcc/bin/../lib/gcc/arm-none-eabi/5.4.1/../../../../arm-none-eabi/lib\libg_n.a(lib_a-wsetup.o)
                0x1fffb34c                __swsetup_r
 .text.abort    0x1fffb4b0       0x14 c:/program files (x86)/embitz/1.11/share/em_armgcc/bin/../lib/gcc/arm-none-eabi/5.4.1/../../../../arm-none-eabi/lib\libg_n.a(lib_a-abort.o)
                0x1fffb4b0                abort
 .text.__sflush_r
                0x1fffb4c4      0x1e8 c:/program files (x86)/embitz/1.11/share/em_armgcc/bin/../lib/gcc/arm-none-eabi/5.4.1/../../../../arm-none-eabi/lib\libg_n.a(lib_a-fflush.o)
                0x1fffb4c4                __sflush_r
 .text._fflush_r
                0x1fffb6ac       0x90 c:/program files (x86)/embitz/1.11/share/em_armgcc/bin/../lib/gcc/arm-none-eabi/5.4.1/../../../../arm-none-eabi/lib\libg_n.a(lib_a-fflush.o)
                0x1fffb6ac                _fflush_r
 .text._cleanup_r
                0x1fffb73c       0x18 c:/program files (x86)/embitz/1.11/share/em_armgcc/bin/../lib/gcc/arm-none-eabi/5.4.1/../../../../arm-none-eabi/lib\libg_n.a(lib_a-findfp.o)
                0x1fffb73c                _cleanup_r
 .text.std.isra.0
                0x1fffb754       0x7c c:/program files (x86)/embitz/1.11/share/em_armgcc/bin/../lib/gcc/arm-none-eabi/5.4.1/../../../../arm-none-eabi/lib\libg_n.a(lib_a-findfp.o)
 .text.__sfmoreglue
                0x1fffb7d0       0x48 c:/program files (x86)/embitz/1.11/share/em_armgcc/bin/../lib/gcc/arm-none-eabi/5.4.1/../../../../arm-none-eabi/lib\libg_n.a(lib_a-findfp.o)
                0x1fffb7d0                __sfmoreglue
 .text.__sinit  0x1fffb818       0xa4 c:/program files (x86)/embitz/1.11/share/em_armgcc/bin/../lib/gcc/arm-none-eabi/5.4.1/../../../../arm-none-eabi/lib\libg_n.a(lib_a-findfp.o)
                0x1fffb818                __sinit
 .text.__sfp    0x1fffb8bc       0xd8 c:/program files (x86)/embitz/1.11/share/em_armgcc/bin/../lib/gcc/arm-none-eabi/5.4.1/../../../../arm-none-eabi/lib\libg_n.a(lib_a-findfp.o)
                0x1fffb8bc                __sfp
 .text._fwalk_reent
                0x1fffb994       0x74 c:/program files (x86)/embitz/1.11/share/em_armgcc/bin/../lib/gcc/arm-none-eabi/5.4.1/../../../../arm-none-eabi/lib\libg_n.a(lib_a-fwalk.o)
                0x1fffb994                _fwalk_reent
 .text.__swhatbuf_r
                0x1fffba08       0x7c c:/program files (x86)/embitz/1.11/share/em_armgcc/bin/../lib/gcc/arm-none-eabi/5.4.1/../../../../arm-none-eabi/lib\libg_n.a(lib_a-makebuf.o)
                0x1fffba08                __swhatbuf_r
 .text.__smakebuf_r
                0x1fffba84       0xd0 c:/program files (x86)/embitz/1.11/share/em_armgcc/bin/../lib/gcc/arm-none-eabi/5.4.1/../../../../arm-none-eabi/lib\libg_n.a(lib_a-makebuf.o)
                0x1fffba84                __smakebuf_r
 .text.memchr   0x1fffbb54       0x34 c:/program files (x86)/embitz/1.11/share/em_armgcc/bin/../lib/gcc/arm-none-eabi/5.4.1/../../../../arm-none-eabi/lib\libg_n.a(lib_a-memchr-stub.o)
                0x1fffbb54                memchr
 .text.memset   0x1fffbb88       0x18 c:/program files (x86)/embitz/1.11/share/em_armgcc/bin/../lib/gcc/arm-none-eabi/5.4.1/../../../../arm-none-eabi/lib\libg_n.a(lib_a-memset.o)
                0x1fffbb88                memset
 .text._free_r  0x1fffbba0      0x110 c:/program files (x86)/embitz/1.11/share/em_armgcc/bin/../lib/gcc/arm-none-eabi/5.4.1/../../../../arm-none-eabi/lib\libg_n.a(lib_a-nano-freer.o)
                0x1fffbba0                _free_r
 .text._malloc_r
                0x1fffbcb0      0x13c c:/program files (x86)/embitz/1.11/share/em_armgcc/bin/../lib/gcc/arm-none-eabi/5.4.1/../../../../arm-none-eabi/lib\libg_n.a(lib_a-nano-mallocr.o)
                0x1fffbcb0                _malloc_r
 .text._sbrk_r  0x1fffbdec       0x3c c:/program files (x86)/embitz/1.11/share/em_armgcc/bin/../lib/gcc/arm-none-eabi/5.4.1/../../../../arm-none-eabi/lib\libg_n.a(lib_a-sbrkr.o)
                0x1fffbdec                _sbrk_r
 .text._raise_r
                0x1fffbe28       0x98 c:/program files (x86)/embitz/1.11/share/em_armgcc/bin/../lib/gcc/arm-none-eabi/5.4.1/../../../../arm-none-eabi/lib\libg_n.a(lib_a-signal.o)
                0x1fffbe28                _raise_r
 .text.raise    0x1fffbec0       0x14 c:/program files (x86)/embitz/1.11/share/em_armgcc/bin/../lib/gcc/arm-none-eabi/5.4.1/../../../../arm-none-eabi/lib\libg_n.a(lib_a-signal.o)
                0x1fffbec0                raise
 .text._kill_r  0x1fffbed4       0x40 c:/program files (x86)/embitz/1.11/share/em_armgcc/bin/../lib/gcc/arm-none-eabi/5.4.1/../../../../arm-none-eabi/lib\libg_n.a(lib_a-signalr.o)
                0x1fffbed4                _kill_r
 .text._getpid_r
                0x1fffbf14       0x10 c:/program files (x86)/embitz/1.11/share/em_armgcc/bin/../lib/gcc/arm-none-eabi/5.4.1/../../../../arm-none-eabi/lib\libg_n.a(lib_a-signalr.o)
                0x1fffbf14                _getpid_r
 .text.__sread  0x1fffbf24       0x34 c:/program files (x86)/embitz/1.11/share/em_armgcc/bin/../lib/gcc/arm-none-eabi/5.4.1/../../../../arm-none-eabi/lib\libg_n.a(lib_a-stdio.o)
                0x1fffbf24                __sread
 .text.__swrite
                0x1fffbf58       0x54 c:/program files (x86)/embitz/1.11/share/em_armgcc/bin/../lib/gcc/arm-none-eabi/5.4.1/../../../../arm-none-eabi/lib\libg_n.a(lib_a-stdio.o)
                0x1fffbf58                __swrite
 .text.__sseek  0x1fffbfac       0x34 c:/program files (x86)/embitz/1.11/share/em_armgcc/bin/../lib/gcc/arm-none-eabi/5.4.1/../../../../arm-none-eabi/lib\libg_n.a(lib_a-stdio.o)
                0x1fffbfac                __sseek
 .text.__sclose
                0x1fffbfe0       0x14 c:/program files (x86)/embitz/1.11/share/em_armgcc/bin/../lib/gcc/arm-none-eabi/5.4.1/../../../../arm-none-eabi/lib\libg_n.a(lib_a-stdio.o)
                0x1fffbfe0                __sclose
 .text._write_r
                0x1fffbff4       0x44 c:/program files (x86)/embitz/1.11/share/em_armgcc/bin/../lib/gcc/arm-none-eabi/5.4.1/../../../../arm-none-eabi/lib\libg_n.a(lib_a-writer.o)
                0x1fffbff4                _write_r
 .text._close_r
                0x1fffc038       0x3c c:/program files (x86)/embitz/1.11/share/em_armgcc/bin/../lib/gcc/arm-none-eabi/5.4.1/../../../../arm-none-eabi/lib\libg_n.a(lib_a-closer.o)
                0x1fffc038                _close_r
 .text._fstat_r
                0x1fffc074       0x40 c:/program files (x86)/embitz/1.11/share/em_armgcc/bin/../lib/gcc/arm-none-eabi/5.4.1/../../../../arm-none-eabi/lib\libg_n.a(lib_a-fstatr.o)
                0x1fffc074                _fstat_r
 .text._isatty_r
                0x1fffc0b4       0x3c c:/program files (x86)/embitz/1.11/share/em_armgcc/bin/../lib/gcc/arm-none-eabi/5.4.1/../../../../arm-none-eabi/lib\libg_n.a(lib_a-isattyr.o)
                0x1fffc0b4                _isatty_r
 .text._lseek_r
                0x1fffc0f0       0x44 c:/program files (x86)/embitz/1.11/share/em_armgcc/bin/../lib/gcc/arm-none-eabi/5.4.1/../../../../arm-none-eabi/lib\libg_n.a(lib_a-lseekr.o)
                0x1fffc0f0                _lseek_r
 .text.__malloc_lock
                0x1fffc134        0x4 c:/program files (x86)/embitz/1.11/share/em_armgcc/bin/../lib/gcc/arm-none-eabi/5.4.1/../../../../arm-none-eabi/lib\libg_n.a(lib_a-mlock.o)
                0x1fffc134                __malloc_lock
 .text.__malloc_unlock
                0x1fffc138        0x4 c:/program files (x86)/embitz/1.11/share/em_armgcc/bin/../lib/gcc/arm-none-eabi/5.4.1/../../../../arm-none-eabi/lib\libg_n.a(lib_a-mlock.o)
                0x1fffc138                __malloc_unlock
 .text._read_r  0x1fffc13c       0x44 c:/program files (x86)/embitz/1.11/share/em_armgcc/bin/../lib/gcc/arm-none-eabi/5.4.1/../../../../arm-none-eabi/lib\libg_n.a(lib_a-readr.o)
                0x1fffc13c                _read_r
 .text._close   0x1fffc180       0x18 c:/program files (x86)/embitz/1.11/share/em_armgcc/bin/../lib/gcc/arm-none-eabi/5.4.1/../../../../arm-none-eabi/lib\libnosys_s.a(close.o)
                0x1fffc180                _close
 .text._fstat   0x1fffc198       0x18 c:/program files (x86)/embitz/1.11/share/em_armgcc/bin/../lib/gcc/arm-none-eabi/5.4.1/../../../../arm-none-eabi/lib\libnosys_s.a(fstat.o)
                0x1fffc198                _fstat
 .text._getpid  0x1fffc1b0       0x18 c:/program files (x86)/embitz/1.11/share/em_armgcc/bin/../lib/gcc/arm-none-eabi/5.4.1/../../../../arm-none-eabi/lib\libnosys_s.a(getpid.o)
                0x1fffc1b0                _getpid
 .text._isatty  0x1fffc1c8       0x18 c:/program files (x86)/embitz/1.11/share/em_armgcc/bin/../lib/gcc/arm-none-eabi/5.4.1/../../../../arm-none-eabi/lib\libnosys_s.a(isatty.o)
                0x1fffc1c8                _isatty
 .text._kill    0x1fffc1e0       0x18 c:/program files (x86)/embitz/1.11/share/em_armgcc/bin/../lib/gcc/arm-none-eabi/5.4.1/../../../../arm-none-eabi/lib\libnosys_s.a(kill.o)
                0x1fffc1e0                _kill
 .text._lseek   0x1fffc1f8       0x18 c:/program files (x86)/embitz/1.11/share/em_armgcc/bin/../lib/gcc/arm-none-eabi/5.4.1/../../../../arm-none-eabi/lib\libnosys_s.a(lseek.o)
                0x1fffc1f8                _lseek
 .text._sbrk    0x1fffc210       0x30 c:/program files (x86)/embitz/1.11/share/em_armgcc/bin/../lib/gcc/arm-none-eabi/5.4.1/../../../../arm-none-eabi/lib\libnosys_s.a(sbrk.o)
                0x1fffc210                _sbrk
 .text._exit    0x1fffc240        0x4 c:/program files (x86)/embitz/1.11/share/em_armgcc/bin/../lib/gcc/arm-none-eabi/5.4.1/../../../../arm-none-eabi/lib\libnosys_s.a(_exit.o)
                0x1fffc240                _exit
 *(.rodata)
 .rodata        0x1fffc244       0x59 obj\debug\src\app\fxas21002c\fxas21002c.o
 *fill*         0x1fffc29d        0x3 
 .rodata        0x1fffc2a0       0x59 obj\debug\src\app\fxos8700cq\fxos8700cq.o
 *fill*         0x1fffc2f9        0x3 
 .rodata        0x1fffc2fc       0xa6 obj\debug\src\app\i2c_rw_register\i2c_rw_register.o
 *fill*         0x1fffc3a2        0x2 
 .rodata        0x1fffc3a4       0x64 obj\debug\src\app\lora\lora.o
 .rodata        0x1fffc408       0x44 obj\debug\src\board\udoo_neo\src\board.o
 .rodata        0x1fffc44c       0x83 obj\debug\src\platform\drivers\src\i2c_imx.o
 *fill*         0x1fffc4cf        0x1 
 .rodata        0x1fffc4d0      0x12a obj\debug\src\platform\drivers\src\uart_imx.o
 *(.rodata*)
 *fill*         0x1fffc5fa        0x2 
 .rodata.__func__.8707
                0x1fffc5fc       0x10 obj\debug\src\app\i2c_rw_register\i2c_rw_register.o
 .rodata.__func__.8712
                0x1fffc60c        0xf obj\debug\src\app\i2c_rw_register\i2c_rw_register.o
 *fill*         0x1fffc61b        0x1 
 .rodata.__func__.8146
                0x1fffc61c       0x18 obj\debug\src\app\lora\lora.o
 .rodata.__func__.8151
                0x1fffc634       0x18 obj\debug\src\app\lora\lora.o
 .rodata.wheelchairID
                0x1fffc64c        0x8 obj\debug\src\app\w_a_d\accidentalert.o
                0x1fffc64c                wheelchairID
 .rodata.__func__.8967
                0x1fffc654       0x10 obj\debug\src\board\udoo_neo\src\board.o
 .rodata.i2cClkDivTab
                0x1fffc664      0x190 obj\debug\src\platform\drivers\src\i2c_imx.o
 .rodata.__func__.8054
                0x1fffc7f4        0x9 obj\debug\src\platform\drivers\src\i2c_imx.o
 *fill*         0x1fffc7fd        0x3 
 .rodata.__func__.8014
                0x1fffc800       0x14 obj\debug\src\platform\drivers\src\i2c_imx.o
 .rodata.__func__.8065
                0x1fffc814       0x10 obj\debug\src\platform\drivers\src\i2c_imx.o
 .rodata.__func__.8234
                0x1fffc824        0xa obj\debug\src\platform\drivers\src\uart_imx.o
 .rodata.str1.1
                0x1fffc82e       0x3c c:/program files (x86)/embitz/1.11/share/em_armgcc/bin/../lib/gcc/arm-none-eabi/5.4.1/../../../../arm-none-eabi/lib\libg_n.a(lib_a-assert.o)
                                 0x3d (size before relaxing)
 .rodata.str1.1
                0x1fffc86a        0x2 c:/program files (x86)/embitz/1.11/share/em_armgcc/bin/../lib/gcc/arm-none-eabi/5.4.1/../../../../arm-none-eabi/lib\libg_n.a(lib_a-impure.o)
 .rodata._global_impure_ptr
                0x1fffc86c        0x4 c:/program files (x86)/embitz/1.11/share/em_armgcc/bin/../lib/gcc/arm-none-eabi/5.4.1/../../../../arm-none-eabi/lib\libg_n.a(lib_a-impure.o)
                0x1fffc86c                _global_impure_ptr
 .rodata.str1.1
                0x1fffc870       0x11 c:/program files (x86)/embitz/1.11/share/em_armgcc/bin/../lib/gcc/arm-none-eabi/5.4.1/../../../../arm-none-eabi/lib\libg_n.a(lib_a-nano-vfprintf.o)
 .rodata.str1.1
                0x1fffc881       0x22 c:/program files (x86)/embitz/1.11/share/em_armgcc/bin/../lib/gcc/arm-none-eabi/5.4.1/../../../../arm-none-eabi/lib\libg_n.a(lib_a-nano-vfprintf_i.o)
 *fill*         0x1fffc8a3        0x1 
 .rodata.__sf_fake_stdin
                0x1fffc8a4       0x20 c:/program files (x86)/embitz/1.11/share/em_armgcc/bin/../lib/gcc/arm-none-eabi/5.4.1/../../../../arm-none-eabi/lib\libg_n.a(lib_a-findfp.o)
                0x1fffc8a4                __sf_fake_stdin
 .rodata.__sf_fake_stdout
                0x1fffc8c4       0x20 c:/program files (x86)/embitz/1.11/share/em_armgcc/bin/../lib/gcc/arm-none-eabi/5.4.1/../../../../arm-none-eabi/lib\libg_n.a(lib_a-findfp.o)
                0x1fffc8c4                __sf_fake_stdout
 .rodata.__sf_fake_stderr
                0x1fffc8e4       0x20 c:/program files (x86)/embitz/1.11/share/em_armgcc/bin/../lib/gcc/arm-none-eabi/5.4.1/../../../../arm-none-eabi/lib\libg_n.a(lib_a-findfp.o)
                0x1fffc8e4                __sf_fake_stderr
 *(.glue_7)
 .glue_7        0x1fffc904        0x0 linker stubs
 *(.glue_7t)
 .glue_7t       0x1fffc904        0x0 linker stubs
 *(.eh_frame)
 *(.init)
 *(.fini)
                0x1fffc904                . = ALIGN (0x4)

.vfp11_veneer   0x1fffc904        0x0
 .vfp11_veneer  0x1fffc904        0x0 linker stubs

.v4_bx          0x1fffc904        0x0
 .v4_bx         0x1fffc904        0x0 linker stubs

.iplt           0x1fffc904        0x0
 .iplt          0x1fffc904        0x0 obj\debug\src\app\fxas21002c\fxas21002c.o

.rel.dyn        0x1fffc904        0x0
 .rel.iplt      0x1fffc904        0x0 obj\debug\src\app\fxas21002c\fxas21002c.o

.ARM.extab
 *(.ARM.extab* .gnu.linkonce.armextab.*)

.ARM            0x1fffc904        0x0
                0x1fffc904                __exidx_start = .
 *(.ARM.exidx*)
                0x1fffc904                __exidx_end = .

.ctors          0x1fffc904        0x0
                0x1fffc904                __CTOR_LIST__ = .
 *crtbegin.o(.ctors)
 *crtbegin?.o(.ctors)
 *(EXCLUDE_FILE(*crtend.o *crtend?.o) .ctors)
 *(SORT(.ctors.*))
 *(.ctors)
                0x1fffc904                __CTOR_END__ = .

.dtors          0x1fffc904        0x0
                0x1fffc904                __DTOR_LIST__ = .
 *crtbegin.o(.dtors)
 *crtbegin?.o(.dtors)
 *(EXCLUDE_FILE(*crtend.o *crtend?.o) .dtors)
 *(SORT(.dtors.*))
 *(.dtors)
                0x1fffc904                __DTOR_END__ = .

.preinit_array  0x1fffc904        0x0
                [!provide]                PROVIDE (__preinit_array_start, .)
 *(.preinit_array*)
                [!provide]                PROVIDE (__preinit_array_end, .)

.init_array     0x1fffc904        0x0
                [!provide]                PROVIDE (__init_array_start, .)
 *(SORT(.init_array.*))
 *(.init_array*)
                [!provide]                PROVIDE (__init_array_end, .)

.fini_array     0x1fffc904        0x0
                [!provide]                PROVIDE (__fini_array_start, .)
 *(SORT(.fini_array.*))
 *(.fini_array*)
                [!provide]                PROVIDE (__fini_array_end, .)
                0x1fffc904                __etext = .
                0x1fffc904                __DATA_ROM = .

.data           0x20000000       0x68 load address 0x1fffc904
                0x20000000                . = ALIGN (0x4)
                0x20000000                __DATA_RAM = .
                0x20000000                __data_start__ = .
 *(.data)
 *(.data*)
 .data.SystemCoreClock
                0x20000000        0x4 obj\debug\src\platform\devices\mcimx6x\startup\system_mcimx6x_m4.o
                0x20000000                SystemCoreClock
 .data.impure_data
                0x20000004       0x60 c:/program files (x86)/embitz/1.11/share/em_armgcc/bin/../lib/gcc/arm-none-eabi/5.4.1/../../../../arm-none-eabi/lib\libg_n.a(lib_a-impure.o)
 .data._impure_ptr
                0x20000064        0x4 c:/program files (x86)/embitz/1.11/share/em_armgcc/bin/../lib/gcc/arm-none-eabi/5.4.1/../../../../arm-none-eabi/lib\libg_n.a(lib_a-impure.o)
                0x20000064                _impure_ptr
 *(.jcr*)
                0x20000068                . = ALIGN (0x4)
                0x20000068                __data_end__ = .
                0x1fffc96c                __DATA_END = (__DATA_ROM + (__data_end__ - __data_start__))
                0x20000000                text_end = (ORIGIN (m_text) + LENGTH (m_text))
                0x00000001                ASSERT ((__DATA_END <= text_end), region m_text overflowed with text and data)

.igot.plt       0x20000068        0x0 load address 0x1fffc96c
 .igot.plt      0x20000068        0x0 obj\debug\src\app\fxas21002c\fxas21002c.o

.bss            0x20000068       0x70 load address 0x1fffc96c
                0x20000068                . = ALIGN (0x4)
                0x20000068                __START_BSS = .
                0x20000068                __bss_start__ = .
 *(.bss)
 *(.bss*)
 .bss.txBuffer  0x20000068        0x5 obj\debug\src\app\i2c_rw_register\i2c_rw_register.o
 *fill*         0x2000006d        0x3 
 .bss.rxBuffer  0x20000070        0xd obj\debug\src\app\i2c_rw_register\i2c_rw_register.o
 *fill*         0x2000007d        0x3 
 .bss.cmdBuffer
                0x20000080        0x5 obj\debug\src\app\i2c_rw_register\i2c_rw_register.o
 *fill*         0x20000085        0x3 
 .bss.s_debugConsole
                0x20000088       0x10 obj\debug\src\platform\utilities\src\debug_console_imx.o
 .bss.__malloc_sbrk_start
                0x20000098        0x4 c:/program files (x86)/embitz/1.11/share/em_armgcc/bin/../lib/gcc/arm-none-eabi/5.4.1/../../../../arm-none-eabi/lib\libg_n.a(lib_a-nano-mallocr.o)
                0x20000098                __malloc_sbrk_start
 .bss.__malloc_free_list
                0x2000009c        0x4 c:/program files (x86)/embitz/1.11/share/em_armgcc/bin/../lib/gcc/arm-none-eabi/5.4.1/../../../../arm-none-eabi/lib\libg_n.a(lib_a-nano-mallocr.o)
                0x2000009c                __malloc_free_list
 .bss.heap_end.4167
                0x200000a0        0x4 c:/program files (x86)/embitz/1.11/share/em_armgcc/bin/../lib/gcc/arm-none-eabi/5.4.1/../../../../arm-none-eabi/lib\libnosys_s.a(sbrk.o)
 *(COMMON)
 COMMON         0x200000a4       0x1c obj\debug\src\app\fxas21002c\fxas21002c.o
                0x200000a4                Yaw
                0x200000a8                Zout_Gyro_16_bit
                0x200000aa                Yout_Gyro_16_bit
                0x200000ac                Temp
                0x200000b0                Roll
                0x200000b4                GyroData
                0x200000ba                Xout_Gyro_16_bit
                0x200000bc                Pitch
 COMMON         0x200000c0        0xe obj\debug\src\app\fxos8700cq\fxos8700cq.o
                0x200000c0                AccelData
                0x200000c8                MagData
 *fill*         0x200000ce        0x2 
 COMMON         0x200000d0        0x4 obj\debug\src\app\sys_delay\sys_delay.o
                0x200000d0                msTicks
 COMMON         0x200000d4        0x4 c:/program files (x86)/embitz/1.11/share/em_armgcc/bin/../lib/gcc/arm-none-eabi/5.4.1/../../../../arm-none-eabi/lib\libg_n.a(lib_a-reent.o)
                0x200000d4                errno
                0x200000d8                . = ALIGN (0x4)
                0x200000d8                __bss_end__ = .
                0x200000d8                __END_BSS = .

.heap           0x200000d8      0x400 load address 0x1fffc9dc
                0x200000d8                . = ALIGN (0x8)
                0x200000d8                __end__ = .
                0x200000d8                PROVIDE (end, .)
                0x200000d8                __HeapBase = .
                0x200004d8                . = (. + HEAP_SIZE)
 *fill*         0x200000d8      0x400 
                0x200004d8                __HeapLimit = .

.stack          0x200004d8      0x400 load address 0x1fffcddc
                0x200004d8                . = ALIGN (0x8)
                0x200008d8                . = (. + STACK_SIZE)
 *fill*         0x200004d8      0x400 
                0x20008000                __StackTop = (ORIGIN (m_data) + LENGTH (m_data))
                0x20007c00                __StackLimit = (__StackTop - STACK_SIZE)
                [!provide]                PROVIDE (__stack, __StackTop)

.ARM.attributes
                0x00000000       0x35
 *(.ARM.attributes)
 .ARM.attributes
                0x00000000       0x35 obj\debug\src\app\fxas21002c\fxas21002c.o
 .ARM.attributes
                0x00000035       0x35 obj\debug\src\app\fxos8700cq\fxos8700cq.o
 .ARM.attributes
                0x0000006a       0x35 obj\debug\src\app\i2c_rw_register\i2c_rw_register.o
 .ARM.attributes
                0x0000009f       0x35 obj\debug\src\app\lora\lora.o
 .ARM.attributes
                0x000000d4       0x35 obj\debug\src\app\sys_delay\sys_delay.o
 .ARM.attributes
                0x00000109       0x35 obj\debug\src\app\w_a_d\accidentalert.o
 .ARM.attributes
                0x0000013e       0x35 obj\debug\src\app\w_a_d\hardware_init.o
 .ARM.attributes
                0x00000173       0x35 obj\debug\src\app\w_a_d\main.o
 .ARM.attributes
                0x000001a8       0x35 obj\debug\src\board\udoo_neo\src\board.o
 .ARM.attributes
                0x000001dd       0x35 obj\debug\src\board\udoo_neo\src\clock_freq.o
 .ARM.attributes
                0x00000212       0x35 obj\debug\src\board\udoo_neo\src\pin_mux.o
 .ARM.attributes
                0x00000247       0x1b obj\debug\src\platform\devices\mcimx6x\startup\gcc\startup_mcimx6x_m4.o
 .ARM.attributes
                0x00000262       0x35 obj\debug\src\platform\devices\mcimx6x\startup\system_mcimx6x_m4.o
 .ARM.attributes
                0x00000297       0x35 obj\debug\src\platform\drivers\src\ccm_analog_imx6sx.o
 .ARM.attributes
                0x000002cc       0x35 obj\debug\src\platform\drivers\src\i2c_imx.o
 .ARM.attributes
                0x00000301       0x35 obj\debug\src\platform\drivers\src\uart_imx.o
 .ARM.attributes
                0x00000336       0x35 obj\debug\src\platform\utilities\src\debug_console_imx.o
 .ARM.attributes
                0x0000036b       0x35 obj\debug\src\platform\utilities\src\print_scan.o
 .ARM.attributes
                0x000003a0       0x18 c:/program files (x86)/embitz/1.11/share/em_armgcc/bin/../lib/gcc/arm-none-eabi/5.4.1\libgcc.a(_dvmd_tls.o)
 .ARM.attributes
                0x000003b8       0x30 c:/program files (x86)/embitz/1.11/share/em_armgcc/bin/../lib/gcc/arm-none-eabi/5.4.1/../../../../arm-none-eabi/lib\libg_n.a(lib_a-assert.o)
 .ARM.attributes
                0x000003e8       0x30 c:/program files (x86)/embitz/1.11/share/em_armgcc/bin/../lib/gcc/arm-none-eabi/5.4.1/../../../../arm-none-eabi/lib\libg_n.a(lib_a-fprintf.o)
 .ARM.attributes
                0x00000418       0x30 c:/program files (x86)/embitz/1.11/share/em_armgcc/bin/../lib/gcc/arm-none-eabi/5.4.1/../../../../arm-none-eabi/lib\libg_n.a(lib_a-impure.o)
 .ARM.attributes
                0x00000448       0x30 c:/program files (x86)/embitz/1.11/share/em_armgcc/bin/../lib/gcc/arm-none-eabi/5.4.1/../../../../arm-none-eabi/lib\libg_n.a(lib_a-nano-vfprintf.o)
 .ARM.attributes
                0x00000478       0x30 c:/program files (x86)/embitz/1.11/share/em_armgcc/bin/../lib/gcc/arm-none-eabi/5.4.1/../../../../arm-none-eabi/lib\libg_n.a(lib_a-nano-vfprintf_i.o)
 .ARM.attributes
                0x000004a8       0x1c c:/program files (x86)/embitz/1.11/share/em_armgcc/bin/../lib/gcc/arm-none-eabi/5.4.1/../../../../arm-none-eabi/lib\libg_n.a(lib_a-strlen.o)
 .ARM.attributes
                0x000004c4       0x30 c:/program files (x86)/embitz/1.11/share/em_armgcc/bin/../lib/gcc/arm-none-eabi/5.4.1/../../../../arm-none-eabi/lib\libg_n.a(lib_a-wbuf.o)
 .ARM.attributes
                0x000004f4       0x30 c:/program files (x86)/embitz/1.11/share/em_armgcc/bin/../lib/gcc/arm-none-eabi/5.4.1/../../../../arm-none-eabi/lib\libg_n.a(lib_a-wsetup.o)
 .ARM.attributes
                0x00000524       0x30 c:/program files (x86)/embitz/1.11/share/em_armgcc/bin/../lib/gcc/arm-none-eabi/5.4.1/../../../../arm-none-eabi/lib\libg_n.a(lib_a-abort.o)
 .ARM.attributes
                0x00000554       0x30 c:/program files (x86)/embitz/1.11/share/em_armgcc/bin/../lib/gcc/arm-none-eabi/5.4.1/../../../../arm-none-eabi/lib\libg_n.a(lib_a-fflush.o)
 .ARM.attributes
                0x00000584       0x30 c:/program files (x86)/embitz/1.11/share/em_armgcc/bin/../lib/gcc/arm-none-eabi/5.4.1/../../../../arm-none-eabi/lib\libg_n.a(lib_a-findfp.o)
 .ARM.attributes
                0x000005b4       0x30 c:/program files (x86)/embitz/1.11/share/em_armgcc/bin/../lib/gcc/arm-none-eabi/5.4.1/../../../../arm-none-eabi/lib\libg_n.a(lib_a-fwalk.o)
 .ARM.attributes
                0x000005e4       0x30 c:/program files (x86)/embitz/1.11/share/em_armgcc/bin/../lib/gcc/arm-none-eabi/5.4.1/../../../../arm-none-eabi/lib\libg_n.a(lib_a-makebuf.o)
 .ARM.attributes
                0x00000614       0x30 c:/program files (x86)/embitz/1.11/share/em_armgcc/bin/../lib/gcc/arm-none-eabi/5.4.1/../../../../arm-none-eabi/lib\libg_n.a(lib_a-memchr-stub.o)
 .ARM.attributes
                0x00000644       0x30 c:/program files (x86)/embitz/1.11/share/em_armgcc/bin/../lib/gcc/arm-none-eabi/5.4.1/../../../../arm-none-eabi/lib\libg_n.a(lib_a-memset.o)
 .ARM.attributes
                0x00000674       0x30 c:/program files (x86)/embitz/1.11/share/em_armgcc/bin/../lib/gcc/arm-none-eabi/5.4.1/../../../../arm-none-eabi/lib\libg_n.a(lib_a-nano-freer.o)
 .ARM.attributes
                0x000006a4       0x30 c:/program files (x86)/embitz/1.11/share/em_armgcc/bin/../lib/gcc/arm-none-eabi/5.4.1/../../../../arm-none-eabi/lib\libg_n.a(lib_a-nano-mallocr.o)
 .ARM.attributes
                0x000006d4       0x30 c:/program files (x86)/embitz/1.11/share/em_armgcc/bin/../lib/gcc/arm-none-eabi/5.4.1/../../../../arm-none-eabi/lib\libg_n.a(lib_a-sbrkr.o)
 .ARM.attributes
                0x00000704       0x30 c:/program files (x86)/embitz/1.11/share/em_armgcc/bin/../lib/gcc/arm-none-eabi/5.4.1/../../../../arm-none-eabi/lib\libg_n.a(lib_a-signal.o)
 .ARM.attributes
                0x00000734       0x30 c:/program files (x86)/embitz/1.11/share/em_armgcc/bin/../lib/gcc/arm-none-eabi/5.4.1/../../../../arm-none-eabi/lib\libg_n.a(lib_a-signalr.o)
 .ARM.attributes
                0x00000764       0x30 c:/program files (x86)/embitz/1.11/share/em_armgcc/bin/../lib/gcc/arm-none-eabi/5.4.1/../../../../arm-none-eabi/lib\libg_n.a(lib_a-stdio.o)
 .ARM.attributes
                0x00000794       0x30 c:/program files (x86)/embitz/1.11/share/em_armgcc/bin/../lib/gcc/arm-none-eabi/5.4.1/../../../../arm-none-eabi/lib\libg_n.a(lib_a-writer.o)
 .ARM.attributes
                0x000007c4       0x30 c:/program files (x86)/embitz/1.11/share/em_armgcc/bin/../lib/gcc/arm-none-eabi/5.4.1/../../../../arm-none-eabi/lib\libg_n.a(lib_a-closer.o)
 .ARM.attributes
                0x000007f4       0x30 c:/program files (x86)/embitz/1.11/share/em_armgcc/bin/../lib/gcc/arm-none-eabi/5.4.1/../../../../arm-none-eabi/lib\libg_n.a(lib_a-fstatr.o)
 .ARM.attributes
                0x00000824       0x30 c:/program files (x86)/embitz/1.11/share/em_armgcc/bin/../lib/gcc/arm-none-eabi/5.4.1/../../../../arm-none-eabi/lib\libg_n.a(lib_a-isattyr.o)
 .ARM.attributes
                0x00000854       0x30 c:/program files (x86)/embitz/1.11/share/em_armgcc/bin/../lib/gcc/arm-none-eabi/5.4.1/../../../../arm-none-eabi/lib\libg_n.a(lib_a-lseekr.o)
 .ARM.attributes
                0x00000884       0x30 c:/program files (x86)/embitz/1.11/share/em_armgcc/bin/../lib/gcc/arm-none-eabi/5.4.1/../../../../arm-none-eabi/lib\libg_n.a(lib_a-mlock.o)
 .ARM.attributes
                0x000008b4       0x30 c:/program files (x86)/embitz/1.11/share/em_armgcc/bin/../lib/gcc/arm-none-eabi/5.4.1/../../../../arm-none-eabi/lib\libg_n.a(lib_a-readr.o)
 .ARM.attributes
                0x000008e4       0x30 c:/program files (x86)/embitz/1.11/share/em_armgcc/bin/../lib/gcc/arm-none-eabi/5.4.1/../../../../arm-none-eabi/lib\libg_n.a(lib_a-reent.o)
 .ARM.attributes
                0x00000914       0x18 c:/program files (x86)/embitz/1.11/share/em_armgcc/bin/../lib/gcc/arm-none-eabi/5.4.1\libgcc.a(_udivsi3.o)
 .ARM.attributes
                0x0000092c       0x30 c:/program files (x86)/embitz/1.11/share/em_armgcc/bin/../lib/gcc/arm-none-eabi/5.4.1/../../../../arm-none-eabi/lib\libnosys_s.a(close.o)
 .ARM.attributes
                0x0000095c       0x30 c:/program files (x86)/embitz/1.11/share/em_armgcc/bin/../lib/gcc/arm-none-eabi/5.4.1/../../../../arm-none-eabi/lib\libnosys_s.a(fstat.o)
 .ARM.attributes
                0x0000098c       0x30 c:/program files (x86)/embitz/1.11/share/em_armgcc/bin/../lib/gcc/arm-none-eabi/5.4.1/../../../../arm-none-eabi/lib\libnosys_s.a(getpid.o)
 .ARM.attributes
                0x000009bc       0x30 c:/program files (x86)/embitz/1.11/share/em_armgcc/bin/../lib/gcc/arm-none-eabi/5.4.1/../../../../arm-none-eabi/lib\libnosys_s.a(isatty.o)
 .ARM.attributes
                0x000009ec       0x30 c:/program files (x86)/embitz/1.11/share/em_armgcc/bin/../lib/gcc/arm-none-eabi/5.4.1/../../../../arm-none-eabi/lib\libnosys_s.a(kill.o)
 .ARM.attributes
                0x00000a1c       0x30 c:/program files (x86)/embitz/1.11/share/em_armgcc/bin/../lib/gcc/arm-none-eabi/5.4.1/../../../../arm-none-eabi/lib\libnosys_s.a(lseek.o)
 .ARM.attributes
                0x00000a4c       0x30 c:/program files (x86)/embitz/1.11/share/em_armgcc/bin/../lib/gcc/arm-none-eabi/5.4.1/../../../../arm-none-eabi/lib\libnosys_s.a(sbrk.o)
 .ARM.attributes
                0x00000a7c       0x30 c:/program files (x86)/embitz/1.11/share/em_armgcc/bin/../lib/gcc/arm-none-eabi/5.4.1/../../../../arm-none-eabi/lib\libnosys_s.a(_exit.o)
                0x00000001                ASSERT ((__StackLimit >= __HeapLimit), region m_data overflowed with stack and heap)
LOAD obj\debug\src\app\fxas21002c\fxas21002c.o
LOAD obj\debug\src\app\fxos8700cq\fxos8700cq.o
LOAD obj\debug\src\app\i2c_rw_register\i2c_rw_register.o
LOAD obj\debug\src\app\lora\lora.o
LOAD obj\debug\src\app\sys_delay\sys_delay.o
LOAD obj\debug\src\app\w_a_d\accidentalert.o
LOAD obj\debug\src\app\w_a_d\hardware_init.o
LOAD obj\debug\src\app\w_a_d\main.o
LOAD obj\debug\src\board\udoo_neo\src\board.o
LOAD obj\debug\src\board\udoo_neo\src\clock_freq.o
LOAD obj\debug\src\board\udoo_neo\src\gpio_pins.o
LOAD obj\debug\src\board\udoo_neo\src\pin_mux.o
LOAD obj\debug\src\platform\devices\mcimx6x\startup\gcc\startup_mcimx6x_m4.o
LOAD obj\debug\src\platform\devices\mcimx6x\startup\system_mcimx6x_m4.o
LOAD obj\debug\src\platform\drivers\src\adc_imx6sx.o
LOAD obj\debug\src\platform\drivers\src\ccm_analog_imx6sx.o
LOAD obj\debug\src\platform\drivers\src\ccm_imx6sx.o
LOAD obj\debug\src\platform\drivers\src\ecspi.o
LOAD obj\debug\src\platform\drivers\src\epit.o
LOAD obj\debug\src\platform\drivers\src\flexcan.o
LOAD obj\debug\src\platform\drivers\src\gpio_imx.o
LOAD obj\debug\src\platform\drivers\src\i2c_imx.o
LOAD obj\debug\src\platform\drivers\src\lmem.o
LOAD obj\debug\src\platform\drivers\src\mu_imx.o
LOAD obj\debug\src\platform\drivers\src\rdc.o
LOAD obj\debug\src\platform\drivers\src\rdc_semaphore.o
LOAD obj\debug\src\platform\drivers\src\sema4.o
LOAD obj\debug\src\platform\drivers\src\uart_imx.o
LOAD obj\debug\src\platform\drivers\src\wdog_imx.o
LOAD obj\debug\src\platform\utilities\src\debug_console_imx.o
LOAD obj\debug\src\platform\utilities\src\print_scan.o
START GROUP
LOAD c:/program files (x86)/embitz/1.11/share/em_armgcc/bin/../lib/gcc/arm-none-eabi/5.4.1\libgcc.a
LOAD c:/program files (x86)/embitz/1.11/share/em_armgcc/bin/../lib/gcc/arm-none-eabi/5.4.1/../../../../arm-none-eabi/lib\libg_n.a
LOAD c:/program files (x86)/embitz/1.11/share/em_armgcc/bin/../lib/gcc/arm-none-eabi/5.4.1/../../../../arm-none-eabi/lib\libc_n.a
END GROUP
START GROUP
LOAD c:/program files (x86)/embitz/1.11/share/em_armgcc/bin/../lib/gcc/arm-none-eabi/5.4.1\libgcc.a
LOAD c:/program files (x86)/embitz/1.11/share/em_armgcc/bin/../lib/gcc/arm-none-eabi/5.4.1/../../../../arm-none-eabi/lib\libc_n.a
LOAD c:/program files (x86)/embitz/1.11/share/em_armgcc/bin/../lib/gcc/arm-none-eabi/5.4.1/../../../../arm-none-eabi/lib\libnosys_s.a
END GROUP
OUTPUT(bin\Debug\Cortex_M4.elf elf32-littlearm)

.debug_info     0x00000000     0x933a
 .debug_info    0x00000000      0x3ce obj\debug\src\app\fxas21002c\fxas21002c.o
 .debug_info    0x000003ce      0x4bc obj\debug\src\app\fxos8700cq\fxos8700cq.o
 .debug_info    0x0000088a      0x5a6 obj\debug\src\app\i2c_rw_register\i2c_rw_register.o
 .debug_info    0x00000e30      0x64d obj\debug\src\app\lora\lora.o
 .debug_info    0x0000147d      0x83e obj\debug\src\app\sys_delay\sys_delay.o
 .debug_info    0x00001cbb      0x1a1 obj\debug\src\app\w_a_d\accidentalert.o
 .debug_info    0x00001e5c       0xab obj\debug\src\app\w_a_d\hardware_init.o
 .debug_info    0x00001f07      0x1b6 obj\debug\src\app\w_a_d\main.o
 .debug_info    0x000020bd     0x11b6 obj\debug\src\board\udoo_neo\src\board.o
 .debug_info    0x00003273      0xf98 obj\debug\src\board\udoo_neo\src\clock_freq.o
 .debug_info    0x0000420b     0x2442 obj\debug\src\board\udoo_neo\src\pin_mux.o
 .debug_info    0x0000664d       0xa2 obj\debug\src\platform\devices\mcimx6x\startup\gcc\startup_mcimx6x_m4.o
 .debug_info    0x000066ef      0x944 obj\debug\src\platform\devices\mcimx6x\startup\system_mcimx6x_m4.o
 .debug_info    0x00007033      0x698 obj\debug\src\platform\drivers\src\ccm_analog_imx6sx.o
 .debug_info    0x000076cb      0x3c1 obj\debug\src\platform\drivers\src\i2c_imx.o
 .debug_info    0x00007a8c      0x9f7 obj\debug\src\platform\drivers\src\uart_imx.o
 .debug_info    0x00008483      0x8d0 obj\debug\src\platform\utilities\src\debug_console_imx.o
 .debug_info    0x00008d53      0x5e7 obj\debug\src\platform\utilities\src\print_scan.o

.debug_abbrev   0x00000000     0x1850
 .debug_abbrev  0x00000000      0x160 obj\debug\src\app\fxas21002c\fxas21002c.o
 .debug_abbrev  0x00000160      0x196 obj\debug\src\app\fxos8700cq\fxos8700cq.o
 .debug_abbrev  0x000002f6      0x1a0 obj\debug\src\app\i2c_rw_register\i2c_rw_register.o
 .debug_abbrev  0x00000496      0x1db obj\debug\src\app\lora\lora.o
 .debug_abbrev  0x00000671      0x1c0 obj\debug\src\app\sys_delay\sys_delay.o
 .debug_abbrev  0x00000831       0xbe obj\debug\src\app\w_a_d\accidentalert.o
 .debug_abbrev  0x000008ef       0x67 obj\debug\src\app\w_a_d\hardware_init.o
 .debug_abbrev  0x00000956       0xd8 obj\debug\src\app\w_a_d\main.o
 .debug_abbrev  0x00000a2e      0x1ba obj\debug\src\board\udoo_neo\src\board.o
 .debug_abbrev  0x00000be8      0x16b obj\debug\src\board\udoo_neo\src\clock_freq.o
 .debug_abbrev  0x00000d53      0x136 obj\debug\src\board\udoo_neo\src\pin_mux.o
 .debug_abbrev  0x00000e89       0x14 obj\debug\src\platform\devices\mcimx6x\startup\gcc\startup_mcimx6x_m4.o
 .debug_abbrev  0x00000e9d      0x14d obj\debug\src\platform\devices\mcimx6x\startup\system_mcimx6x_m4.o
 .debug_abbrev  0x00000fea      0x176 obj\debug\src\platform\drivers\src\ccm_analog_imx6sx.o
 .debug_abbrev  0x00001160      0x13e obj\debug\src\platform\drivers\src\i2c_imx.o
 .debug_abbrev  0x0000129e      0x1c6 obj\debug\src\platform\drivers\src\uart_imx.o
 .debug_abbrev  0x00001464      0x253 obj\debug\src\platform\utilities\src\debug_console_imx.o
 .debug_abbrev  0x000016b7      0x199 obj\debug\src\platform\utilities\src\print_scan.o

.debug_aranges  0x00000000      0x5e0
 .debug_aranges
                0x00000000       0x58 obj\debug\src\app\fxas21002c\fxas21002c.o
 .debug_aranges
                0x00000058       0x70 obj\debug\src\app\fxos8700cq\fxos8700cq.o
 .debug_aranges
                0x000000c8       0x78 obj\debug\src\app\i2c_rw_register\i2c_rw_register.o
 .debug_aranges
                0x00000140       0x68 obj\debug\src\app\lora\lora.o
 .debug_aranges
                0x000001a8       0x48 obj\debug\src\app\sys_delay\sys_delay.o
 .debug_aranges
                0x000001f0       0x20 obj\debug\src\app\w_a_d\accidentalert.o
 .debug_aranges
                0x00000210       0x20 obj\debug\src\app\w_a_d\hardware_init.o
 .debug_aranges
                0x00000230       0x28 obj\debug\src\app\w_a_d\main.o
 .debug_aranges
                0x00000258       0x60 obj\debug\src\board\udoo_neo\src\board.o
 .debug_aranges
                0x000002b8       0x48 obj\debug\src\board\udoo_neo\src\clock_freq.o
 .debug_aranges
                0x00000300       0x40 obj\debug\src\board\udoo_neo\src\pin_mux.o
 .debug_aranges
                0x00000340       0x20 obj\debug\src\platform\devices\mcimx6x\startup\gcc\startup_mcimx6x_m4.o
 .debug_aranges
                0x00000360       0x28 obj\debug\src\platform\devices\mcimx6x\startup\system_mcimx6x_m4.o
 .debug_aranges
                0x00000388       0x50 obj\debug\src\platform\drivers\src\ccm_analog_imx6sx.o
 .debug_aranges
                0x000003d8       0x48 obj\debug\src\platform\drivers\src\i2c_imx.o
 .debug_aranges
                0x00000420       0xe8 obj\debug\src\platform\drivers\src\uart_imx.o
 .debug_aranges
                0x00000508       0x90 obj\debug\src\platform\utilities\src\debug_console_imx.o
 .debug_aranges
                0x00000598       0x48 obj\debug\src\platform\utilities\src\print_scan.o

.debug_ranges   0x00000000      0x4b0
 .debug_ranges  0x00000000       0x48 obj\debug\src\app\fxas21002c\fxas21002c.o
 .debug_ranges  0x00000048       0x60 obj\debug\src\app\fxos8700cq\fxos8700cq.o
 .debug_ranges  0x000000a8       0x68 obj\debug\src\app\i2c_rw_register\i2c_rw_register.o
 .debug_ranges  0x00000110       0x58 obj\debug\src\app\lora\lora.o
 .debug_ranges  0x00000168       0x38 obj\debug\src\app\sys_delay\sys_delay.o
 .debug_ranges  0x000001a0       0x10 obj\debug\src\app\w_a_d\accidentalert.o
 .debug_ranges  0x000001b0       0x10 obj\debug\src\app\w_a_d\hardware_init.o
 .debug_ranges  0x000001c0       0x18 obj\debug\src\app\w_a_d\main.o
 .debug_ranges  0x000001d8       0x50 obj\debug\src\board\udoo_neo\src\board.o
 .debug_ranges  0x00000228       0x38 obj\debug\src\board\udoo_neo\src\clock_freq.o
 .debug_ranges  0x00000260       0x30 obj\debug\src\board\udoo_neo\src\pin_mux.o
 .debug_ranges  0x00000290       0x18 obj\debug\src\platform\devices\mcimx6x\startup\system_mcimx6x_m4.o
 .debug_ranges  0x000002a8       0x40 obj\debug\src\platform\drivers\src\ccm_analog_imx6sx.o
 .debug_ranges  0x000002e8       0x38 obj\debug\src\platform\drivers\src\i2c_imx.o
 .debug_ranges  0x00000320       0xd8 obj\debug\src\platform\drivers\src\uart_imx.o
 .debug_ranges  0x000003f8       0x80 obj\debug\src\platform\utilities\src\debug_console_imx.o
 .debug_ranges  0x00000478       0x38 obj\debug\src\platform\utilities\src\print_scan.o

.debug_line     0x00000000     0x2edf
 .debug_line    0x00000000      0x261 obj\debug\src\app\fxas21002c\fxas21002c.o
 .debug_line    0x00000261      0x30b obj\debug\src\app\fxos8700cq\fxos8700cq.o
 .debug_line    0x0000056c      0x2fb obj\debug\src\app\i2c_rw_register\i2c_rw_register.o
 .debug_line    0x00000867      0x27f obj\debug\src\app\lora\lora.o
 .debug_line    0x00000ae6      0x231 obj\debug\src\app\sys_delay\sys_delay.o
 .debug_line    0x00000d17      0x1a3 obj\debug\src\app\w_a_d\accidentalert.o
 .debug_line    0x00000eba      0x141 obj\debug\src\app\w_a_d\hardware_init.o
 .debug_line    0x00000ffb      0x1ef obj\debug\src\app\w_a_d\main.o
 .debug_line    0x000011ea      0x2c6 obj\debug\src\board\udoo_neo\src\board.o
 .debug_line    0x000014b0      0x284 obj\debug\src\board\udoo_neo\src\clock_freq.o
 .debug_line    0x00001734      0x24a obj\debug\src\board\udoo_neo\src\pin_mux.o
 .debug_line    0x0000197e       0x9e obj\debug\src\platform\devices\mcimx6x\startup\gcc\startup_mcimx6x_m4.o
 .debug_line    0x00001a1c      0x2ac obj\debug\src\platform\devices\mcimx6x\startup\system_mcimx6x_m4.o
 .debug_line    0x00001cc8      0x28c obj\debug\src\platform\drivers\src\ccm_analog_imx6sx.o
 .debug_line    0x00001f54      0x239 obj\debug\src\platform\drivers\src\i2c_imx.o
 .debug_line    0x0000218d      0x439 obj\debug\src\platform\drivers\src\uart_imx.o
 .debug_line    0x000025c6      0x3f0 obj\debug\src\platform\utilities\src\debug_console_imx.o
 .debug_line    0x000029b6      0x529 obj\debug\src\platform\utilities\src\print_scan.o

.debug_str      0x00000000     0x7aa5
 .debug_str     0x00000000      0x33e obj\debug\src\app\fxas21002c\fxas21002c.o
                                0x3bd (size before relaxing)
 .debug_str     0x0000033e      0x1e5 obj\debug\src\app\fxos8700cq\fxos8700cq.o
                                0x4b3 (size before relaxing)
 .debug_str     0x00000523      0x2c1 obj\debug\src\app\i2c_rw_register\i2c_rw_register.o
                                0x4fa (size before relaxing)
 .debug_str     0x000007e4      0x52c obj\debug\src\app\lora\lora.o
                                0x749 (size before relaxing)
 .debug_str     0x00000d10      0x8a5 obj\debug\src\app\sys_delay\sys_delay.o
                                0xa6e (size before relaxing)
 .debug_str     0x000015b5       0x3d obj\debug\src\app\w_a_d\accidentalert.o
                                0x235 (size before relaxing)
 .debug_str     0x000015f2       0x2f obj\debug\src\app\w_a_d\hardware_init.o
                                0x1bf (size before relaxing)
 .debug_str     0x00001621       0x1d obj\debug\src\app\w_a_d\main.o
                                0x231 (size before relaxing)
 .debug_str     0x0000163e     0x17f0 obj\debug\src\board\udoo_neo\src\board.o
                               0x1a76 (size before relaxing)
 .debug_str     0x00002e2e      0x710 obj\debug\src\board\udoo_neo\src\clock_freq.o
                               0x1153 (size before relaxing)
 .debug_str     0x0000353e     0x3bed obj\debug\src\board\udoo_neo\src\pin_mux.o
                               0x3eca (size before relaxing)
 .debug_str     0x0000712b       0xe6 obj\debug\src\platform\devices\mcimx6x\startup\system_mcimx6x_m4.o
                                0x67b (size before relaxing)
 .debug_str     0x00007211      0x114 obj\debug\src\platform\drivers\src\ccm_analog_imx6sx.o
                                0x656 (size before relaxing)
 .debug_str     0x00007325       0xa3 obj\debug\src\platform\drivers\src\i2c_imx.o
                                0x322 (size before relaxing)
 .debug_str     0x000073c8      0x2ff obj\debug\src\platform\drivers\src\uart_imx.o
                                0x639 (size before relaxing)
 .debug_str     0x000076c7      0x258 obj\debug\src\platform\utilities\src\debug_console_imx.o
                                0x914 (size before relaxing)
 .debug_str     0x0000791f      0x186 obj\debug\src\platform\utilities\src\print_scan.o
                                0x389 (size before relaxing)

.comment        0x00000000       0x6e
 .comment       0x00000000       0x6e obj\debug\src\app\fxas21002c\fxas21002c.o
                                 0x6f (size before relaxing)
 .comment       0x0000006e       0x6f obj\debug\src\app\fxos8700cq\fxos8700cq.o
 .comment       0x0000006e       0x6f obj\debug\src\app\i2c_rw_register\i2c_rw_register.o
 .comment       0x0000006e       0x6f obj\debug\src\app\lora\lora.o
 .comment       0x0000006e       0x6f obj\debug\src\app\sys_delay\sys_delay.o
 .comment       0x0000006e       0x6f obj\debug\src\app\w_a_d\accidentalert.o
 .comment       0x0000006e       0x6f obj\debug\src\app\w_a_d\hardware_init.o
 .comment       0x0000006e       0x6f obj\debug\src\app\w_a_d\main.o
 .comment       0x0000006e       0x6f obj\debug\src\board\udoo_neo\src\board.o
 .comment       0x0000006e       0x6f obj\debug\src\board\udoo_neo\src\clock_freq.o
 .comment       0x0000006e       0x6f obj\debug\src\board\udoo_neo\src\pin_mux.o
 .comment       0x0000006e       0x6f obj\debug\src\platform\devices\mcimx6x\startup\system_mcimx6x_m4.o
 .comment       0x0000006e       0x6f obj\debug\src\platform\drivers\src\ccm_analog_imx6sx.o
 .comment       0x0000006e       0x6f obj\debug\src\platform\drivers\src\i2c_imx.o
 .comment       0x0000006e       0x6f obj\debug\src\platform\drivers\src\uart_imx.o
 .comment       0x0000006e       0x6f obj\debug\src\platform\utilities\src\debug_console_imx.o
 .comment       0x0000006e       0x6f obj\debug\src\platform\utilities\src\print_scan.o

.debug_frame    0x00000000     0x1f78
 .debug_frame   0x00000000      0x12c obj\debug\src\app\fxas21002c\fxas21002c.o
 .debug_frame   0x0000012c      0x190 obj\debug\src\app\fxos8700cq\fxos8700cq.o
 .debug_frame   0x000002bc      0x1d4 obj\debug\src\app\i2c_rw_register\i2c_rw_register.o
 .debug_frame   0x00000490      0x184 obj\debug\src\app\lora\lora.o
 .debug_frame   0x00000614       0xe8 obj\debug\src\app\sys_delay\sys_delay.o
 .debug_frame   0x000006fc       0x34 obj\debug\src\app\w_a_d\accidentalert.o
 .debug_frame   0x00000730       0x2c obj\debug\src\app\w_a_d\hardware_init.o
 .debug_frame   0x0000075c       0x54 obj\debug\src\app\w_a_d\main.o
 .debug_frame   0x000007b0      0x158 obj\debug\src\board\udoo_neo\src\board.o
 .debug_frame   0x00000908       0xf0 obj\debug\src\board\udoo_neo\src\clock_freq.o
 .debug_frame   0x000009f8       0xd8 obj\debug\src\board\udoo_neo\src\pin_mux.o
 .debug_frame   0x00000ad0       0x60 obj\debug\src\platform\devices\mcimx6x\startup\system_mcimx6x_m4.o
 .debug_frame   0x00000b30      0x120 obj\debug\src\platform\drivers\src\ccm_analog_imx6sx.o
 .debug_frame   0x00000c50       0xf4 obj\debug\src\platform\drivers\src\i2c_imx.o
 .debug_frame   0x00000d44      0x408 obj\debug\src\platform\drivers\src\uart_imx.o
 .debug_frame   0x0000114c      0x264 obj\debug\src\platform\utilities\src\debug_console_imx.o
 .debug_frame   0x000013b0       0xfc obj\debug\src\platform\utilities\src\print_scan.o
 .debug_frame   0x000014ac       0x40 c:/program files (x86)/embitz/1.11/share/em_armgcc/bin/../lib/gcc/arm-none-eabi/5.4.1/../../../../arm-none-eabi/lib\libg_n.a(lib_a-assert.o)
 .debug_frame   0x000014ec       0x64 c:/program files (x86)/embitz/1.11/share/em_armgcc/bin/../lib/gcc/arm-none-eabi/5.4.1/../../../../arm-none-eabi/lib\libg_n.a(lib_a-fprintf.o)
 .debug_frame   0x00001550       0xc4 c:/program files (x86)/embitz/1.11/share/em_armgcc/bin/../lib/gcc/arm-none-eabi/5.4.1/../../../../arm-none-eabi/lib\libg_n.a(lib_a-nano-vfprintf.o)
 .debug_frame   0x00001614       0x7c c:/program files (x86)/embitz/1.11/share/em_armgcc/bin/../lib/gcc/arm-none-eabi/5.4.1/../../../../arm-none-eabi/lib\libg_n.a(lib_a-nano-vfprintf_i.o)
 .debug_frame   0x00001690       0x4c c:/program files (x86)/embitz/1.11/share/em_armgcc/bin/../lib/gcc/arm-none-eabi/5.4.1/../../../../arm-none-eabi/lib\libg_n.a(lib_a-wbuf.o)
 .debug_frame   0x000016dc       0x34 c:/program files (x86)/embitz/1.11/share/em_armgcc/bin/../lib/gcc/arm-none-eabi/5.4.1/../../../../arm-none-eabi/lib\libg_n.a(lib_a-wsetup.o)
 .debug_frame   0x00001710       0x28 c:/program files (x86)/embitz/1.11/share/em_armgcc/bin/../lib/gcc/arm-none-eabi/5.4.1/../../../../arm-none-eabi/lib\libg_n.a(lib_a-abort.o)
 .debug_frame   0x00001738       0x84 c:/program files (x86)/embitz/1.11/share/em_armgcc/bin/../lib/gcc/arm-none-eabi/5.4.1/../../../../arm-none-eabi/lib\libg_n.a(lib_a-fflush.o)
 .debug_frame   0x000017bc      0x160 c:/program files (x86)/embitz/1.11/share/em_armgcc/bin/../lib/gcc/arm-none-eabi/5.4.1/../../../../arm-none-eabi/lib\libg_n.a(lib_a-findfp.o)
 .debug_frame   0x0000191c       0x68 c:/program files (x86)/embitz/1.11/share/em_armgcc/bin/../lib/gcc/arm-none-eabi/5.4.1/../../../../arm-none-eabi/lib\libg_n.a(lib_a-fwalk.o)
 .debug_frame   0x00001984       0x60 c:/program files (x86)/embitz/1.11/share/em_armgcc/bin/../lib/gcc/arm-none-eabi/5.4.1/../../../../arm-none-eabi/lib\libg_n.a(lib_a-makebuf.o)
 .debug_frame   0x000019e4       0x20 c:/program files (x86)/embitz/1.11/share/em_armgcc/bin/../lib/gcc/arm-none-eabi/5.4.1/../../../../arm-none-eabi/lib\libg_n.a(lib_a-memchr-stub.o)
 .debug_frame   0x00001a04       0x20 c:/program files (x86)/embitz/1.11/share/em_armgcc/bin/../lib/gcc/arm-none-eabi/5.4.1/../../../../arm-none-eabi/lib\libg_n.a(lib_a-memset.o)
 .debug_frame   0x00001a24       0x34 c:/program files (x86)/embitz/1.11/share/em_armgcc/bin/../lib/gcc/arm-none-eabi/5.4.1/../../../../arm-none-eabi/lib\libg_n.a(lib_a-nano-freer.o)
 .debug_frame   0x00001a58       0x34 c:/program files (x86)/embitz/1.11/share/em_armgcc/bin/../lib/gcc/arm-none-eabi/5.4.1/../../../../arm-none-eabi/lib\libg_n.a(lib_a-nano-mallocr.o)
 .debug_frame   0x00001a8c       0x34 c:/program files (x86)/embitz/1.11/share/em_armgcc/bin/../lib/gcc/arm-none-eabi/5.4.1/../../../../arm-none-eabi/lib\libg_n.a(lib_a-sbrkr.o)
 .debug_frame   0x00001ac0       0xe0 c:/program files (x86)/embitz/1.11/share/em_armgcc/bin/../lib/gcc/arm-none-eabi/5.4.1/../../../../arm-none-eabi/lib\libg_n.a(lib_a-signal.o)
 .debug_frame   0x00001ba0       0x50 c:/program files (x86)/embitz/1.11/share/em_armgcc/bin/../lib/gcc/arm-none-eabi/5.4.1/../../../../arm-none-eabi/lib\libg_n.a(lib_a-signalr.o)
 .debug_frame   0x00001bf0       0x9c c:/program files (x86)/embitz/1.11/share/em_armgcc/bin/../lib/gcc/arm-none-eabi/5.4.1/../../../../arm-none-eabi/lib\libg_n.a(lib_a-stdio.o)
 .debug_frame   0x00001c8c       0x34 c:/program files (x86)/embitz/1.11/share/em_armgcc/bin/../lib/gcc/arm-none-eabi/5.4.1/../../../../arm-none-eabi/lib\libg_n.a(lib_a-writer.o)
 .debug_frame   0x00001cc0       0x34 c:/program files (x86)/embitz/1.11/share/em_armgcc/bin/../lib/gcc/arm-none-eabi/5.4.1/../../../../arm-none-eabi/lib\libg_n.a(lib_a-closer.o)
 .debug_frame   0x00001cf4       0x34 c:/program files (x86)/embitz/1.11/share/em_armgcc/bin/../lib/gcc/arm-none-eabi/5.4.1/../../../../arm-none-eabi/lib\libg_n.a(lib_a-fstatr.o)
 .debug_frame   0x00001d28       0x34 c:/program files (x86)/embitz/1.11/share/em_armgcc/bin/../lib/gcc/arm-none-eabi/5.4.1/../../../../arm-none-eabi/lib\libg_n.a(lib_a-isattyr.o)
 .debug_frame   0x00001d5c       0x34 c:/program files (x86)/embitz/1.11/share/em_armgcc/bin/../lib/gcc/arm-none-eabi/5.4.1/../../../../arm-none-eabi/lib\libg_n.a(lib_a-lseekr.o)
 .debug_frame   0x00001d90       0x30 c:/program files (x86)/embitz/1.11/share/em_armgcc/bin/../lib/gcc/arm-none-eabi/5.4.1/../../../../arm-none-eabi/lib\libg_n.a(lib_a-mlock.o)
 .debug_frame   0x00001dc0       0x34 c:/program files (x86)/embitz/1.11/share/em_armgcc/bin/../lib/gcc/arm-none-eabi/5.4.1/../../../../arm-none-eabi/lib\libg_n.a(lib_a-readr.o)
 .debug_frame   0x00001df4       0x64 c:/program files (x86)/embitz/1.11/share/em_armgcc/bin/../lib/gcc/arm-none-eabi/5.4.1/../../../../arm-none-eabi/lib\libg_n.a(lib_a-reent.o)
 .debug_frame   0x00001e58       0x20 c:/program files (x86)/embitz/1.11/share/em_armgcc/bin/../lib/gcc/arm-none-eabi/5.4.1\libgcc.a(_udivsi3.o)
 .debug_frame   0x00001e78       0x20 c:/program files (x86)/embitz/1.11/share/em_armgcc/bin/../lib/gcc/arm-none-eabi/5.4.1/../../../../arm-none-eabi/lib\libnosys_s.a(close.o)
 .debug_frame   0x00001e98       0x20 c:/program files (x86)/embitz/1.11/share/em_armgcc/bin/../lib/gcc/arm-none-eabi/5.4.1/../../../../arm-none-eabi/lib\libnosys_s.a(fstat.o)
 .debug_frame   0x00001eb8       0x20 c:/program files (x86)/embitz/1.11/share/em_armgcc/bin/../lib/gcc/arm-none-eabi/5.4.1/../../../../arm-none-eabi/lib\libnosys_s.a(getpid.o)
 .debug_frame   0x00001ed8       0x20 c:/program files (x86)/embitz/1.11/share/em_armgcc/bin/../lib/gcc/arm-none-eabi/5.4.1/../../../../arm-none-eabi/lib\libnosys_s.a(isatty.o)
 .debug_frame   0x00001ef8       0x20 c:/program files (x86)/embitz/1.11/share/em_armgcc/bin/../lib/gcc/arm-none-eabi/5.4.1/../../../../arm-none-eabi/lib\libnosys_s.a(kill.o)
 .debug_frame   0x00001f18       0x20 c:/program files (x86)/embitz/1.11/share/em_armgcc/bin/../lib/gcc/arm-none-eabi/5.4.1/../../../../arm-none-eabi/lib\libnosys_s.a(lseek.o)
 .debug_frame   0x00001f38       0x20 c:/program files (x86)/embitz/1.11/share/em_armgcc/bin/../lib/gcc/arm-none-eabi/5.4.1/../../../../arm-none-eabi/lib\libnosys_s.a(sbrk.o)
 .debug_frame   0x00001f58       0x20 c:/program files (x86)/embitz/1.11/share/em_armgcc/bin/../lib/gcc/arm-none-eabi/5.4.1/../../../../arm-none-eabi/lib\libnosys_s.a(_exit.o)

.stab           0x00000000       0x9c
 .stab          0x00000000       0x24 c:/program files (x86)/embitz/1.11/share/em_armgcc/bin/../lib/gcc/arm-none-eabi/5.4.1/../../../../arm-none-eabi/lib\libnosys_s.a(close.o)
 .stab          0x00000024       0x18 c:/program files (x86)/embitz/1.11/share/em_armgcc/bin/../lib/gcc/arm-none-eabi/5.4.1/../../../../arm-none-eabi/lib\libnosys_s.a(fstat.o)
                                 0x24 (size before relaxing)
 .stab          0x0000003c       0x18 c:/program files (x86)/embitz/1.11/share/em_armgcc/bin/../lib/gcc/arm-none-eabi/5.4.1/../../../../arm-none-eabi/lib\libnosys_s.a(getpid.o)
                                 0x24 (size before relaxing)
 .stab          0x00000054       0x18 c:/program files (x86)/embitz/1.11/share/em_armgcc/bin/../lib/gcc/arm-none-eabi/5.4.1/../../../../arm-none-eabi/lib\libnosys_s.a(isatty.o)
                                 0x24 (size before relaxing)
 .stab          0x0000006c       0x18 c:/program files (x86)/embitz/1.11/share/em_armgcc/bin/../lib/gcc/arm-none-eabi/5.4.1/../../../../arm-none-eabi/lib\libnosys_s.a(kill.o)
                                 0x24 (size before relaxing)
 .stab          0x00000084       0x18 c:/program files (x86)/embitz/1.11/share/em_armgcc/bin/../lib/gcc/arm-none-eabi/5.4.1/../../../../arm-none-eabi/lib\libnosys_s.a(lseek.o)
                                 0x24 (size before relaxing)

.stabstr        0x00000000      0x14f
 .stabstr       0x00000000      0x14f c:/program files (x86)/embitz/1.11/share/em_armgcc/bin/../lib/gcc/arm-none-eabi/5.4.1/../../../../arm-none-eabi/lib\libnosys_s.a(close.o)
