Archive member included to satisfy reference by file (symbol)

c:/program files (x86)/embitz/1.11/share/em_armgcc/bin/../lib/gcc/arm-none-eabi/5.4.1\libgcc.a(_aeabi_uldivmod.o)
                              obj\debug\src\platform\devices\mcimx6x\startup\system_mcimx6x_m4.o (__aeabi_uldivmod)
c:/program files (x86)/embitz/1.11/share/em_armgcc/bin/../lib/gcc/arm-none-eabi/5.4.1\libgcc.a(_udivmoddi4.o)
                              c:/program files (x86)/embitz/1.11/share/em_armgcc/bin/../lib/gcc/arm-none-eabi/5.4.1\libgcc.a(_aeabi_uldivmod.o) (__udivmoddi4)
c:/program files (x86)/embitz/1.11/share/em_armgcc/bin/../lib/gcc/arm-none-eabi/5.4.1\libgcc.a(_dvmd_tls.o)
                              c:/program files (x86)/embitz/1.11/share/em_armgcc/bin/../lib/gcc/arm-none-eabi/5.4.1\libgcc.a(_aeabi_uldivmod.o) (__aeabi_ldiv0)
c:/program files (x86)/embitz/1.11/share/em_armgcc/bin/../lib/gcc/arm-none-eabi/5.4.1\libgcc.a(_clzdi2.o)
                              c:/program files (x86)/embitz/1.11/share/em_armgcc/bin/../lib/gcc/arm-none-eabi/5.4.1\libgcc.a(_udivmoddi4.o) (__clzdi2)
c:/program files (x86)/embitz/1.11/share/em_armgcc/bin/../lib/gcc/arm-none-eabi/5.4.1\libgcc.a(_clzsi2.o)
                              c:/program files (x86)/embitz/1.11/share/em_armgcc/bin/../lib/gcc/arm-none-eabi/5.4.1\libgcc.a(_clzdi2.o) (__clzsi2)
c:/program files (x86)/embitz/1.11/share/em_armgcc/bin/../lib/gcc/arm-none-eabi/5.4.1/../../../../arm-none-eabi/lib\libg_n.a(lib_a-assert.o)
                              obj\debug\src\app\i2c_rw_register\i2c_rw_register.o (__assert_func)
c:/program files (x86)/embitz/1.11/share/em_armgcc/bin/../lib/gcc/arm-none-eabi/5.4.1/../../../../arm-none-eabi/lib\libg_n.a(lib_a-fprintf.o)
                              c:/program files (x86)/embitz/1.11/share/em_armgcc/bin/../lib/gcc/arm-none-eabi/5.4.1/../../../../arm-none-eabi/lib\libg_n.a(lib_a-assert.o) (fiprintf)
c:/program files (x86)/embitz/1.11/share/em_armgcc/bin/../lib/gcc/arm-none-eabi/5.4.1/../../../../arm-none-eabi/lib\libg_n.a(lib_a-impure.o)
                              c:/program files (x86)/embitz/1.11/share/em_armgcc/bin/../lib/gcc/arm-none-eabi/5.4.1/../../../../arm-none-eabi/lib\libg_n.a(lib_a-assert.o) (_impure_ptr)
c:/program files (x86)/embitz/1.11/share/em_armgcc/bin/../lib/gcc/arm-none-eabi/5.4.1/../../../../arm-none-eabi/lib\libg_n.a(lib_a-nano-vfprintf.o)
                              c:/program files (x86)/embitz/1.11/share/em_armgcc/bin/../lib/gcc/arm-none-eabi/5.4.1/../../../../arm-none-eabi/lib\libg_n.a(lib_a-fprintf.o) (_vfprintf_r)
c:/program files (x86)/embitz/1.11/share/em_armgcc/bin/../lib/gcc/arm-none-eabi/5.4.1/../../../../arm-none-eabi/lib\libg_n.a(lib_a-nano-vfprintf_i.o)
                              c:/program files (x86)/embitz/1.11/share/em_armgcc/bin/../lib/gcc/arm-none-eabi/5.4.1/../../../../arm-none-eabi/lib\libg_n.a(lib_a-nano-vfprintf.o) (_printf_i)
c:/program files (x86)/embitz/1.11/share/em_armgcc/bin/../lib/gcc/arm-none-eabi/5.4.1/../../../../arm-none-eabi/lib\libg_n.a(lib_a-strlen.o)
                              obj\debug\src\platform\utilities\src\print_scan.o (strlen)
c:/program files (x86)/embitz/1.11/share/em_armgcc/bin/../lib/gcc/arm-none-eabi/5.4.1/../../../../arm-none-eabi/lib\libg_n.a(lib_a-wbuf.o)
                              c:/program files (x86)/embitz/1.11/share/em_armgcc/bin/../lib/gcc/arm-none-eabi/5.4.1/../../../../arm-none-eabi/lib\libg_n.a(lib_a-nano-vfprintf.o) (__swbuf_r)
c:/program files (x86)/embitz/1.11/share/em_armgcc/bin/../lib/gcc/arm-none-eabi/5.4.1/../../../../arm-none-eabi/lib\libg_n.a(lib_a-wsetup.o)
                              c:/program files (x86)/embitz/1.11/share/em_armgcc/bin/../lib/gcc/arm-none-eabi/5.4.1/../../../../arm-none-eabi/lib\libg_n.a(lib_a-nano-vfprintf.o) (__swsetup_r)
c:/program files (x86)/embitz/1.11/share/em_armgcc/bin/../lib/gcc/arm-none-eabi/5.4.1/../../../../arm-none-eabi/lib\libg_n.a(lib_a-abort.o)
                              c:/program files (x86)/embitz/1.11/share/em_armgcc/bin/../lib/gcc/arm-none-eabi/5.4.1/../../../../arm-none-eabi/lib\libg_n.a(lib_a-assert.o) (abort)
c:/program files (x86)/embitz/1.11/share/em_armgcc/bin/../lib/gcc/arm-none-eabi/5.4.1/../../../../arm-none-eabi/lib\libg_n.a(lib_a-fflush.o)
                              c:/program files (x86)/embitz/1.11/share/em_armgcc/bin/../lib/gcc/arm-none-eabi/5.4.1/../../../../arm-none-eabi/lib\libg_n.a(lib_a-wbuf.o) (_fflush_r)
c:/program files (x86)/embitz/1.11/share/em_armgcc/bin/../lib/gcc/arm-none-eabi/5.4.1/../../../../arm-none-eabi/lib\libg_n.a(lib_a-findfp.o)
                              c:/program files (x86)/embitz/1.11/share/em_armgcc/bin/../lib/gcc/arm-none-eabi/5.4.1/../../../../arm-none-eabi/lib\libg_n.a(lib_a-nano-vfprintf.o) (__sinit)
c:/program files (x86)/embitz/1.11/share/em_armgcc/bin/../lib/gcc/arm-none-eabi/5.4.1/../../../../arm-none-eabi/lib\libg_n.a(lib_a-fvwrite.o)
[...]
Memory Configuration

Name             Origin             Length             Attributes
m_interrupts     0x1fff8000         0x00000240         xr
m_text           0x1fff8240         0x00007dc0         xr
m_data           0x20000000         0x00008000         rw
*default*        0x00000000         0xffffffff

Linker script and memory map

                0x00000400                HEAP_SIZE = DEFINED (__heap_size__)?__heap_size__:0x400
                0x00000400                STACK_SIZE = DEFINED (__stack_size__)?__stack_size__:0x400

.interrupts     0x1fff8000      0x240
                0x1fff8000                __VECTOR_TABLE = .
                0x1fff8000                . = ALIGN (0x4)
 *(.isr_vector)
 .isr_vector    0x1fff8000      0x240 obj\debug\src\platform\devices\mcimx6x\startup\gcc\startup_mcimx6x_m4.o
                0x1fff8000                __isr_vector
                0x1fff8240                . = ALIGN (0x4)

.text           0x1fff8240     0x357c
                0x1fff8240                . = ALIGN (0x4)
 *(.text)
 .text          0x1fff8240       0x5c obj\debug\src\platform\devices\mcimx6x\startup\gcc\startup_mcimx6x_m4.o
                0x1fff8240                Reset_Handler
                0x1fff8278                _start
                0x1fff828e                eCSPI4_Handler
                0x1fff828e                FLEXCAN1_Handler
                0x1fff828e                UART3_Handler
                0x1fff828e                SNVS_Consolidated_Handler
                0x1fff828e                UART2_Handler
                0x1fff828e                GPIO1_INT3_Handler
                0x1fff828e                HardFault_Handler
                0x1fff828e                QSPI1_Handler
                0x1fff828e                SRC_Handler
                0x1fff828e                CCM2_Handler
                0x1fff828e                I2C1_Handler
                0x1fff828e                PendSV_Handler
                0x1fff828e                NMI_Handler
                0x1fff828e                SAI1_Handler
                0x1fff828e                KPP_Handler
                0x1fff828e                USB_OTG1_Handler
                0x1fff828e                CPU_Perfomance_Handler
                0x1fff828e                ENET1_Timer_Handler
                0x1fff828e                MLB_Channels_31_0_Handler
                0x1fff828e                LCDIF2_Handler
                0x1fff828e                PWM2_PWM6_Handler
                0x1fff828e                EPIT2_Handler
                0x1fff828e                SSI1_Handler
                0x1fff828e                Reserved129_Handler
                0x1fff828e                uSDHC2_Handler
                0x1fff828e                GPIO1_INT6_Handler
                0x1fff828e                CORTEX_M4_Handler
                0x1fff828e                DebugMon_Handler
                0x1fff828e                GPIO2_Combined_0_15_Handler
                0x1fff828e                RDC_Handler
                0x1fff828e                PXP_Handler
                0x1fff828e                GPIO3_Combined_16_31_Handler
                0x1fff828e                CCM1_Handler
                0x1fff828e                Reserved19_Handler
                0x1fff828e                UsageFault_Handler
                0x1fff828e                ADC1_Handler
                0x1fff828e                CPU_CTI_Trigger_Handler
                0x1fff828e                GPIO1_INT0_Handler
                0x1fff828e                PCIe4_Handler
                0x1fff828e                DefaultISR
                0x1fff828e                WDOG3_Handler
                0x1fff828e                SAI2_Handler
                0x1fff828e                PWM3_PWM7_Handler
                0x1fff828e                ENET2_Timer_Handler
                0x1fff828e                eCSPI1_Handler
                0x1fff828e                CSI1_Handler
                0x1fff828e                SJC_Handler
                0x1fff828e                GPC_Handler
                0x1fff828e                MLB_Error_Handler
                0x1fff828e                PWM1_PWM5_Handler
                0x1fff828e                Reserved128_Handler
                0x1fff828e                SRC_WDOG_Handler
                0x1fff828e                UART1_Handler
                0x1fff828e                SSI2_Handler
                0x1fff828e                eCSPI3_Handler
                0x1fff828e                BCH_Handler
                0x1fff828e                DCIC1_Handler
                0x1fff828e                PMU_BrownOutCore_Handler
                0x1fff828e                CAAM0_Handler
                0x1fff828e                ASRC_Handler
                0x1fff828e                CPU_L2_Handler
                0x1fff828e                USB_HISC_Handler
                0x1fff828e                LCDIF1_Handler
                0x1fff828e                GPIO4_Combined_16_31_Handler
                0x1fff828e                GPMI_Handler
                0x1fff828e                GPIO5_Combined_0_15_Handler
                0x1fff828e                SSI3_Handler
                0x1fff828e                I2C4_Handler
                0x1fff828e                CANFD1_Handler
                0x1fff828e                Reserved25_Handler
                0x1fff828e                TZASC_Handler
                0x1fff828e                UART4_Handler
                0x1fff828e                GPIO1_INT1_Handler
                0x1fff828e                uSDHC3_Handler
                0x1fff828e                EIM_Handler
                0x1fff828e                UART6_Handler
                0x1fff828e                GPIO6_Combined_0_15_Handler
                0x1fff828e                PCIe2_Handler
                0x1fff828e                GPIO1_INT4_Handler
                0x1fff828e                MLB_Channels_63_32_Handler
                0x1fff828e                GPIO7_Combined_16_31_Handler
                0x1fff828e                GPIO6_Combined_16_31_Handler
                0x1fff828e                GPIO2_Combined_16_31_Handler
                0x1fff828e                DCIC2_Handler
                0x1fff828e                PWM4_PWM8_Handler
                0x1fff828e                uSDHC1_Handler
                0x1fff828e                QSPI2_Handler
                0x1fff828e                CPU_Parity_Handler
                0x1fff828e                SDMA_Handler
                0x1fff828e                ENET2_Handler
                0x1fff828e                MemManage_Handler
                0x1fff828e                I2C2_Handler
                0x1fff828e                SVC_Handler
                0x1fff828e                GPIO5_Combined_16_31_Handler
                0x1fff828e                MU_A9_Handler
                0x1fff828e                DAP_Handler
                0x1fff828e                CSI2_Handler
                0x1fff828e                eCSPI2_Handler
                0x1fff828e                WDOG2_Handler
                0x1fff828e                FLEXCAN2_Handler
                0x1fff828e                SEMA4_CP0_Handler
                0x1fff828e                USB_PHY_UTMI1_Handler
                0x1fff828e                GPT_Handler
                0x1fff828e                GPIO7_Combined_0_15_Handler
                0x1fff828e                APBH_DMA_Handler
                0x1fff828e                SEMA4_CP1_Handler
                0x1fff828e                PCIe3_Handler
                0x1fff828e                GPIO1_INT5_Handler
                0x1fff828e                SNVS_Security_Handler
                0x1fff828e                GPIO1_Combined_0_15_Handler
                0x1fff828e                GPIO1_INT2_Handler
                0x1fff828e                UART5_Handler
                0x1fff828e                PCIe1_Handler
                0x1fff828e                GPIO1_INT7_Handler
                0x1fff828e                I2C3_Handler
                0x1fff828e                eCSPI5_Handler
                0x1fff828e                uSDHC4_Handler
                0x1fff828e                CSU_Handler
                0x1fff828e                GPU_Handler
                0x1fff828e                EPIT1_Handler
                0x1fff828e                CAAM1_Handler
                0x1fff828e                GPIO1_Combined_16_31_Handler
                0x1fff828e                CANFD2_Handler
                0x1fff828e                USB_OTG2_Handler
                0x1fff828e                SPDIF_Handler
                0x1fff828e                GPIO3_Combined_0_15_Handler
                0x1fff828e                BusFault_Handler
                0x1fff828e                MU_M4_Handler
                0x1fff828e                SNVS_PMIC_Handler
                0x1fff828e                USB_PHY_UTMI0_Handler
                0x1fff828e                ESAI_Handler
                0x1fff828e                PMU_BrownOut_Handler
                0x1fff828e                TEMPMON_Handler
                0x1fff828e                WDOG1_Handler
                0x1fff828e                ADC2_Handler
                0x1fff828e                ENET1_Handler
 .text          0x1fff829c        0x4 c:/program files (x86)/embitz/1.11/share/em_armgcc/bin/../lib/gcc/arm-none-eabi/5.4.1\libgcc.a(_dvmd_tls.o)
                0x1fff829c                __aeabi_idiv0
                0x1fff829c                __aeabi_ldiv0
 .text          0x1fff82a0        0xe c:/program files (x86)/embitz/1.11/share/em_armgcc/bin/../lib/gcc/arm-none-eabi/5.4.1/../../../../arm-none-eabi/lib\libg_n.a(lib_a-strlen.o)
                0x1fff82a0                strlen
 *fill*         0x1fff82ae        0x2 
 .text          0x1fff82b0      0x114 c:/program files (x86)/embitz/1.11/share/em_armgcc/bin/../lib/gcc/arm-none-eabi/5.4.1\libgcc.a(_udivsi3.o)
                0x1fff82b0                __aeabi_uidiv
                0x1fff82b0                __udivsi3
                0x1fff83a4                __aeabi_uidivmod
 *(.text*)
 .text.NVIC_EnableIRQ
                0x1fff83c4       0x34 obj\debug\src\app\sys_delay\sys_delay.o
 .text.NVIC_SetPriority
                0x1fff83f8       0x54 obj\debug\src\app\sys_delay\sys_delay.o
 .text.SysTick_Config
                0x1fff844c       0x44 obj\debug\src\app\sys_delay\sys_delay.o
 .text.Systick_Delay_Init
                0x1fff8490       0x34 obj\debug\src\app\sys_delay\sys_delay.o
                0x1fff8490                Systick_Delay_Init
 .text.SysTick_Handler
                0x1fff84c4       0x1c obj\debug\src\app\sys_delay\sys_delay.o
                0x1fff84c4                SysTick_Handler
 .text.ms_delay
                0x1fff84e0       0x30 obj\debug\src\app\sys_delay\sys_delay.o
                0x1fff84e0                ms_delay
 .text.hardware_init
                0x1fff8510       0x14 obj\debug\src\app\w_a_d\hardware_init.o
                0x1fff8510                hardware_init
 .text.GPIO_IsIntPending
                0x1fff8524       0x48 obj\debug\src\app\w_a_d\safebutton.o
 .text.GPIO_ClearStatusFlag
                0x1fff856c       0x44 obj\debug\src\app\w_a_d\safebutton.o
 .text.GPIO_Ctrl_InitButton
                0x1fff85b0       0x40 obj\debug\src\app\w_a_d\safebutton.o
                0x1fff85b0                GPIO_Ctrl_InitButton
 .text.GPIO_Ctrl_InitBuzzer
                0x1fff85f0       0x2c obj\debug\src\app\w_a_d\safebutton.o
                0x1fff85f0                GPIO_Ctrl_InitBuzzer
 .text.main     0x1fff861c       0x64 obj\debug\src\app\w_a_d\safebutton.o
                0x1fff861c                main
 .text.GPIO4_Combined_0_15_Handler
                0x1fff8680       0x10 obj\debug\src\app\w_a_d\safebutton.o
                0x1fff8680                GPIO4_Combined_0_15_Handler
 .text.RDC_SetDomainID
                0x1fff8690       0x58 obj\debug\src\board\udoo_neo\src\board.o
 .text.RDC_SetPdapAccess
                0x1fff86e8       0x54 obj\debug\src\board\udoo_neo\src\board.o
 .text.CCM_SetRootMux
                0x1fff873c       0x60 obj\debug\src\board\udoo_neo\src\board.o
 .text.CCM_SetRootDivider
                0x1fff879c       0x60 obj\debug\src\board\udoo_neo\src\board.o
 .text.CCM_ControlGate
                0x1fff87fc       0x60 obj\debug\src\board\udoo_neo\src\board.o
 .text.WDOG_DisablePowerdown
                0x1fff885c       0x24 obj\debug\src\board\udoo_neo\src\board.o
 .text.BOARD_ClockInit
                0x1fff8880       0x50 obj\debug\src\board\udoo_neo\src\board.o
                0x1fff8880                BOARD_ClockInit
 .text.dbg_uart_init
                0x1fff88d0       0x78 obj\debug\src\board\udoo_neo\src\board.o
                0x1fff88d0                dbg_uart_init
 .text.BOARD_RdcInit
                0x1fff8948       0x18 obj\debug\src\board\udoo_neo\src\board.o
                0x1fff8948                BOARD_RdcInit
 .text.configure_uart_pins
                0x1fff8960       0x84 obj\debug\src\board\udoo_neo\src\pin_mux.o
                0x1fff8960                configure_uart_pins
 .text.SystemInit
                0x1fff89e4       0x90 obj\debug\src\platform\devices\mcimx6x\startup\system_mcimx6x_m4.o
                0x1fff89e4                SystemInit
 .text.GPIO_Init
                0x1fff8a74      0x10c obj\debug\src\platform\drivers\src\gpio_imx.o
                0x1fff8a74                GPIO_Init
 .text.GPIO_WritePinOutput
                0x1fff8b80       0x64 obj\debug\src\platform\drivers\src\gpio_imx.o
                0x1fff8b80                GPIO_WritePinOutput
 .text.GPIO_SetPinIntMode
                0x1fff8be4       0x64 obj\debug\src\platform\drivers\src\gpio_imx.o
                0x1fff8be4                GPIO_SetPinIntMode
 .text.UART_Init
                0x1fff8c48       0x90 obj\debug\src\platform\drivers\src\uart_imx.o
                0x1fff8c48                UART_Init
 .text.UART_Deinit
                0x1fff8cd8       0x9c obj\debug\src\platform\drivers\src\uart_imx.o
                0x1fff8cd8                UART_Deinit
 .text.UART_SetBaudRate
                0x1fff8d74      0x1a0 obj\debug\src\platform\drivers\src\uart_imx.o
                0x1fff8d74                UART_SetBaudRate
 .text.UART_GetStatusFlag
                0x1fff8f14       0x40 obj\debug\src\platform\drivers\src\uart_imx.o
                0x1fff8f14                UART_GetStatusFlag
 .text.UART_Enable
                0x1fff8f54       0x24 obj\debug\src\platform\utilities\src\debug_console_imx.o
 .text.UART_Putchar
                0x1fff8f78       0x20 obj\debug\src\platform\utilities\src\debug_console_imx.o
 .text.UART_Getchar
                0x1fff8f98       0x1c obj\debug\src\platform\utilities\src\debug_console_imx.o
 .text.DbgConsole_Init
                0x1fff8fb4       0x78 obj\debug\src\platform\utilities\src\debug_console_imx.o
                0x1fff8fb4                DbgConsole_Init
 .text._write   0x1fff902c       0x5c obj\debug\src\platform\utilities\src\debug_console_imx.o
                0x1fff902c                _write
 .text._read    0x1fff9088       0x48 obj\debug\src\platform\utilities\src\debug_console_imx.o
                0x1fff9088                _read
 .text.debug_printf
                0x1fff90d0       0x50 obj\debug\src\platform\utilities\src\debug_console_imx.o
                0x1fff90d0                debug_printf
 .text.debug_putc
                0x1fff9120       0x44 obj\debug\src\platform\utilities\src\debug_console_imx.o
 .text.UART_SendDataPolling
                0x1fff9164       0x4c obj\debug\src\platform\utilities\src\debug_console_imx.o
 .text.UART_ReceiveDataPolling
                0x1fff91b0       0x4c obj\debug\src\platform\utilities\src\debug_console_imx.o
 .text._doprint
                0x1fff91fc      0x740 obj\debug\src\platform\utilities\src\print_scan.o
                0x1fff91fc                _doprint
 .text.mknumstr
                0x1fff993c      0x10c obj\debug\src\platform\utilities\src\print_scan.o
 .text.fput_pad
                0x1fff9a48       0x40 obj\debug\src\platform\utilities\src\print_scan.o
 .text.__assert_func
                0x1fff9a88       0x54 c:/program files (x86)/embitz/1.11/share/em_armgcc/bin/../lib/gcc/arm-none-eabi/5.4.1/../../../../arm-none-eabi/lib\libg_n.a(lib_a-assert.o)
                0x1fff9a88                __assert_func
 .text.fprintf  0x1fff9adc       0x38 c:/program files (x86)/embitz/1.11/share/em_armgcc/bin/../lib/gcc/arm-none-eabi/5.4.1/../../../../arm-none-eabi/lib\libg_n.a(lib_a-fprintf.o)
                0x1fff9adc                fiprintf
                0x1fff9adc                fprintf
 .text.__sfputc_r
                0x1fff9b14       0x54 c:/program files (x86)/embitz/1.11/share/em_armgcc/bin/../lib/gcc/arm-none-eabi/5.4.1/../../../../arm-none-eabi/lib\libg_n.a(lib_a-nano-vfprintf.o)
 .text.__sfputs_r
                0x1fff9b68       0x44 c:/program files (x86)/embitz/1.11/share/em_armgcc/bin/../lib/gcc/arm-none-eabi/5.4.1/../../../../arm-none-eabi/lib\libg_n.a(lib_a-nano-vfprintf.o)
                0x1fff9b68                __sfputs_r
 .text._vfprintf_r
                0x1fff9bac      0x364 c:/program files (x86)/embitz/1.11/share/em_armgcc/bin/../lib/gcc/arm-none-eabi/5.4.1/../../../../arm-none-eabi/lib\libg_n.a(lib_a-nano-vfprintf.o)
                0x1fff9bac                _vfprintf_r
                0x1fff9bac                _vfiprintf_r
 .text._printf_common
                0x1fff9f10      0x178 c:/program files (x86)/embitz/1.11/share/em_armgcc/bin/../lib/gcc/arm-none-eabi/5.4.1/../../../../arm-none-eabi/lib\libg_n.a(lib_a-nano-vfprintf_i.o)
                0x1fff9f10                _printf_common
 .text._printf_i
                0x1fffa088      0x3cc c:/program files (x86)/embitz/1.11/share/em_armgcc/bin/../lib/gcc/arm-none-eabi/5.4.1/../../../../arm-none-eabi/lib\libg_n.a(lib_a-nano-vfprintf_i.o)
                0x1fffa088                _printf_i
 .text.__swbuf_r
                0x1fffa454      0x12c c:/program files (x86)/embitz/1.11/share/em_armgcc/bin/../lib/gcc/arm-none-eabi/5.4.1/../../../../arm-none-eabi/lib\libg_n.a(lib_a-wbuf.o)
                0x1fffa454                __swbuf_r
 .text.__swsetup_r
                0x1fffa580      0x164 c:/program files (x86)/embitz/1.11/share/em_armgcc/bin/../lib/gcc/arm-none-eabi/5.4.1/../../../../arm-none-eabi/lib\libg_n.a(lib_a-wsetup.o)
                0x1fffa580                __swsetup_r
 .text.abort    0x1fffa6e4       0x14 c:/program files (x86)/embitz/1.11/share/em_armgcc/bin/../lib/gcc/arm-none-eabi/5.4.1/../../../../arm-none-eabi/lib\libg_n.a(lib_a-abort.o)
                0x1fffa6e4                abort
 .text.__sflush_r
                0x1fffa6f8      0x1e8 c:/program files (x86)/embitz/1.11/share/em_armgcc/bin/../lib/gcc/arm-none-eabi/5.4.1/../../../../arm-none-eabi/lib\libg_n.a(lib_a-fflush.o)
                0x1fffa6f8                __sflush_r
 .text._fflush_r
                0x1fffa8e0       0x90 c:/program files (x86)/embitz/1.11/share/em_armgcc/bin/../lib/gcc/arm-none-eabi/5.4.1/../../../../arm-none-eabi/lib\libg_n.a(lib_a-fflush.o)
                0x1fffa8e0                _fflush_r
 .text._cleanup_r
                0x1fffa970       0x18 c:/program files (x86)/embitz/1.11/share/em_armgcc/bin/../lib/gcc/arm-none-eabi/5.4.1/../../../../arm-none-eabi/lib\libg_n.a(lib_a-findfp.o)
                0x1fffa970                _cleanup_r
 .text.std.isra.0
                0x1fffa988       0x7c c:/program files (x86)/embitz/1.11/share/em_armgcc/bin/../lib/gcc/arm-none-eabi/5.4.1/../../../../arm-none-eabi/lib\libg_n.a(lib_a-findfp.o)
 .text.__sfmoreglue
                0x1fffaa04       0x48 c:/program files (x86)/embitz/1.11/share/em_armgcc/bin/../lib/gcc/arm-none-eabi/5.4.1/../../../../arm-none-eabi/lib\libg_n.a(lib_a-findfp.o)
                0x1fffaa04                __sfmoreglue
 .text.__sinit  0x1fffaa4c       0xa4 c:/program files (x86)/embitz/1.11/share/em_armgcc/bin/../lib/gcc/arm-none-eabi/5.4.1/../../../../arm-none-eabi/lib\libg_n.a(lib_a-findfp.o)
                0x1fffaa4c                __sinit
 .text.__sfp    0x1fffaaf0       0xd8 c:/program files (x86)/embitz/1.11/share/em_armgcc/bin/../lib/gcc/arm-none-eabi/5.4.1/../../../../arm-none-eabi/lib\libg_n.a(lib_a-findfp.o)
                0x1fffaaf0                __sfp
 .text._fwalk_reent
                0x1fffabc8       0x74 c:/program files (x86)/embitz/1.11/share/em_armgcc/bin/../lib/gcc/arm-none-eabi/5.4.1/../../../../arm-none-eabi/lib\libg_n.a(lib_a-fwalk.o)
                0x1fffabc8                _fwalk_reent
 .text.__swhatbuf_r
                0x1fffac3c       0x7c c:/program files (x86)/embitz/1.11/share/em_armgcc/bin/../lib/gcc/arm-none-eabi/5.4.1/../../../../arm-none-eabi/lib\libg_n.a(lib_a-makebuf.o)
                0x1fffac3c                __swhatbuf_r
 .text.__smakebuf_r
                0x1fffacb8       0xd0 c:/program files (x86)/embitz/1.11/share/em_armgcc/bin/../lib/gcc/arm-none-eabi/5.4.1/../../../../arm-none-eabi/lib\libg_n.a(lib_a-makebuf.o)
                0x1fffacb8                __smakebuf_r
 .text.memchr   0x1fffad88       0x34 c:/program files (x86)/embitz/1.11/share/em_armgcc/bin/../lib/gcc/arm-none-eabi/5.4.1/../../../../arm-none-eabi/lib\libg_n.a(lib_a-memchr-stub.o)
                0x1fffad88                memchr
 .text.memset   0x1fffadbc       0x18 c:/program files (x86)/embitz/1.11/share/em_armgcc/bin/../lib/gcc/arm-none-eabi/5.4.1/../../../../arm-none-eabi/lib\libg_n.a(lib_a-memset.o)
                0x1fffadbc                memset
 .text._free_r  0x1fffadd4      0x110 c:/program files (x86)/embitz/1.11/share/em_armgcc/bin/../lib/gcc/arm-none-eabi/5.4.1/../../../../arm-none-eabi/lib\libg_n.a(lib_a-nano-freer.o)
                0x1fffadd4                _free_r
 .text._malloc_r
                0x1fffaee4      0x13c c:/program files (x86)/embitz/1.11/share/em_armgcc/bin/../lib/gcc/arm-none-eabi/5.4.1/../../../../arm-none-eabi/lib\libg_n.a(lib_a-nano-mallocr.o)
                0x1fffaee4                _malloc_r
 .text._sbrk_r  0x1fffb020       0x3c c:/program files (x86)/embitz/1.11/share/em_armgcc/bin/../lib/gcc/arm-none-eabi/5.4.1/../../../../arm-none-eabi/lib\libg_n.a(lib_a-sbrkr.o)
                0x1fffb020                _sbrk_r
 .text._raise_r
                0x1fffb05c       0x98 c:/program files (x86)/embitz/1.11/share/em_armgcc/bin/../lib/gcc/arm-none-eabi/5.4.1/../../../../arm-none-eabi/lib\libg_n.a(lib_a-signal.o)
                0x1fffb05c                _raise_r
 .text.raise    0x1fffb0f4       0x14 c:/program files (x86)/embitz/1.11/share/em_armgcc/bin/../lib/gcc/arm-none-eabi/5.4.1/../../../../arm-none-eabi/lib\libg_n.a(lib_a-signal.o)
                0x1fffb0f4                raise
 .text._kill_r  0x1fffb108       0x40 c:/program files (x86)/embitz/1.11/share/em_armgcc/bin/../lib/gcc/arm-none-eabi/5.4.1/../../../../arm-none-eabi/lib\libg_n.a(lib_a-signalr.o)
                0x1fffb108                _kill_r
 .text._getpid_r
                0x1fffb148       0x10 c:/program files (x86)/embitz/1.11/share/em_armgcc/bin/../lib/gcc/arm-none-eabi/5.4.1/../../../../arm-none-eabi/lib\libg_n.a(lib_a-signalr.o)
                0x1fffb148                _getpid_r
 .text.__sread  0x1fffb158       0x34 c:/program files (x86)/embitz/1.11/share/em_armgcc/bin/../lib/gcc/arm-none-eabi/5.4.1/../../../../arm-none-eabi/lib\libg_n.a(lib_a-stdio.o)
                0x1fffb158                __sread
 .text.__swrite
                0x1fffb18c       0x54 c:/program files (x86)/embitz/1.11/share/em_armgcc/bin/../lib/gcc/arm-none-eabi/5.4.1/../../../../arm-none-eabi/lib\libg_n.a(lib_a-stdio.o)
                0x1fffb18c                __swrite
 .text.__sseek  0x1fffb1e0       0x34 c:/program files (x86)/embitz/1.11/share/em_armgcc/bin/../lib/gcc/arm-none-eabi/5.4.1/../../../../arm-none-eabi/lib\libg_n.a(lib_a-stdio.o)
                0x1fffb1e0                __sseek
 .text.__sclose
                0x1fffb214       0x14 c:/program files (x86)/embitz/1.11/share/em_armgcc/bin/../lib/gcc/arm-none-eabi/5.4.1/../../../../arm-none-eabi/lib\libg_n.a(lib_a-stdio.o)
                0x1fffb214                __sclose
 .text._write_r
                0x1fffb228       0x44 c:/program files (x86)/embitz/1.11/share/em_armgcc/bin/../lib/gcc/arm-none-eabi/5.4.1/../../../../arm-none-eabi/lib\libg_n.a(lib_a-writer.o)
                0x1fffb228                _write_r
 .text._close_r
                0x1fffb26c       0x3c c:/program files (x86)/embitz/1.11/share/em_armgcc/bin/../lib/gcc/arm-none-eabi/5.4.1/../../../../arm-none-eabi/lib\libg_n.a(lib_a-closer.o)
                0x1fffb26c                _close_r
 .text._fstat_r
                0x1fffb2a8       0x40 c:/program files (x86)/embitz/1.11/share/em_armgcc/bin/../lib/gcc/arm-none-eabi/5.4.1/../../../../arm-none-eabi/lib\libg_n.a(lib_a-fstatr.o)
                0x1fffb2a8                _fstat_r
 .text._isatty_r
                0x1fffb2e8       0x3c c:/program files (x86)/embitz/1.11/share/em_armgcc/bin/../lib/gcc/arm-none-eabi/5.4.1/../../../../arm-none-eabi/lib\libg_n.a(lib_a-isattyr.o)
                0x1fffb2e8                _isatty_r
 .text._lseek_r
                0x1fffb324       0x44 c:/program files (x86)/embitz/1.11/share/em_armgcc/bin/../lib/gcc/arm-none-eabi/5.4.1/../../../../arm-none-eabi/lib\libg_n.a(lib_a-lseekr.o)
                0x1fffb324                _lseek_r
 .text.__malloc_lock
                0x1fffb368        0x4 c:/program files (x86)/embitz/1.11/share/em_armgcc/bin/../lib/gcc/arm-none-eabi/5.4.1/../../../../arm-none-eabi/lib\libg_n.a(lib_a-mlock.o)
                0x1fffb368                __malloc_lock
 .text.__malloc_unlock
                0x1fffb36c        0x4 c:/program files (x86)/embitz/1.11/share/em_armgcc/bin/../lib/gcc/arm-none-eabi/5.4.1/../../../../arm-none-eabi/lib\libg_n.a(lib_a-mlock.o)
                0x1fffb36c                __malloc_unlock
 .text._read_r  0x1fffb370       0x44 c:/program files (x86)/embitz/1.11/share/em_armgcc/bin/../lib/gcc/arm-none-eabi/5.4.1/../../../../arm-none-eabi/lib\libg_n.a(lib_a-readr.o)
                0x1fffb370                _read_r
 .text._close   0x1fffb3b4       0x18 c:/program files (x86)/embitz/1.11/share/em_armgcc/bin/../lib/gcc/arm-none-eabi/5.4.1/../../../../arm-none-eabi/lib\libnosys_s.a(close.o)
                0x1fffb3b4                _close
 .text._fstat   0x1fffb3cc       0x18 c:/program files (x86)/embitz/1.11/share/em_armgcc/bin/../lib/gcc/arm-none-eabi/5.4.1/../../../../arm-none-eabi/lib\libnosys_s.a(fstat.o)
                0x1fffb3cc                _fstat
 .text._getpid  0x1fffb3e4       0x18 c:/program files (x86)/embitz/1.11/share/em_armgcc/bin/../lib/gcc/arm-none-eabi/5.4.1/../../../../arm-none-eabi/lib\libnosys_s.a(getpid.o)
                0x1fffb3e4                _getpid
 .text._isatty  0x1fffb3fc       0x18 c:/program files (x86)/embitz/1.11/share/em_armgcc/bin/../lib/gcc/arm-none-eabi/5.4.1/../../../../arm-none-eabi/lib\libnosys_s.a(isatty.o)
                0x1fffb3fc                _isatty
 .text._kill    0x1fffb414       0x18 c:/program files (x86)/embitz/1.11/share/em_armgcc/bin/../lib/gcc/arm-none-eabi/5.4.1/../../../../arm-none-eabi/lib\libnosys_s.a(kill.o)
                0x1fffb414                _kill
 .text._lseek   0x1fffb42c       0x18 c:/program files (x86)/embitz/1.11/share/em_armgcc/bin/../lib/gcc/arm-none-eabi/5.4.1/../../../../arm-none-eabi/lib\libnosys_s.a(lseek.o)
                0x1fffb42c                _lseek
 .text._sbrk    0x1fffb444       0x30 c:/program files (x86)/embitz/1.11/share/em_armgcc/bin/../lib/gcc/arm-none-eabi/5.4.1/../../../../arm-none-eabi/lib\libnosys_s.a(sbrk.o)
                0x1fffb444                _sbrk
 .text._exit    0x1fffb474        0x4 c:/program files (x86)/embitz/1.11/share/em_armgcc/bin/../lib/gcc/arm-none-eabi/5.4.1/../../../../arm-none-eabi/lib\libnosys_s.a(_exit.o)
                0x1fffb474                _exit
 *(.rodata)
 .rodata        0x1fffb478       0x59 obj\debug\src\app\w_a_d\safebutton.o
 *fill*         0x1fffb4d1        0x3 
 .rodata        0x1fffb4d4       0x44 obj\debug\src\board\udoo_neo\src\board.o
 .rodata        0x1fffb518       0x33 obj\debug\src\platform\drivers\src\gpio_imx.o
 *fill*         0x1fffb54b        0x1 
 .rodata        0x1fffb54c      0x12a obj\debug\src\platform\drivers\src\uart_imx.o
 *(.rodata*)
 *fill*         0x1fffb676        0x2 
 .rodata.__func__.9696
                0x1fffb678       0x15 obj\debug\src\app\w_a_d\safebutton.o
 *fill*         0x1fffb68d        0x3 
 .rodata.__func__.9691
                0x1fffb690       0x12 obj\debug\src\app\w_a_d\safebutton.o
 *fill*         0x1fffb6a2        0x2 
 .rodata.__func__.8967
                0x1fffb6a4       0x10 obj\debug\src\board\udoo_neo\src\board.o
 .rodata.__func__.8063
                0x1fffb6b4       0x14 obj\debug\src\platform\drivers\src\gpio_imx.o
 .rodata.__func__.8069
                0x1fffb6c8       0x13 obj\debug\src\platform\drivers\src\gpio_imx.o
 *fill*         0x1fffb6db        0x1 
 .rodata.__func__.8234
                0x1fffb6dc        0xa obj\debug\src\platform\drivers\src\uart_imx.o
 .rodata.str1.1
                0x1fffb6e6       0x3c c:/program files (x86)/embitz/1.11/share/em_armgcc/bin/../lib/gcc/arm-none-eabi/5.4.1/../../../../arm-none-eabi/lib\libg_n.a(lib_a-assert.o)
                                 0x3d (size before relaxing)
 .rodata.str1.1
                0x1fffb722        0x2 c:/program files (x86)/embitz/1.11/share/em_armgcc/bin/../lib/gcc/arm-none-eabi/5.4.1/../../../../arm-none-eabi/lib\libg_n.a(lib_a-impure.o)
 .rodata._global_impure_ptr
                0x1fffb724        0x4 c:/program files (x86)/embitz/1.11/share/em_armgcc/bin/../lib/gcc/arm-none-eabi/5.4.1/../../../../arm-none-eabi/lib\libg_n.a(lib_a-impure.o)
                0x1fffb724                _global_impure_ptr
 .rodata.str1.1
                0x1fffb728       0x11 c:/program files (x86)/embitz/1.11/share/em_armgcc/bin/../lib/gcc/arm-none-eabi/5.4.1/../../../../arm-none-eabi/lib\libg_n.a(lib_a-nano-vfprintf.o)
 .rodata.str1.1
                0x1fffb739       0x22 c:/program files (x86)/embitz/1.11/share/em_armgcc/bin/../lib/gcc/arm-none-eabi/5.4.1/../../../../arm-none-eabi/lib\libg_n.a(lib_a-nano-vfprintf_i.o)
 *fill*         0x1fffb75b        0x1 
 .rodata.__sf_fake_stdin
                0x1fffb75c       0x20 c:/program files (x86)/embitz/1.11/share/em_armgcc/bin/../lib/gcc/arm-none-eabi/5.4.1/../../../../arm-none-eabi/lib\libg_n.a(lib_a-findfp.o)
                0x1fffb75c                __sf_fake_stdin
 .rodata.__sf_fake_stdout
                0x1fffb77c       0x20 c:/program files (x86)/embitz/1.11/share/em_armgcc/bin/../lib/gcc/arm-none-eabi/5.4.1/../../../../arm-none-eabi/lib\libg_n.a(lib_a-findfp.o)
                0x1fffb77c                __sf_fake_stdout
 .rodata.__sf_fake_stderr
                0x1fffb79c       0x20 c:/program files (x86)/embitz/1.11/share/em_armgcc/bin/../lib/gcc/arm-none-eabi/5.4.1/../../../../arm-none-eabi/lib\libg_n.a(lib_a-findfp.o)
                0x1fffb79c                __sf_fake_stderr
 *(.glue_7)
 .glue_7        0x1fffb7bc        0x0 linker stubs
 *(.glue_7t)
 .glue_7t       0x1fffb7bc        0x0 linker stubs
 *(.eh_frame)
 *(.init)
 *(.fini)
                0x1fffb7bc                . = ALIGN (0x4)

.vfp11_veneer   0x1fffb7bc        0x0
 .vfp11_veneer  0x1fffb7bc        0x0 linker stubs

.v4_bx          0x1fffb7bc        0x0
 .v4_bx         0x1fffb7bc        0x0 linker stubs

.iplt           0x1fffb7bc        0x0
 .iplt          0x1fffb7bc        0x0 obj\debug\src\app\fxas21002c\fxas21002c.o

.rel.dyn        0x1fffb7bc        0x0
 .rel.iplt      0x1fffb7bc        0x0 obj\debug\src\app\fxas21002c\fxas21002c.o

.ARM.extab
 *(.ARM.extab* .gnu.linkonce.armextab.*)

.ARM            0x1fffb7bc        0x0
                0x1fffb7bc                __exidx_start = .
 *(.ARM.exidx*)
                0x1fffb7bc                __exidx_end = .

.ctors          0x1fffb7bc        0x0
                0x1fffb7bc                __CTOR_LIST__ = .
 *crtbegin.o(.ctors)
 *crtbegin?.o(.ctors)
 *(EXCLUDE_FILE(*crtend.o *crtend?.o) .ctors)
 *(SORT(.ctors.*))
 *(.ctors)
                0x1fffb7bc                __CTOR_END__ = .

.dtors          0x1fffb7bc        0x0
                0x1fffb7bc                __DTOR_LIST__ = .
 *crtbegin.o(.dtors)
 *crtbegin?.o(.dtors)
 *(EXCLUDE_FILE(*crtend.o *crtend?.o) .dtors)
 *(SORT(.dtors.*))
 *(.dtors)
                0x1fffb7bc                __DTOR_END__ = .

.preinit_array  0x1fffb7bc        0x0
                [!provide]                PROVIDE (__preinit_array_start, .)
 *(.preinit_array*)
                [!provide]                PROVIDE (__preinit_array_end, .)

.init_array     0x1fffb7bc        0x0
                [!provide]                PROVIDE (__init_array_start, .)
 *(SORT(.init_array.*))
 *(.init_array*)
                [!provide]                PROVIDE (__init_array_end, .)

.fini_array     0x1fffb7bc        0x0
                [!provide]                PROVIDE (__fini_array_start, .)
 *(SORT(.fini_array.*))
 *(.fini_array*)
                [!provide]                PROVIDE (__fini_array_end, .)
                0x1fffb7bc                __etext = .
                0x1fffb7bc                __DATA_ROM = .

.data           0x20000000       0x68 load address 0x1fffb7bc
                0x20000000                . = ALIGN (0x4)
                0x20000000                __DATA_RAM = .
                0x20000000                __data_start__ = .
 *(.data)
 *(.data*)
 .data.SystemCoreClock
                0x20000000        0x4 obj\debug\src\platform\devices\mcimx6x\startup\system_mcimx6x_m4.o
                0x20000000                SystemCoreClock
 .data.impure_data
                0x20000004       0x60 c:/program files (x86)/embitz/1.11/share/em_armgcc/bin/../lib/gcc/arm-none-eabi/5.4.1/../../../../arm-none-eabi/lib\libg_n.a(lib_a-impure.o)
 .data._impure_ptr
                0x20000064        0x4 c:/program files (x86)/embitz/1.11/share/em_armgcc/bin/../lib/gcc/arm-none-eabi/5.4.1/../../../../arm-none-eabi/lib\libg_n.a(lib_a-impure.o)
                0x20000064                _impure_ptr
 *(.jcr*)
                0x20000068                . = ALIGN (0x4)
                0x20000068                __data_end__ = .
                0x1fffb824                __DATA_END = (__DATA_ROM + (__data_end__ - __data_start__))
                0x20000000                text_end = (ORIGIN (m_text) + LENGTH (m_text))
                0x00000001                ASSERT ((__DATA_END <= text_end), region m_text overflowed with text and data)

.igot.plt       0x20000068        0x0 load address 0x1fffb824
 .igot.plt      0x20000068        0x0 obj\debug\src\app\fxas21002c\fxas21002c.o

.bss            0x20000068       0x24 load address 0x1fffb824
                0x20000068                . = ALIGN (0x4)
                0x20000068                __START_BSS = .
                0x20000068                __bss_start__ = .
 *(.bss)
 *(.bss*)
 .bss.msTicks   0x20000068        0x4 obj\debug\src\app\sys_delay\sys_delay.o
                0x20000068                msTicks
 .bss.s_debugConsole
                0x2000006c       0x10 obj\debug\src\platform\utilities\src\debug_console_imx.o
 .bss.__malloc_sbrk_start
                0x2000007c        0x4 c:/program files (x86)/embitz/1.11/share/em_armgcc/bin/../lib/gcc/arm-none-eabi/5.4.1/../../../../arm-none-eabi/lib\libg_n.a(lib_a-nano-mallocr.o)
                0x2000007c                __malloc_sbrk_start
 .bss.__malloc_free_list
                0x20000080        0x4 c:/program files (x86)/embitz/1.11/share/em_armgcc/bin/../lib/gcc/arm-none-eabi/5.4.1/../../../../arm-none-eabi/lib\libg_n.a(lib_a-nano-mallocr.o)
                0x20000080                __malloc_free_list
 .bss.heap_end.4167
                0x20000084        0x4 c:/program files (x86)/embitz/1.11/share/em_armgcc/bin/../lib/gcc/arm-none-eabi/5.4.1/../../../../arm-none-eabi/lib\libnosys_s.a(sbrk.o)
 *(COMMON)
 COMMON         0x20000088        0x4 c:/program files (x86)/embitz/1.11/share/em_armgcc/bin/../lib/gcc/arm-none-eabi/5.4.1/../../../../arm-none-eabi/lib\libg_n.a(lib_a-reent.o)
                0x20000088                errno
                0x2000008c                . = ALIGN (0x4)
                0x2000008c                __bss_end__ = .
                0x2000008c                __END_BSS = .

.heap           0x2000008c      0x404 load address 0x1fffb848
                0x20000090                . = ALIGN (0x8)
 *fill*         0x2000008c        0x4 
                0x20000090                __end__ = .
                0x20000090                PROVIDE (end, .)
                0x20000090                __HeapBase = .
                0x20000490                . = (. + HEAP_SIZE)
 *fill*         0x20000090      0x400 
                0x20000490                __HeapLimit = .

.stack          0x20000490      0x400 load address 0x1fffbc4c
                0x20000490                . = ALIGN (0x8)
                0x20000890                . = (. + STACK_SIZE)
 *fill*         0x20000490      0x400 
                0x20008000                __StackTop = (ORIGIN (m_data) + LENGTH (m_data))
                0x20007c00                __StackLimit = (__StackTop - STACK_SIZE)
                [!provide]                PROVIDE (__stack, __StackTop)

.ARM.attributes
                0x00000000       0x35
 *(.ARM.attributes)
 .ARM.attributes
                0x00000000       0x35 obj\debug\src\app\sys_delay\sys_delay.o
 .ARM.attributes
                0x00000035       0x35 obj\debug\src\app\w_a_d\hardware_init.o
 .ARM.attributes
                0x0000006a       0x35 obj\debug\src\app\w_a_d\safebutton.o
 .ARM.attributes
                0x0000009f       0x35 obj\debug\src\board\udoo_neo\src\board.o
 .ARM.attributes
                0x000000d4       0x35 obj\debug\src\board\udoo_neo\src\pin_mux.o
 .ARM.attributes
                0x00000109       0x1b obj\debug\src\platform\devices\mcimx6x\startup\gcc\startup_mcimx6x_m4.o
 .ARM.attributes
                0x00000124       0x35 obj\debug\src\platform\devices\mcimx6x\startup\system_mcimx6x_m4.o
 .ARM.attributes
                0x00000159       0x35 obj\debug\src\platform\drivers\src\gpio_imx.o
 .ARM.attributes
                0x0000018e       0x35 obj\debug\src\platform\drivers\src\uart_imx.o
 .ARM.attributes
                0x000001c3       0x35 obj\debug\src\platform\utilities\src\debug_console_imx.o
 .ARM.attributes
                0x000001f8       0x35 obj\debug\src\platform\utilities\src\print_scan.o
 .ARM.attributes
                0x0000022d       0x18 c:/program files (x86)/embitz/1.11/share/em_armgcc/bin/../lib/gcc/arm-none-eabi/5.4.1\libgcc.a(_dvmd_tls.o)
 .ARM.attributes
                0x00000245       0x30 c:/program files (x86)/embitz/1.11/share/em_armgcc/bin/../lib/gcc/arm-none-eabi/5.4.1/../../../../arm-none-eabi/lib\libg_n.a(lib_a-assert.o)
 .ARM.attributes
                0x00000275       0x30 c:/program files (x86)/embitz/1.11/share/em_armgcc/bin/../lib/gcc/arm-none-eabi/5.4.1/../../../../arm-none-eabi/lib\libg_n.a(lib_a-fprintf.o)
 .ARM.attributes
                0x000002a5       0x30 c:/program files (x86)/embitz/1.11/share/em_armgcc/bin/../lib/gcc/arm-none-eabi/5.4.1/../../../../arm-none-eabi/lib\libg_n.a(lib_a-impure.o)
 .ARM.attributes
                0x000002d5       0x30 c:/program files (x86)/embitz/1.11/share/em_armgcc/bin/../lib/gcc/arm-none-eabi/5.4.1/../../../../arm-none-eabi/lib\libg_n.a(lib_a-nano-vfprintf.o)
 .ARM.attributes
                0x00000305       0x30 c:/program files (x86)/embitz/1.11/share/em_armgcc/bin/../lib/gcc/arm-none-eabi/5.4.1/../../../../arm-none-eabi/lib\libg_n.a(lib_a-nano-vfprintf_i.o)
 .ARM.attributes
                0x00000335       0x1c c:/program files (x86)/embitz/1.11/share/em_armgcc/bin/../lib/gcc/arm-none-eabi/5.4.1/../../../../arm-none-eabi/lib\libg_n.a(lib_a-strlen.o)
 .ARM.attributes
                0x00000351       0x30 c:/program files (x86)/embitz/1.11/share/em_armgcc/bin/../lib/gcc/arm-none-eabi/5.4.1/../../../../arm-none-eabi/lib\libg_n.a(lib_a-wbuf.o)
 .ARM.attributes
                0x00000381       0x30 c:/program files (x86)/embitz/1.11/share/em_armgcc/bin/../lib/gcc/arm-none-eabi/5.4.1/../../../../arm-none-eabi/lib\libg_n.a(lib_a-wsetup.o)
 .ARM.attributes
                0x000003b1       0x30 c:/program files (x86)/embitz/1.11/share/em_armgcc/bin/../lib/gcc/arm-none-eabi/5.4.1/../../../../arm-none-eabi/lib\libg_n.a(lib_a-abort.o)
 .ARM.attributes
                0x000003e1       0x30 c:/program files (x86)/embitz/1.11/share/em_armgcc/bin/../lib/gcc/arm-none-eabi/5.4.1/../../../../arm-none-eabi/lib\libg_n.a(lib_a-fflush.o)
 .ARM.attributes
                0x00000411       0x30 c:/program files (x86)/embitz/1.11/share/em_armgcc/bin/../lib/gcc/arm-none-eabi/5.4.1/../../../../arm-none-eabi/lib\libg_n.a(lib_a-findfp.o)
 .ARM.attributes
                0x00000441       0x30 c:/program files (x86)/embitz/1.11/share/em_armgcc/bin/../lib/gcc/arm-none-eabi/5.4.1/../../../../arm-none-eabi/lib\libg_n.a(lib_a-fwalk.o)
 .ARM.attributes
                0x00000471       0x30 c:/program files (x86)/embitz/1.11/share/em_armgcc/bin/../lib/gcc/arm-none-eabi/5.4.1/../../../../arm-none-eabi/lib\libg_n.a(lib_a-makebuf.o)
 .ARM.attributes
                0x000004a1       0x30 c:/program files (x86)/embitz/1.11/share/em_armgcc/bin/../lib/gcc/arm-none-eabi/5.4.1/../../../../arm-none-eabi/lib\libg_n.a(lib_a-memchr-stub.o)
 .ARM.attributes
                0x000004d1       0x30 c:/program files (x86)/embitz/1.11/share/em_armgcc/bin/../lib/gcc/arm-none-eabi/5.4.1/../../../../arm-none-eabi/lib\libg_n.a(lib_a-memset.o)
 .ARM.attributes
                0x00000501       0x30 c:/program files (x86)/embitz/1.11/share/em_armgcc/bin/../lib/gcc/arm-none-eabi/5.4.1/../../../../arm-none-eabi/lib\libg_n.a(lib_a-nano-freer.o)
 .ARM.attributes
                0x00000531       0x30 c:/program files (x86)/embitz/1.11/share/em_armgcc/bin/../lib/gcc/arm-none-eabi/5.4.1/../../../../arm-none-eabi/lib\libg_n.a(lib_a-nano-mallocr.o)
 .ARM.attributes
                0x00000561       0x30 c:/program files (x86)/embitz/1.11/share/em_armgcc/bin/../lib/gcc/arm-none-eabi/5.4.1/../../../../arm-none-eabi/lib\libg_n.a(lib_a-sbrkr.o)
 .ARM.attributes
                0x00000591       0x30 c:/program files (x86)/embitz/1.11/share/em_armgcc/bin/../lib/gcc/arm-none-eabi/5.4.1/../../../../arm-none-eabi/lib\libg_n.a(lib_a-signal.o)
 .ARM.attributes
                0x000005c1       0x30 c:/program files (x86)/embitz/1.11/share/em_armgcc/bin/../lib/gcc/arm-none-eabi/5.4.1/../../../../arm-none-eabi/lib\libg_n.a(lib_a-signalr.o)
 .ARM.attributes
                0x000005f1       0x30 c:/program files (x86)/embitz/1.11/share/em_armgcc/bin/../lib/gcc/arm-none-eabi/5.4.1/../../../../arm-none-eabi/lib\libg_n.a(lib_a-stdio.o)
 .ARM.attributes
                0x00000621       0x30 c:/program files (x86)/embitz/1.11/share/em_armgcc/bin/../lib/gcc/arm-none-eabi/5.4.1/../../../../arm-none-eabi/lib\libg_n.a(lib_a-writer.o)
 .ARM.attributes
                0x00000651       0x30 c:/program files (x86)/embitz/1.11/share/em_armgcc/bin/../lib/gcc/arm-none-eabi/5.4.1/../../../../arm-none-eabi/lib\libg_n.a(lib_a-closer.o)
 .ARM.attributes
                0x00000681       0x30 c:/program files (x86)/embitz/1.11/share/em_armgcc/bin/../lib/gcc/arm-none-eabi/5.4.1/../../../../arm-none-eabi/lib\libg_n.a(lib_a-fstatr.o)
 .ARM.attributes
                0x000006b1       0x30 c:/program files (x86)/embitz/1.11/share/em_armgcc/bin/../lib/gcc/arm-none-eabi/5.4.1/../../../../arm-none-eabi/lib\libg_n.a(lib_a-isattyr.o)
 .ARM.attributes
                0x000006e1       0x30 c:/program files (x86)/embitz/1.11/share/em_armgcc/bin/../lib/gcc/arm-none-eabi/5.4.1/../../../../arm-none-eabi/lib\libg_n.a(lib_a-lseekr.o)
 .ARM.attributes
                0x00000711       0x30 c:/program files (x86)/embitz/1.11/share/em_armgcc/bin/../lib/gcc/arm-none-eabi/5.4.1/../../../../arm-none-eabi/lib\libg_n.a(lib_a-mlock.o)
 .ARM.attributes
                0x00000741       0x30 c:/program files (x86)/embitz/1.11/share/em_armgcc/bin/../lib/gcc/arm-none-eabi/5.4.1/../../../../arm-none-eabi/lib\libg_n.a(lib_a-readr.o)
 .ARM.attributes
                0x00000771       0x30 c:/program files (x86)/embitz/1.11/share/em_armgcc/bin/../lib/gcc/arm-none-eabi/5.4.1/../../../../arm-none-eabi/lib\libg_n.a(lib_a-reent.o)
 .ARM.attributes
                0x000007a1       0x18 c:/program files (x86)/embitz/1.11/share/em_armgcc/bin/../lib/gcc/arm-none-eabi/5.4.1\libgcc.a(_udivsi3.o)
 .ARM.attributes
                0x000007b9       0x30 c:/program files (x86)/embitz/1.11/share/em_armgcc/bin/../lib/gcc/arm-none-eabi/5.4.1/../../../../arm-none-eabi/lib\libnosys_s.a(close.o)
 .ARM.attributes
                0x000007e9       0x30 c:/program files (x86)/embitz/1.11/share/em_armgcc/bin/../lib/gcc/arm-none-eabi/5.4.1/../../../../arm-none-eabi/lib\libnosys_s.a(fstat.o)
 .ARM.attributes
                0x00000819       0x30 c:/program files (x86)/embitz/1.11/share/em_armgcc/bin/../lib/gcc/arm-none-eabi/5.4.1/../../../../arm-none-eabi/lib\libnosys_s.a(getpid.o)
 .ARM.attributes
                0x00000849       0x30 c:/program files (x86)/embitz/1.11/share/em_armgcc/bin/../lib/gcc/arm-none-eabi/5.4.1/../../../../arm-none-eabi/lib\libnosys_s.a(isatty.o)
 .ARM.attributes
                0x00000879       0x30 c:/program files (x86)/embitz/1.11/share/em_armgcc/bin/../lib/gcc/arm-none-eabi/5.4.1/../../../../arm-none-eabi/lib\libnosys_s.a(kill.o)
 .ARM.attributes
                0x000008a9       0x30 c:/program files (x86)/embitz/1.11/share/em_armgcc/bin/../lib/gcc/arm-none-eabi/5.4.1/../../../../arm-none-eabi/lib\libnosys_s.a(lseek.o)
 .ARM.attributes
                0x000008d9       0x30 c:/program files (x86)/embitz/1.11/share/em_armgcc/bin/../lib/gcc/arm-none-eabi/5.4.1/../../../../arm-none-eabi/lib\libnosys_s.a(sbrk.o)
 .ARM.attributes
                0x00000909       0x30 c:/program files (x86)/embitz/1.11/share/em_armgcc/bin/../lib/gcc/arm-none-eabi/5.4.1/../../../../arm-none-eabi/lib\libnosys_s.a(_exit.o)
                0x00000001                ASSERT ((__StackLimit >= __HeapLimit), region m_data overflowed with stack and heap)
LOAD obj\debug\src\app\fxas21002c\fxas21002c.o
LOAD obj\debug\src\app\fxos8700cq\fxos8700cq.o
LOAD obj\debug\src\app\i2c_rw_register\i2c_rw_register.o
LOAD obj\debug\src\app\lora\lora.o
LOAD obj\debug\src\app\sys_delay\sys_delay.o
LOAD obj\debug\src\app\w_a_d\accidentalert.o
LOAD obj\debug\src\app\w_a_d\hardware_init.o
LOAD obj\debug\src\app\w_a_d\safebutton.o
LOAD obj\debug\src\board\udoo_neo\src\board.o
LOAD obj\debug\src\board\udoo_neo\src\clock_freq.o
LOAD obj\debug\src\board\udoo_neo\src\gpio_pins.o
LOAD obj\debug\src\board\udoo_neo\src\pin_mux.o
LOAD obj\debug\src\platform\devices\mcimx6x\startup\gcc\startup_mcimx6x_m4.o
LOAD obj\debug\src\platform\devices\mcimx6x\startup\system_mcimx6x_m4.o
LOAD obj\debug\src\platform\drivers\src\adc_imx6sx.o
LOAD obj\debug\src\platform\drivers\src\ccm_analog_imx6sx.o
LOAD obj\debug\src\platform\drivers\src\ccm_imx6sx.o
LOAD obj\debug\src\platform\drivers\src\ecspi.o
LOAD obj\debug\src\platform\drivers\src\epit.o
LOAD obj\debug\src\platform\drivers\src\flexcan.o
LOAD obj\debug\src\platform\drivers\src\gpio_imx.o
LOAD obj\debug\src\platform\drivers\src\i2c_imx.o
LOAD obj\debug\src\platform\drivers\src\lmem.o
LOAD obj\debug\src\platform\drivers\src\mu_imx.o
LOAD obj\debug\src\platform\drivers\src\rdc.o
LOAD obj\debug\src\platform\drivers\src\rdc_semaphore.o
LOAD obj\debug\src\platform\drivers\src\sema4.o
LOAD obj\debug\src\platform\drivers\src\uart_imx.o
LOAD obj\debug\src\platform\drivers\src\wdog_imx.o
LOAD obj\debug\src\platform\utilities\src\debug_console_imx.o
LOAD obj\debug\src\platform\utilities\src\print_scan.o
START GROUP
LOAD c:/program files (x86)/embitz/1.11/share/em_armgcc/bin/../lib/gcc/arm-none-eabi/5.4.1\libgcc.a
LOAD c:/program files (x86)/embitz/1.11/share/em_armgcc/bin/../lib/gcc/arm-none-eabi/5.4.1/../../../../arm-none-eabi/lib\libg_n.a
LOAD c:/program files (x86)/embitz/1.11/share/em_armgcc/bin/../lib/gcc/arm-none-eabi/5.4.1/../../../../arm-none-eabi/lib\libc_n.a
END GROUP
START GROUP
LOAD c:/program files (x86)/embitz/1.11/share/em_armgcc/bin/../lib/gcc/arm-none-eabi/5.4.1\libgcc.a
LOAD c:/program files (x86)/embitz/1.11/share/em_armgcc/bin/../lib/gcc/arm-none-eabi/5.4.1/../../../../arm-none-eabi/lib\libc_n.a
LOAD c:/program files (x86)/embitz/1.11/share/em_armgcc/bin/../lib/gcc/arm-none-eabi/5.4.1/../../../../arm-none-eabi/lib\libnosys_s.a
END GROUP
OUTPUT(bin\Debug\Cortex_M4.elf elf32-littlearm)

.debug_info     0x00000000     0x6852
 .debug_info    0x00000000      0x83e obj\debug\src\app\sys_delay\sys_delay.o
 .debug_info    0x0000083e       0xab obj\debug\src\app\w_a_d\hardware_init.o
 .debug_info    0x000008e9      0x33c obj\debug\src\app\w_a_d\safebutton.o
 .debug_info    0x00000c25     0x11b6 obj\debug\src\board\udoo_neo\src\board.o
 .debug_info    0x00001ddb     0x2442 obj\debug\src\board\udoo_neo\src\pin_mux.o
 .debug_info    0x0000421d       0xa2 obj\debug\src\platform\devices\mcimx6x\startup\gcc\startup_mcimx6x_m4.o
 .debug_info    0x000042bf      0x944 obj\debug\src\platform\devices\mcimx6x\startup\system_mcimx6x_m4.o
 .debug_info    0x00004c03      0x3a1 obj\debug\src\platform\drivers\src\gpio_imx.o
 .debug_info    0x00004fa4      0x9f7 obj\debug\src\platform\drivers\src\uart_imx.o
 .debug_info    0x0000599b      0x8d0 obj\debug\src\platform\utilities\src\debug_console_imx.o
 .debug_info    0x0000626b      0x5e7 obj\debug\src\platform\utilities\src\print_scan.o

.debug_abbrev   0x00000000      0xf2e
 .debug_abbrev  0x00000000      0x1c0 obj\debug\src\app\sys_delay\sys_delay.o
 .debug_abbrev  0x000001c0       0x67 obj\debug\src\app\w_a_d\hardware_init.o
 .debug_abbrev  0x00000227      0x1a6 obj\debug\src\app\w_a_d\safebutton.o
 .debug_abbrev  0x000003cd      0x1ba obj\debug\src\board\udoo_neo\src\board.o
 .debug_abbrev  0x00000587      0x136 obj\debug\src\board\udoo_neo\src\pin_mux.o
 .debug_abbrev  0x000006bd       0x14 obj\debug\src\platform\devices\mcimx6x\startup\gcc\startup_mcimx6x_m4.o
 .debug_abbrev  0x000006d1      0x14d obj\debug\src\platform\devices\mcimx6x\startup\system_mcimx6x_m4.o
 .debug_abbrev  0x0000081e      0x15e obj\debug\src\platform\drivers\src\gpio_imx.o
 .debug_abbrev  0x0000097c      0x1c6 obj\debug\src\platform\drivers\src\uart_imx.o
 .debug_abbrev  0x00000b42      0x253 obj\debug\src\platform\utilities\src\debug_console_imx.o
 .debug_abbrev  0x00000d95      0x199 obj\debug\src\platform\utilities\src\print_scan.o

.debug_aranges  0x00000000      0x390
 .debug_aranges
                0x00000000       0x48 obj\debug\src\app\sys_delay\sys_delay.o
 .debug_aranges
                0x00000048       0x20 obj\debug\src\app\w_a_d\hardware_init.o
 .debug_aranges
                0x00000068       0x48 obj\debug\src\app\w_a_d\safebutton.o
 .debug_aranges
                0x000000b0       0x60 obj\debug\src\board\udoo_neo\src\board.o
 .debug_aranges
                0x00000110       0x40 obj\debug\src\board\udoo_neo\src\pin_mux.o
 .debug_aranges
                0x00000150       0x20 obj\debug\src\platform\devices\mcimx6x\startup\gcc\startup_mcimx6x_m4.o
 .debug_aranges
                0x00000170       0x28 obj\debug\src\platform\devices\mcimx6x\startup\system_mcimx6x_m4.o
 .debug_aranges
                0x00000198       0x38 obj\debug\src\platform\drivers\src\gpio_imx.o
 .debug_aranges
                0x000001d0       0xe8 obj\debug\src\platform\drivers\src\uart_imx.o
 .debug_aranges
                0x000002b8       0x90 obj\debug\src\platform\utilities\src\debug_console_imx.o
 .debug_aranges
                0x00000348       0x48 obj\debug\src\platform\utilities\src\print_scan.o

.debug_ranges   0x00000000      0x2d0
 .debug_ranges  0x00000000       0x38 obj\debug\src\app\sys_delay\sys_delay.o
 .debug_ranges  0x00000038       0x10 obj\debug\src\app\w_a_d\hardware_init.o
 .debug_ranges  0x00000048       0x38 obj\debug\src\app\w_a_d\safebutton.o
 .debug_ranges  0x00000080       0x50 obj\debug\src\board\udoo_neo\src\board.o
 .debug_ranges  0x000000d0       0x30 obj\debug\src\board\udoo_neo\src\pin_mux.o
 .debug_ranges  0x00000100       0x18 obj\debug\src\platform\devices\mcimx6x\startup\system_mcimx6x_m4.o
 .debug_ranges  0x00000118       0x28 obj\debug\src\platform\drivers\src\gpio_imx.o
 .debug_ranges  0x00000140       0xd8 obj\debug\src\platform\drivers\src\uart_imx.o
 .debug_ranges  0x00000218       0x80 obj\debug\src\platform\utilities\src\debug_console_imx.o
 .debug_ranges  0x00000298       0x38 obj\debug\src\platform\utilities\src\print_scan.o

.debug_line     0x00000000     0x1d57
 .debug_line    0x00000000      0x231 obj\debug\src\app\sys_delay\sys_delay.o
 .debug_line    0x00000231      0x143 obj\debug\src\app\w_a_d\hardware_init.o
 .debug_line    0x00000374      0x21f obj\debug\src\app\w_a_d\safebutton.o
 .debug_line    0x00000593      0x2c6 obj\debug\src\board\udoo_neo\src\board.o
 .debug_line    0x00000859      0x24a obj\debug\src\board\udoo_neo\src\pin_mux.o
 .debug_line    0x00000aa3       0x9e obj\debug\src\platform\devices\mcimx6x\startup\gcc\startup_mcimx6x_m4.o
 .debug_line    0x00000b41      0x2ac obj\debug\src\platform\devices\mcimx6x\startup\system_mcimx6x_m4.o
 .debug_line    0x00000ded      0x218 obj\debug\src\platform\drivers\src\gpio_imx.o
 .debug_line    0x00001005      0x439 obj\debug\src\platform\drivers\src\uart_imx.o
 .debug_line    0x0000143e      0x3f0 obj\debug\src\platform\utilities\src\debug_console_imx.o
 .debug_line    0x0000182e      0x529 obj\debug\src\platform\utilities\src\print_scan.o

.debug_str      0x00000000     0x707e
 .debug_str     0x00000000      0xa0e obj\debug\src\app\sys_delay\sys_delay.o
                                0xa6e (size before relaxing)
 .debug_str     0x00000a0e       0x2f obj\debug\src\app\w_a_d\hardware_init.o
                                0x1bf (size before relaxing)
 .debug_str     0x00000a3d      0x219 obj\debug\src\app\w_a_d\safebutton.o
                                0x3cc (size before relaxing)
 .debug_str     0x00000c56     0x1882 obj\debug\src\board\udoo_neo\src\board.o
                               0x1a76 (size before relaxing)
 .debug_str     0x000024d8     0x3c52 obj\debug\src\board\udoo_neo\src\pin_mux.o
                               0x3eca (size before relaxing)
 .debug_str     0x0000612a      0x35c obj\debug\src\platform\devices\mcimx6x\startup\system_mcimx6x_m4.o
                                0x67b (size before relaxing)
 .debug_str     0x00006486       0x99 obj\debug\src\platform\drivers\src\gpio_imx.o
                                0x3a9 (size before relaxing)
 .debug_str     0x0000651f      0x3bf obj\debug\src\platform\drivers\src\uart_imx.o
                                0x639 (size before relaxing)
 .debug_str     0x000068de      0x615 obj\debug\src\platform\utilities\src\debug_console_imx.o
                                0x914 (size before relaxing)
 .debug_str     0x00006ef3      0x18b obj\debug\src\platform\utilities\src\print_scan.o
                                0x389 (size before relaxing)

.comment        0x00000000       0x6e
 .comment       0x00000000       0x6e obj\debug\src\app\sys_delay\sys_delay.o
                                 0x6f (size before relaxing)
 .comment       0x0000006e       0x6f obj\debug\src\app\w_a_d\hardware_init.o
 .comment       0x0000006e       0x6f obj\debug\src\app\w_a_d\safebutton.o
 .comment       0x0000006e       0x6f obj\debug\src\board\udoo_neo\src\board.o
 .comment       0x0000006e       0x6f obj\debug\src\board\udoo_neo\src\pin_mux.o
 .comment       0x0000006e       0x6f obj\debug\src\platform\devices\mcimx6x\startup\system_mcimx6x_m4.o
 .comment       0x0000006e       0x6f obj\debug\src\platform\drivers\src\gpio_imx.o
 .comment       0x0000006e       0x6f obj\debug\src\platform\drivers\src\uart_imx.o
 .comment       0x0000006e       0x6f obj\debug\src\platform\utilities\src\debug_console_imx.o
 .comment       0x0000006e       0x6f obj\debug\src\platform\utilities\src\print_scan.o

.debug_frame    0x00000000     0x175c
 .debug_frame   0x00000000       0xe8 obj\debug\src\app\sys_delay\sys_delay.o
 .debug_frame   0x000000e8       0x2c obj\debug\src\app\w_a_d\hardware_init.o
 .debug_frame   0x00000114       0xe0 obj\debug\src\app\w_a_d\safebutton.o
 .debug_frame   0x000001f4      0x158 obj\debug\src\board\udoo_neo\src\board.o
 .debug_frame   0x0000034c       0xd8 obj\debug\src\board\udoo_neo\src\pin_mux.o
 .debug_frame   0x00000424       0x60 obj\debug\src\platform\devices\mcimx6x\startup\system_mcimx6x_m4.o
 .debug_frame   0x00000484       0xa4 obj\debug\src\platform\drivers\src\gpio_imx.o
 .debug_frame   0x00000528      0x408 obj\debug\src\platform\drivers\src\uart_imx.o
 .debug_frame   0x00000930      0x264 obj\debug\src\platform\utilities\src\debug_console_imx.o
 .debug_frame   0x00000b94       0xfc obj\debug\src\platform\utilities\src\print_scan.o
 .debug_frame   0x00000c90       0x40 c:/program files (x86)/embitz/1.11/share/em_armgcc/bin/../lib/gcc/arm-none-eabi/5.4.1/../../../../arm-none-eabi/lib\libg_n.a(lib_a-assert.o)
 .debug_frame   0x00000cd0       0x64 c:/program files (x86)/embitz/1.11/share/em_armgcc/bin/../lib/gcc/arm-none-eabi/5.4.1/../../../../arm-none-eabi/lib\libg_n.a(lib_a-fprintf.o)
 .debug_frame   0x00000d34       0xc4 c:/program files (x86)/embitz/1.11/share/em_armgcc/bin/../lib/gcc/arm-none-eabi/5.4.1/../../../../arm-none-eabi/lib\libg_n.a(lib_a-nano-vfprintf.o)
 .debug_frame   0x00000df8       0x7c c:/program files (x86)/embitz/1.11/share/em_armgcc/bin/../lib/gcc/arm-none-eabi/5.4.1/../../../../arm-none-eabi/lib\libg_n.a(lib_a-nano-vfprintf_i.o)
 .debug_frame   0x00000e74       0x4c c:/program files (x86)/embitz/1.11/share/em_armgcc/bin/../lib/gcc/arm-none-eabi/5.4.1/../../../../arm-none-eabi/lib\libg_n.a(lib_a-wbuf.o)
 .debug_frame   0x00000ec0       0x34 c:/program files (x86)/embitz/1.11/share/em_armgcc/bin/../lib/gcc/arm-none-eabi/5.4.1/../../../../arm-none-eabi/lib\libg_n.a(lib_a-wsetup.o)
 .debug_frame   0x00000ef4       0x28 c:/program files (x86)/embitz/1.11/share/em_armgcc/bin/../lib/gcc/arm-none-eabi/5.4.1/../../../../arm-none-eabi/lib\libg_n.a(lib_a-abort.o)
 .debug_frame   0x00000f1c       0x84 c:/program files (x86)/embitz/1.11/share/em_armgcc/bin/../lib/gcc/arm-none-eabi/5.4.1/../../../../arm-none-eabi/lib\libg_n.a(lib_a-fflush.o)
 .debug_frame   0x00000fa0      0x160 c:/program files (x86)/embitz/1.11/share/em_armgcc/bin/../lib/gcc/arm-none-eabi/5.4.1/../../../../arm-none-eabi/lib\libg_n.a(lib_a-findfp.o)
 .debug_frame   0x00001100       0x68 c:/program files (x86)/embitz/1.11/share/em_armgcc/bin/../lib/gcc/arm-none-eabi/5.4.1/../../../../arm-none-eabi/lib\libg_n.a(lib_a-fwalk.o)
 .debug_frame   0x00001168       0x60 c:/program files (x86)/embitz/1.11/share/em_armgcc/bin/../lib/gcc/arm-none-eabi/5.4.1/../../../../arm-none-eabi/lib\libg_n.a(lib_a-makebuf.o)
 .debug_frame   0x000011c8       0x20 c:/program files (x86)/embitz/1.11/share/em_armgcc/bin/../lib/gcc/arm-none-eabi/5.4.1/../../../../arm-none-eabi/lib\libg_n.a(lib_a-memchr-stub.o)
 .debug_frame   0x000011e8       0x20 c:/program files (x86)/embitz/1.11/share/em_armgcc/bin/../lib/gcc/arm-none-eabi/5.4.1/../../../../arm-none-eabi/lib\libg_n.a(lib_a-memset.o)
 .debug_frame   0x00001208       0x34 c:/program files (x86)/embitz/1.11/share/em_armgcc/bin/../lib/gcc/arm-none-eabi/5.4.1/../../../../arm-none-eabi/lib\libg_n.a(lib_a-nano-freer.o)
 .debug_frame   0x0000123c       0x34 c:/program files (x86)/embitz/1.11/share/em_armgcc/bin/../lib/gcc/arm-none-eabi/5.4.1/../../../../arm-none-eabi/lib\libg_n.a(lib_a-nano-mallocr.o)
 .debug_frame   0x00001270       0x34 c:/program files (x86)/embitz/1.11/share/em_armgcc/bin/../lib/gcc/arm-none-eabi/5.4.1/../../../../arm-none-eabi/lib\libg_n.a(lib_a-sbrkr.o)
 .debug_frame   0x000012a4       0xe0 c:/program files (x86)/embitz/1.11/share/em_armgcc/bin/../lib/gcc/arm-none-eabi/5.4.1/../../../../arm-none-eabi/lib\libg_n.a(lib_a-signal.o)
 .debug_frame   0x00001384       0x50 c:/program files (x86)/embitz/1.11/share/em_armgcc/bin/../lib/gcc/arm-none-eabi/5.4.1/../../../../arm-none-eabi/lib\libg_n.a(lib_a-signalr.o)
 .debug_frame   0x000013d4       0x9c c:/program files (x86)/embitz/1.11/share/em_armgcc/bin/../lib/gcc/arm-none-eabi/5.4.1/../../../../arm-none-eabi/lib\libg_n.a(lib_a-stdio.o)
 .debug_frame   0x00001470       0x34 c:/program files (x86)/embitz/1.11/share/em_armgcc/bin/../lib/gcc/arm-none-eabi/5.4.1/../../../../arm-none-eabi/lib\libg_n.a(lib_a-writer.o)
 .debug_frame   0x000014a4       0x34 c:/program files (x86)/embitz/1.11/share/em_armgcc/bin/../lib/gcc/arm-none-eabi/5.4.1/../../../../arm-none-eabi/lib\libg_n.a(lib_a-closer.o)
 .debug_frame   0x000014d8       0x34 c:/program files (x86)/embitz/1.11/share/em_armgcc/bin/../lib/gcc/arm-none-eabi/5.4.1/../../../../arm-none-eabi/lib\libg_n.a(lib_a-fstatr.o)
 .debug_frame   0x0000150c       0x34 c:/program files (x86)/embitz/1.11/share/em_armgcc/bin/../lib/gcc/arm-none-eabi/5.4.1/../../../../arm-none-eabi/lib\libg_n.a(lib_a-isattyr.o)
 .debug_frame   0x00001540       0x34 c:/program files (x86)/embitz/1.11/share/em_armgcc/bin/../lib/gcc/arm-none-eabi/5.4.1/../../../../arm-none-eabi/lib\libg_n.a(lib_a-lseekr.o)
 .debug_frame   0x00001574       0x30 c:/program files (x86)/embitz/1.11/share/em_armgcc/bin/../lib/gcc/arm-none-eabi/5.4.1/../../../../arm-none-eabi/lib\libg_n.a(lib_a-mlock.o)
 .debug_frame   0x000015a4       0x34 c:/program files (x86)/embitz/1.11/share/em_armgcc/bin/../lib/gcc/arm-none-eabi/5.4.1/../../../../arm-none-eabi/lib\libg_n.a(lib_a-readr.o)
 .debug_frame   0x000015d8       0x64 c:/program files (x86)/embitz/1.11/share/em_armgcc/bin/../lib/gcc/arm-none-eabi/5.4.1/../../../../arm-none-eabi/lib\libg_n.a(lib_a-reent.o)
 .debug_frame   0x0000163c       0x20 c:/program files (x86)/embitz/1.11/share/em_armgcc/bin/../lib/gcc/arm-none-eabi/5.4.1\libgcc.a(_udivsi3.o)
 .debug_frame   0x0000165c       0x20 c:/program files (x86)/embitz/1.11/share/em_armgcc/bin/../lib/gcc/arm-none-eabi/5.4.1/../../../../arm-none-eabi/lib\libnosys_s.a(close.o)
 .debug_frame   0x0000167c       0x20 c:/program files (x86)/embitz/1.11/share/em_armgcc/bin/../lib/gcc/arm-none-eabi/5.4.1/../../../../arm-none-eabi/lib\libnosys_s.a(fstat.o)
 .debug_frame   0x0000169c       0x20 c:/program files (x86)/embitz/1.11/share/em_armgcc/bin/../lib/gcc/arm-none-eabi/5.4.1/../../../../arm-none-eabi/lib\libnosys_s.a(getpid.o)
 .debug_frame   0x000016bc       0x20 c:/program files (x86)/embitz/1.11/share/em_armgcc/bin/../lib/gcc/arm-none-eabi/5.4.1/../../../../arm-none-eabi/lib\libnosys_s.a(isatty.o)
 .debug_frame   0x000016dc       0x20 c:/program files (x86)/embitz/1.11/share/em_armgcc/bin/../lib/gcc/arm-none-eabi/5.4.1/../../../../arm-none-eabi/lib\libnosys_s.a(kill.o)
 .debug_frame   0x000016fc       0x20 c:/program files (x86)/embitz/1.11/share/em_armgcc/bin/../lib/gcc/arm-none-eabi/5.4.1/../../../../arm-none-eabi/lib\libnosys_s.a(lseek.o)
 .debug_frame   0x0000171c       0x20 c:/program files (x86)/embitz/1.11/share/em_armgcc/bin/../lib/gcc/arm-none-eabi/5.4.1/../../../../arm-none-eabi/lib\libnosys_s.a(sbrk.o)
 .debug_frame   0x0000173c       0x20 c:/program files (x86)/embitz/1.11/share/em_armgcc/bin/../lib/gcc/arm-none-eabi/5.4.1/../../../../arm-none-eabi/lib\libnosys_s.a(_exit.o)

.stab           0x00000000       0x9c
 .stab          0x00000000       0x24 c:/program files (x86)/embitz/1.11/share/em_armgcc/bin/../lib/gcc/arm-none-eabi/5.4.1/../../../../arm-none-eabi/lib\libnosys_s.a(close.o)
 .stab          0x00000024       0x18 c:/program files (x86)/embitz/1.11/share/em_armgcc/bin/../lib/gcc/arm-none-eabi/5.4.1/../../../../arm-none-eabi/lib\libnosys_s.a(fstat.o)
                                 0x24 (size before relaxing)
 .stab          0x0000003c       0x18 c:/program files (x86)/embitz/1.11/share/em_armgcc/bin/../lib/gcc/arm-none-eabi/5.4.1/../../../../arm-none-eabi/lib\libnosys_s.a(getpid.o)
                                 0x24 (size before relaxing)
 .stab          0x00000054       0x18 c:/program files (x86)/embitz/1.11/share/em_armgcc/bin/../lib/gcc/arm-none-eabi/5.4.1/../../../../arm-none-eabi/lib\libnosys_s.a(isatty.o)
                                 0x24 (size before relaxing)
 .stab          0x0000006c       0x18 c:/program files (x86)/embitz/1.11/share/em_armgcc/bin/../lib/gcc/arm-none-eabi/5.4.1/../../../../arm-none-eabi/lib\libnosys_s.a(kill.o)
                                 0x24 (size before relaxing)
 .stab          0x00000084       0x18 c:/program files (x86)/embitz/1.11/share/em_armgcc/bin/../lib/gcc/arm-none-eabi/5.4.1/../../../../arm-none-eabi/lib\libnosys_s.a(lseek.o)
                                 0x24 (size before relaxing)

.stabstr        0x00000000      0x14f
 .stabstr       0x00000000      0x14f c:/program files (x86)/embitz/1.11/share/em_armgcc/bin/../lib/gcc/arm-none-eabi/5.4.1/../../../../arm-none-eabi/lib\libnosys_s.a(close.o)
