Archive member included to satisfy reference by file (symbol)

c:/program files (x86)/embitz/1.11/share/em_armgcc/bin/../lib/gcc/arm-none-eabi/5.4.1/armv7e-m/fpu\libgcc.a(_aeabi_uldivmod.o)
                              obj\debug\~#\~#\platform\devices\mcimx6x\startup\system_mcimx6x_m4.o (__aeabi_uldivmod)
c:/program files (x86)/embitz/1.11/share/em_armgcc/bin/../lib/gcc/arm-none-eabi/5.4.1/armv7e-m/fpu\libgcc.a(_udivmoddi4.o)
                              c:/program files (x86)/embitz/1.11/share/em_armgcc/bin/../lib/gcc/arm-none-eabi/5.4.1/armv7e-m/fpu\libgcc.a(_aeabi_uldivmod.o) (__udivmoddi4)
c:/program files (x86)/embitz/1.11/share/em_armgcc/bin/../lib/gcc/arm-none-eabi/5.4.1/armv7e-m/fpu\libgcc.a(_dvmd_tls.o)
                              c:/program files (x86)/embitz/1.11/share/em_armgcc/bin/../lib/gcc/arm-none-eabi/5.4.1/armv7e-m/fpu\libgcc.a(_aeabi_uldivmod.o) (__aeabi_ldiv0)
c:/program files (x86)/embitz/1.11/share/em_armgcc/bin/../lib/gcc/arm-none-eabi/5.4.1/../../../../arm-none-eabi/lib/armv7e-m/fpu\libg_n.a(lib_a-assert.o)
                              obj\debug\lib\i2c_rw_register\i2c_rw_register.o (__assert_func)
c:/program files (x86)/embitz/1.11/share/em_armgcc/bin/../lib/gcc/arm-none-eabi/5.4.1/../../../../arm-none-eabi/lib/armv7e-m/fpu\libg_n.a(lib_a-exit.o)
                              c:/program files (x86)/embitz/1.11/share/em_armgcc/bin/../lib/gcc/arm-none-eabi/5.4.1/../../../../arm-none-eabi/lib/armv7e-m/fpu/crt0.o (exit)
c:/program files (x86)/embitz/1.11/share/em_armgcc/bin/../lib/gcc/arm-none-eabi/5.4.1/../../../../arm-none-eabi/lib/armv7e-m/fpu\libg_n.a(lib_a-fprintf.o)
                              c:/program files (x86)/embitz/1.11/share/em_armgcc/bin/../lib/gcc/arm-none-eabi/5.4.1/../../../../arm-none-eabi/lib/armv7e-m/fpu\libg_n.a(lib_a-assert.o) (fiprintf)
c:/program files (x86)/embitz/1.11/share/em_armgcc/bin/../lib/gcc/arm-none-eabi/5.4.1/../../../../arm-none-eabi/lib/armv7e-m/fpu\libg_n.a(lib_a-impure.o)
                              c:/program files (x86)/embitz/1.11/share/em_armgcc/bin/../lib/gcc/arm-none-eabi/5.4.1/../../../../arm-none-eabi/lib/armv7e-m/fpu\libg_n.a(lib_a-exit.o) (_global_impure_ptr)
c:/program files (x86)/embitz/1.11/share/em_armgcc/bin/../lib/gcc/arm-none-eabi/5.4.1/../../../../arm-none-eabi/lib/armv7e-m/fpu\libg_n.a(lib_a-init.o)
                              c:/program files (x86)/embitz/1.11/share/em_armgcc/bin/../lib/gcc/arm-none-eabi/5.4.1/../../../../arm-none-eabi/lib/armv7e-m/fpu/crt0.o (__libc_init_array)
c:/program files (x86)/embitz/1.11/share/em_armgcc/bin/../lib/gcc/arm-none-eabi/5.4.1/../../../../arm-none-eabi/lib/armv7e-m/fpu\libg_n.a(lib_a-malloc.o)
                              obj\debug\~#\~#\services\src\message.o (malloc)
c:/program files (x86)/embitz/1.11/share/em_armgcc/bin/../lib/gcc/arm-none-eabi/5.4.1/../../../../arm-none-eabi/lib/armv7e-m/fpu\libg_n.a(lib_a-memset.o)
                              c:/program files (x86)/embitz/1.11/share/em_armgcc/bin/../lib/gcc/arm-none-eabi/5.4.1/../../../../arm-none-eabi/lib/armv7e-m/fpu/crt0.o (memset)
c:/program files (x86)/embitz/1.11/share/em_armgcc/bin/../lib/gcc/arm-none-eabi/5.4.1/../../../../arm-none-eabi/lib/armv7e-m/fpu\libg_n.a(lib_a-nano-freer.o)
                              c:/program files (x86)/embitz/1.11/share/em_armgcc/bin/../lib/gcc/arm-none-eabi/5.4.1/../../../../arm-none-eabi/lib/armv7e-m/fpu\libg_n.a(lib_a-malloc.o) (_free_r)
c:/program files (x86)/embitz/1.11/share/em_armgcc/bin/../lib/gcc/arm-none-eabi/5.4.1/../../../../arm-none-eabi/lib/armv7e-m/fpu\libg_n.a(lib_a-nano-mallocr.o)
                              c:/program files (x86)/embitz/1.11/share/em_armgcc/bin/../lib/gcc/arm-none-eabi/5.4.1/../../../../arm-none-eabi/lib/armv7e-m/fpu\libg_n.a(lib_a-malloc.o) (_malloc_r)
c:/program files (x86)/embitz/1.11/share/em_armgcc/bin/../lib/gcc/arm-none-eabi/5.4.1/../../../../arm-none-eabi/lib/armv7e-m/fpu\libg_n.a(lib_a-nano-vfprintf.o)
                              c:/program files (x86)/embitz/1.11/share/em_armgcc/bin/../lib/gcc/arm-none-eabi/5.4.1/../../../../arm-none-eabi/lib/armv7e-m/fpu\libg_n.a(lib_a-fprintf.o) (_vfprintf_r)
c:/program files (x86)/embitz/1.11/share/em_armgcc/bin/../lib/gcc/arm-none-eabi/5.4.1/../../../../arm-none-eabi/lib/armv7e-m/fpu\libg_n.a(lib_a-nano-vfprintf_i.o)
                              c:/program files (x86)/embitz/1.11/share/em_armgcc/bin/../lib/gcc/arm-none-eabi/5.4.1/../../../../arm-none-eabi/lib/armv7e-m/fpu\libg_n.a(lib_a-nano-vfprintf.o) (_printf_i)
c:/program files (x86)/embitz/1.11/share/em_armgcc/bin/../lib/gcc/arm-none-eabi/5.4.1/../../../../arm-none-eabi/lib/armv7e-m/fpu\libg_n.a(lib_a-sbrkr.o)
                              c:/program files (x86)/embitz/1.11/share/em_armgcc/bin/../lib/gcc/arm-none-eabi/5.4.1/../../../../arm-none-eabi/lib/armv7e-m/fpu\libg_n.a(lib_a-nano-mallocr.o) (_sbrk_r)
[...]
Memory Configuration

Name             Origin             Length             Attributes
m_interrupts     0x1fff8000         0x00000300         xr
m_text           0x1fff8300         0x00006000         xr
m_heap           0x1fffe300         0x00001d00         rw
m_data           0x20000000         0x00008000         rw
*default*        0x00000000         0xffffffff

Linker script and memory map

LOAD c:/program files (x86)/embitz/1.11/share/em_armgcc/bin/../lib/gcc/arm-none-eabi/5.4.1/armv7e-m/fpu/crti.o
LOAD c:/program files (x86)/embitz/1.11/share/em_armgcc/bin/../lib/gcc/arm-none-eabi/5.4.1/armv7e-m/fpu/crtbegin.o
LOAD c:/program files (x86)/embitz/1.11/share/em_armgcc/bin/../lib/gcc/arm-none-eabi/5.4.1/../../../../arm-none-eabi/lib/armv7e-m/fpu/crt0.o
                0x00010000                __HEAP_SIZE = 0x10000
                0x00000400                __STACK_SIZE = 0x400
                0x00001000                HEAP_SIZE = DEFINED (__heap_size__)?__heap_size__:0x1000
                0x00002000                STACK_SIZE = DEFINED (__stack_size__)?__stack_size__:0x2000

.interrupts     0x1fff8000      0x240
                0x1fff8000                __VECTOR_TABLE = .
                0x1fff8000                . = ALIGN (0x4)
 *(.isr_vector)
 .isr_vector    0x1fff8000      0x240 obj\debug\~#\~#\os\config\src\cortexm4\os_internal_arch_cfg.o
                0x1fff8000                g_pfnVectors
                0x1fff8240                . = ALIGN (0x4)

.text           0x1fff8300     0x52f0
                0x1fff8300                . = ALIGN (0x4)
 *(.text)
 .text          0x1fff8300       0x5c c:/program files (x86)/embitz/1.11/share/em_armgcc/bin/../lib/gcc/arm-none-eabi/5.4.1/armv7e-m/fpu/crtbegin.o
 .text          0x1fff835c       0x74 c:/program files (x86)/embitz/1.11/share/em_armgcc/bin/../lib/gcc/arm-none-eabi/5.4.1/../../../../arm-none-eabi/lib/armv7e-m/fpu/crt0.o
                0x1fff835c                _start
                0x1fff835c                _mainCRTStartup
 .text          0x1fff83d0       0x38 obj\debug\~#\~#\os\config\src\cortexm4\os_internal_arch_cfg.o
                0x1fff83d0                NMI_Handler
                0x1fff83d8                HardFault_Handler
                0x1fff83e0                MemManage_Handler
                0x1fff83e8                BusFault_Handler
                0x1fff83f0                UsageFault_Handler
                0x1fff83f8                SVC_Handler
                0x1fff8400                DebugMon_Handler
 .text          0x1fff8408       0x7c obj\debug\~#\~#\os\osek\src\cortexm4\pendsv.o
                0x1fff8408                PendSV_Handler
 .text          0x1fff8484       0x58 obj\debug\~#\~#\platform\devices\mcimx6x\startup\gcc\startup_mcimx6x_m4.o
                0x1fff8484                Reset_Handler
 .text          0x1fff84dc       0x10 c:/program files (x86)/embitz/1.11/share/em_armgcc/bin/../lib/gcc/arm-none-eabi/5.4.1/../../../../arm-none-eabi/lib/armv7e-m/fpu\libg_n.a(lib_a-strlen.o)
                0x1fff84dc                strlen
 *fill*         0x1fff84ec        0x4 
 .text          0x1fff84f0       0xa0 c:/program files (x86)/embitz/1.11/share/em_armgcc/bin/../lib/gcc/arm-none-eabi/5.4.1/../../../../arm-none-eabi/lib/armv7e-m/fpu\libg_n.a(lib_a-memchr.o)
                0x1fff84f0                memchr
 *(.text*)
 .text.I2C_Enable
                0x1fff8590       0x24 obj\debug\lib\fxas21002c\fxas21002c.o
 .text.I2C_FXAS21002C_Init
                0x1fff85b4       0x48 obj\debug\lib\fxas21002c\fxas21002c.o
                0x1fff85b4                I2C_FXAS21002C_Init
 .text.FXAS21002C_WhoAmI_Check
                0x1fff85fc       0x48 obj\debug\lib\fxas21002c\fxas21002c.o
                0x1fff85fc                FXAS21002C_WhoAmI_Check
 .text.FXAS21002C_Init
                0x1fff8644       0x30 obj\debug\lib\fxas21002c\fxas21002c.o
                0x1fff8644                FXAS21002C_Init
 .text.FXAS21002C_GetGyro
                0x1fff8674      0x168 obj\debug\lib\fxas21002c\fxas21002c.o
                0x1fff8674                FXAS21002C_GetGyro
 .text.I2C_Enable
                0x1fff87dc       0x24 obj\debug\lib\fxos8700cq\fxos8700cq.o
 .text.I2C_FXOS8700CQ_Init
                0x1fff8800       0x48 obj\debug\lib\fxos8700cq\fxos8700cq.o
                0x1fff8800                I2C_FXOS8700CQ_Init
 .text.FXOS8700CQ_Standby
                0x1fff8848       0x2c obj\debug\lib\fxos8700cq\fxos8700cq.o
                0x1fff8848                FXOS8700CQ_Standby
 .text.FXOS8700CQ_Active
                0x1fff8874       0x2c obj\debug\lib\fxos8700cq\fxos8700cq.o
                0x1fff8874                FXOS8700CQ_Active
 .text.FXOS8700CQ_Reset
                0x1fff88a0       0x1c obj\debug\lib\fxos8700cq\fxos8700cq.o
                0x1fff88a0                FXOS8700CQ_Reset
 .text.FXOS8700CQ_WhoAmI_Check
                0x1fff88bc       0x48 obj\debug\lib\fxos8700cq\fxos8700cq.o
                0x1fff88bc                FXOS8700CQ_WhoAmI_Check
 .text.FXOS8700CQ_Init
                0x1fff8904       0x48 obj\debug\lib\fxos8700cq\fxos8700cq.o
                0x1fff8904                FXOS8700CQ_Init
 .text.FXOS8700CQ_GetAccel
                0x1fff894c      0x14c obj\debug\lib\fxos8700cq\fxos8700cq.o
                0x1fff894c                FXOS8700CQ_GetAccel
 .text.I2C_SendRepeatStart
                0x1fff8a98       0x24 obj\debug\lib\i2c_rw_register\i2c_rw_register.o
 .text.I2C_SetWorkMode
                0x1fff8abc       0x50 obj\debug\lib\i2c_rw_register\i2c_rw_register.o
 .text.I2C_SetDirMode
                0x1fff8b0c       0x50 obj\debug\lib\i2c_rw_register\i2c_rw_register.o
 .text.I2C_WriteByte
                0x1fff8b5c       0x20 obj\debug\lib\i2c_rw_register\i2c_rw_register.o
 .text.I2C_ReadByte
                0x1fff8b7c       0x1c obj\debug\lib\i2c_rw_register\i2c_rw_register.o
 .text.I2C_GetStatusFlag
                0x1fff8b98       0x24 obj\debug\lib\i2c_rw_register\i2c_rw_register.o
 .text.I2C_ClearStatusFlag
                0x1fff8bbc       0x2c obj\debug\lib\i2c_rw_register\i2c_rw_register.o
 .text.I2C_WriteRegister
                0x1fff8be8       0x4c obj\debug\lib\i2c_rw_register\i2c_rw_register.o
                0x1fff8be8                I2C_WriteRegister
 .text.I2C_ReadRegister
                0x1fff8c34       0x5c obj\debug\lib\i2c_rw_register\i2c_rw_register.o
                0x1fff8c34                I2C_ReadRegister
 .text.I2C_MasterSendDataPolling
                0x1fff8c90       0xe8 obj\debug\lib\i2c_rw_register\i2c_rw_register.o
                0x1fff8c90                I2C_MasterSendDataPolling
 .text.I2C_MasterReceiveDataPolling
                0x1fff8d78      0x198 obj\debug\lib\i2c_rw_register\i2c_rw_register.o
                0x1fff8d78                I2C_MasterReceiveDataPolling
 .text.UART_Enable
                0x1fff8f10       0x24 obj\debug\lib\lora\lora.o
 .text.UART_SetTxFifoWatermark
                0x1fff8f34       0x54 obj\debug\lib\lora\lora.o
 .text.UART_SetRxFifoWatermark
                0x1fff8f88       0x4c obj\debug\lib\lora\lora.o
 .text.UART_Lora_Init
                0x1fff8fd4       0x60 obj\debug\lib\lora\lora.o
                0x1fff8fd4                UART_Lora_Init
 .text.hardware_init
                0x1fff9034       0x14 obj\debug\main\hardware_init.o
                0x1fff9034                hardware_init
 .text.main     0x1fff9048       0x34 obj\debug\main\wad_osek.o
                0x1fff9048                main
 .text.ErrorHook
                0x1fff907c       0x18 obj\debug\main\wad_osek.o
                0x1fff907c                ErrorHook
 .text.OSEK_TASK_TaskInit
                0x1fff9094       0x44 obj\debug\main\wad_osek.o
                0x1fff9094                OSEK_TASK_TaskInit
 .text.OSEK_TASK_TaskGetValue
                0x1fff90d8       0x1c obj\debug\main\wad_osek.o
                0x1fff90d8                OSEK_TASK_TaskGetValue
 .text.OSEK_TASK_TaskPeriodic
                0x1fff90f4       0x14 obj\debug\main\wad_osek.o
                0x1fff90f4                OSEK_TASK_TaskPeriodic
 .text.RDC_SetDomainID
                0x1fff9108       0x58 obj\debug\~#\~#\board\udoo_neo\src\board.o
 .text.RDC_SetPdapAccess
                0x1fff9160       0x54 obj\debug\~#\~#\board\udoo_neo\src\board.o
 .text.CCM_SetRootMux
                0x1fff91b4       0x60 obj\debug\~#\~#\board\udoo_neo\src\board.o
 .text.CCM_SetRootDivider
                0x1fff9214       0x60 obj\debug\~#\~#\board\udoo_neo\src\board.o
 .text.CCM_ControlGate
                0x1fff9274       0x60 obj\debug\~#\~#\board\udoo_neo\src\board.o
 .text.WDOG_DisablePowerdown
                0x1fff92d4       0x24 obj\debug\~#\~#\board\udoo_neo\src\board.o
 .text.BOARD_ClockInit
                0x1fff92f8       0x50 obj\debug\~#\~#\board\udoo_neo\src\board.o
                0x1fff92f8                BOARD_ClockInit
 .text.dbg_uart_init
                0x1fff9348       0x78 obj\debug\~#\~#\board\udoo_neo\src\board.o
                0x1fff9348                dbg_uart_init
 .text.BOARD_RdcInit
                0x1fff93c0       0x18 obj\debug\~#\~#\board\udoo_neo\src\board.o
                0x1fff93c0                BOARD_RdcInit
 .text.CCM_GetRootMux
                0x1fff93d8       0x40 obj\debug\~#\~#\board\udoo_neo\src\clock_freq.o
 .text.CCM_GetRootDivider
                0x1fff9418       0x40 obj\debug\~#\~#\board\udoo_neo\src\clock_freq.o
 .text.get_i2c_clock_freq
                0x1fff9458      0x170 obj\debug\~#\~#\board\udoo_neo\src\clock_freq.o
                0x1fff9458                get_i2c_clock_freq
 .text.get_uart_clock_freq
                0x1fff95c8       0x94 obj\debug\~#\~#\board\udoo_neo\src\clock_freq.o
                0x1fff95c8                get_uart_clock_freq
 .text.configure_uart_pins
                0x1fff965c       0x84 obj\debug\~#\~#\board\udoo_neo\src\pin_mux.o
                0x1fff965c                configure_uart_pins
 .text.Enable_User_ISRs
                0x1fff96e0       0x10 obj\debug\~#\~#\os\config\src\cortexm4\os_internal_arch_cfg.o
                0x1fff96e0                Enable_User_ISRs
 .text.ActivateTask
                0x1fff96f0      0x1d8 obj\debug\~#\~#\os\osek\src\activatetask.o
                0x1fff96f0                ActivateTask
 .text.ClearEvent
                0x1fff98c8      0x120 obj\debug\~#\~#\os\osek\src\clearevent.o
                0x1fff98c8                ClearEvent
 .text.ReturnHook_Arch
                0x1fff99e8        0x8 obj\debug\~#\~#\os\osek\src\cortexm4\os_internal_arch.o
                0x1fff99e8                ReturnHook_Arch
 .text.CheckTerminatingTask_Arch
                0x1fff99f0       0x24 obj\debug\~#\~#\os\osek\src\cortexm4\os_internal_arch.o
                0x1fff99f0                CheckTerminatingTask_Arch
 .text.InitStack_Arch
                0x1fff9a14       0xc8 obj\debug\~#\~#\os\osek\src\cortexm4\os_internal_arch.o
                0x1fff9a14                InitStack_Arch
 .text.SysTick_Handler
                0x1fff9adc       0xa4 obj\debug\~#\~#\os\osek\src\cortexm4\os_internal_arch.o
                0x1fff9adc                SysTick_Handler
 .text.StartOs_Arch_Cpu
                0x1fff9b80       0x10 obj\debug\~#\~#\os\osek\src\cortexm4\startos_arch.o
                0x1fff9b80                StartOs_Arch_Cpu
 .text.StartOs_Arch
                0x1fff9b90       0x30 obj\debug\~#\~#\os\osek\src\cortexm4\startos_arch.o
                0x1fff9b90                StartOs_Arch
 .text.NVIC_SetPriority
                0x1fff9bc0       0x54 obj\debug\~#\~#\os\osek\src\cortexm4\startos_arch_systick.o
 .text.SysTick_Config
                0x1fff9c14       0x44 obj\debug\~#\~#\os\osek\src\cortexm4\startos_arch_systick.o
 .text.StartOs_Arch_SysTick
                0x1fff9c58       0x48 obj\debug\~#\~#\os\osek\src\cortexm4\startos_arch_systick.o
                0x1fff9c58                StartOs_Arch_SysTick
 .text.AddReady
                0x1fff9ca0       0xb4 obj\debug\~#\~#\os\osek\src\os_internal.o
                0x1fff9ca0                AddReady
 .text.RemoveTask
                0x1fff9d54       0x98 obj\debug\~#\~#\os\osek\src\os_internal.o
                0x1fff9d54                RemoveTask
 .text.GetNextTask
                0x1fff9dec       0x6c obj\debug\~#\~#\os\osek\src\os_internal.o
                0x1fff9dec                GetNextTask
 .text.OSEK_ISR_NoHandler
                0x1fff9e58        0x8 obj\debug\~#\~#\os\osek\src\os_internal.o
                0x1fff9e58                OSEK_ISR_NoHandler
 .text.IncrementAlarm
                0x1fff9e60      0x244 obj\debug\~#\~#\os\osek\src\os_internal.o
                0x1fff9e60                IncrementAlarm
 .text.IncrementCounter
                0x1fffa0a4       0xec obj\debug\~#\~#\os\osek\src\os_internal.o
                0x1fffa0a4                IncrementCounter
 .text.Schedule
                0x1fffa190      0x2c8 obj\debug\~#\~#\os\osek\src\schedule.o
                0x1fffa190                Schedule
 .text.SetEvent
                0x1fffa458      0x268 obj\debug\~#\~#\os\osek\src\setevent.o
                0x1fffa458                SetEvent
 .text.ShutdownOS
                0x1fffa6c0        0xc obj\debug\~#\~#\os\osek\src\shutdownos.o
                0x1fffa6c0                ShutdownOS
 .text.StartOS  0x1fffa6cc       0xcc obj\debug\~#\~#\os\osek\src\startos.o
                0x1fffa6cc                StartOS
 .text.TerminateTask
                0x1fffa798      0x144 obj\debug\~#\~#\os\osek\src\terminatetask.o
                0x1fffa798                TerminateTask
 .text.WaitEvent
                0x1fffa8dc      0x240 obj\debug\~#\~#\os\osek\src\waitevent.o
                0x1fffa8dc                WaitEvent
 .text.SystemInit
                0x1fffab1c       0x90 obj\debug\~#\~#\platform\devices\mcimx6x\startup\system_mcimx6x_m4.o
                0x1fffab1c                SystemInit
 .text.CCM_ANALOG_IsPllBypassed
                0x1fffabac       0x30 obj\debug\~#\~#\platform\drivers\src\ccm_analog_imx6sx.o
 .text.CCM_ANALOG_GetPllFreq
                0x1fffabdc      0x1bc obj\debug\~#\~#\platform\drivers\src\ccm_analog_imx6sx.o
                0x1fffabdc                CCM_ANALOG_GetPllFreq
 .text.I2C_SetSlaveAddress
                0x1fffad98       0x54 obj\debug\~#\~#\platform\drivers\src\i2c_imx.o
 .text.I2C_Init
                0x1fffadec       0x64 obj\debug\~#\~#\platform\drivers\src\i2c_imx.o
                0x1fffadec                I2C_Init
 .text.I2C_Deinit
                0x1fffae50       0x38 obj\debug\~#\~#\platform\drivers\src\i2c_imx.o
                0x1fffae50                I2C_Deinit
 .text.I2C_SetBaudRate
                0x1fffae88       0x8c obj\debug\~#\~#\platform\drivers\src\i2c_imx.o
                0x1fffae88                I2C_SetBaudRate
 .text.I2C_SetAckBit
                0x1fffaf14       0x40 obj\debug\~#\~#\platform\drivers\src\i2c_imx.o
                0x1fffaf14                I2C_SetAckBit
 .text.UART_Init
                0x1fffaf54       0x90 obj\debug\~#\~#\platform\drivers\src\uart_imx.o
                0x1fffaf54                UART_Init
 .text.UART_Deinit
                0x1fffafe4       0x9c obj\debug\~#\~#\platform\drivers\src\uart_imx.o
                0x1fffafe4                UART_Deinit
 .text.UART_SetBaudRate
                0x1fffb080      0x1a0 obj\debug\~#\~#\platform\drivers\src\uart_imx.o
                0x1fffb080                UART_SetBaudRate
 .text.UART_GetStatusFlag
                0x1fffb220       0x40 obj\debug\~#\~#\platform\drivers\src\uart_imx.o
                0x1fffb220                UART_GetStatusFlag
 .text.UART_Enable
                0x1fffb260       0x24 obj\debug\~#\~#\platform\utilities\src\debug_console_imx.o
 .text.UART_Putchar
                0x1fffb284       0x20 obj\debug\~#\~#\platform\utilities\src\debug_console_imx.o
 .text.UART_Getchar
                0x1fffb2a4       0x1c obj\debug\~#\~#\platform\utilities\src\debug_console_imx.o
 .text.DbgConsole_Init
                0x1fffb2c0       0x78 obj\debug\~#\~#\platform\utilities\src\debug_console_imx.o
                0x1fffb2c0                DbgConsole_Init
 .text._write   0x1fffb338       0x5c obj\debug\~#\~#\platform\utilities\src\debug_console_imx.o
                0x1fffb338                _write
 .text._read    0x1fffb394       0x48 obj\debug\~#\~#\platform\utilities\src\debug_console_imx.o
                0x1fffb394                _read
 .text.debug_printf
                0x1fffb3dc       0x50 obj\debug\~#\~#\platform\utilities\src\debug_console_imx.o
                0x1fffb3dc                debug_printf
 .text.debug_putc
                0x1fffb42c       0x44 obj\debug\~#\~#\platform\utilities\src\debug_console_imx.o
 .text.UART_SendDataPolling
                0x1fffb470       0x4c obj\debug\~#\~#\platform\utilities\src\debug_console_imx.o
 .text.UART_ReceiveDataPolling
                0x1fffb4bc       0x4c obj\debug\~#\~#\platform\utilities\src\debug_console_imx.o
 .text._doprint
                0x1fffb508      0x740 obj\debug\~#\~#\platform\utilities\src\print_scan.o
                0x1fffb508                _doprint
 .text.mknumstr
                0x1fffbc48      0x10c obj\debug\~#\~#\platform\utilities\src\print_scan.o
 .text.fput_pad
                0x1fffbd54       0x40 obj\debug\~#\~#\platform\utilities\src\print_scan.o
 .text.__assert_func
                0x1fffbd94       0x3c c:/program files (x86)/embitz/1.11/share/em_armgcc/bin/../lib/gcc/arm-none-eabi/5.4.1/../../../../arm-none-eabi/lib/armv7e-m/fpu\libg_n.a(lib_a-assert.o)
                0x1fffbd94                __assert_func
 .text.exit     0x1fffbdd0       0x28 c:/program files (x86)/embitz/1.11/share/em_armgcc/bin/../lib/gcc/arm-none-eabi/5.4.1/../../../../arm-none-eabi/lib/armv7e-m/fpu\libg_n.a(lib_a-exit.o)
                0x1fffbdd0                exit
 .text.fprintf  0x1fffbdf8       0x24 c:/program files (x86)/embitz/1.11/share/em_armgcc/bin/../lib/gcc/arm-none-eabi/5.4.1/../../../../arm-none-eabi/lib/armv7e-m/fpu\libg_n.a(lib_a-fprintf.o)
                0x1fffbdf8                fiprintf
                0x1fffbdf8                fprintf
 .text.__libc_init_array
                0x1fffbe1c       0x4c c:/program files (x86)/embitz/1.11/share/em_armgcc/bin/../lib/gcc/arm-none-eabi/5.4.1/../../../../arm-none-eabi/lib/armv7e-m/fpu\libg_n.a(lib_a-init.o)
                0x1fffbe1c                __libc_init_array
 .text.memset   0x1fffbe68       0x10 c:/program files (x86)/embitz/1.11/share/em_armgcc/bin/../lib/gcc/arm-none-eabi/5.4.1/../../../../arm-none-eabi/lib/armv7e-m/fpu\libg_n.a(lib_a-memset.o)
                0x1fffbe68                memset
 .text._free_r  0x1fffbe78       0x9c c:/program files (x86)/embitz/1.11/share/em_armgcc/bin/../lib/gcc/arm-none-eabi/5.4.1/../../../../arm-none-eabi/lib/armv7e-m/fpu\libg_n.a(lib_a-nano-freer.o)
                0x1fffbe78                _free_r
 .text._malloc_r
                0x1fffbf14       0xbc c:/program files (x86)/embitz/1.11/share/em_armgcc/bin/../lib/gcc/arm-none-eabi/5.4.1/../../../../arm-none-eabi/lib/armv7e-m/fpu\libg_n.a(lib_a-nano-mallocr.o)
                0x1fffbf14                _malloc_r
 .text.__sfputc_r
                0x1fffbfd0       0x30 c:/program files (x86)/embitz/1.11/share/em_armgcc/bin/../lib/gcc/arm-none-eabi/5.4.1/../../../../arm-none-eabi/lib/armv7e-m/fpu\libg_n.a(lib_a-nano-vfprintf.o)
 .text.__sfputs_r
                0x1fffc000       0x24 c:/program files (x86)/embitz/1.11/share/em_armgcc/bin/../lib/gcc/arm-none-eabi/5.4.1/../../../../arm-none-eabi/lib/armv7e-m/fpu\libg_n.a(lib_a-nano-vfprintf.o)
                0x1fffc000                __sfputs_r
 .text._vfprintf_r
                0x1fffc024      0x238 c:/program files (x86)/embitz/1.11/share/em_armgcc/bin/../lib/gcc/arm-none-eabi/5.4.1/../../../../arm-none-eabi/lib/armv7e-m/fpu\libg_n.a(lib_a-nano-vfprintf.o)
                0x1fffc024                _vfprintf_r
                0x1fffc024                _vfiprintf_r
 .text._printf_common
                0x1fffc25c       0xec c:/program files (x86)/embitz/1.11/share/em_armgcc/bin/../lib/gcc/arm-none-eabi/5.4.1/../../../../arm-none-eabi/lib/armv7e-m/fpu\libg_n.a(lib_a-nano-vfprintf_i.o)
                0x1fffc25c                _printf_common
 .text._printf_i
                0x1fffc348      0x24c c:/program files (x86)/embitz/1.11/share/em_armgcc/bin/../lib/gcc/arm-none-eabi/5.4.1/../../../../arm-none-eabi/lib/armv7e-m/fpu\libg_n.a(lib_a-nano-vfprintf_i.o)
                0x1fffc348                _printf_i
 .text._sbrk_r  0x1fffc594       0x20 c:/program files (x86)/embitz/1.11/share/em_armgcc/bin/../lib/gcc/arm-none-eabi/5.4.1/../../../../arm-none-eabi/lib/armv7e-m/fpu\libg_n.a(lib_a-sbrkr.o)
                0x1fffc594                _sbrk_r
 .text.__swbuf_r
                0x1fffc5b4       0xa8 c:/program files (x86)/embitz/1.11/share/em_armgcc/bin/../lib/gcc/arm-none-eabi/5.4.1/../../../../arm-none-eabi/lib/armv7e-m/fpu\libg_n.a(lib_a-wbuf.o)
                0x1fffc5b4                __swbuf_r
 .text.__swsetup_r
                0x1fffc65c       0xdc c:/program files (x86)/embitz/1.11/share/em_armgcc/bin/../lib/gcc/arm-none-eabi/5.4.1/../../../../arm-none-eabi/lib/armv7e-m/fpu\libg_n.a(lib_a-wsetup.o)
                0x1fffc65c                __swsetup_r
 .text.abort    0x1fffc738        0xe c:/program files (x86)/embitz/1.11/share/em_armgcc/bin/../lib/gcc/arm-none-eabi/5.4.1/../../../../arm-none-eabi/lib/armv7e-m/fpu\libg_n.a(lib_a-abort.o)
                0x1fffc738                abort
 *fill*         0x1fffc746        0x2 
 .text.__sflush_r
                0x1fffc748      0x110 c:/program files (x86)/embitz/1.11/share/em_armgcc/bin/../lib/gcc/arm-none-eabi/5.4.1/../../../../arm-none-eabi/lib/armv7e-m/fpu\libg_n.a(lib_a-fflush.o)
                0x1fffc748                __sflush_r
 .text._fflush_r
                0x1fffc858       0x54 c:/program files (x86)/embitz/1.11/share/em_armgcc/bin/../lib/gcc/arm-none-eabi/5.4.1/../../../../arm-none-eabi/lib/armv7e-m/fpu\libg_n.a(lib_a-fflush.o)
                0x1fffc858                _fflush_r
 .text._cleanup_r
                0x1fffc8ac        0xc c:/program files (x86)/embitz/1.11/share/em_armgcc/bin/../lib/gcc/arm-none-eabi/5.4.1/../../../../arm-none-eabi/lib/armv7e-m/fpu\libg_n.a(lib_a-findfp.o)
                0x1fffc8ac                _cleanup_r
 .text.std.isra.0
                0x1fffc8b8       0x48 c:/program files (x86)/embitz/1.11/share/em_armgcc/bin/../lib/gcc/arm-none-eabi/5.4.1/../../../../arm-none-eabi/lib/armv7e-m/fpu\libg_n.a(lib_a-findfp.o)
 .text.__sfmoreglue
                0x1fffc900       0x2c c:/program files (x86)/embitz/1.11/share/em_armgcc/bin/../lib/gcc/arm-none-eabi/5.4.1/../../../../arm-none-eabi/lib/armv7e-m/fpu\libg_n.a(lib_a-findfp.o)
                0x1fffc900                __sfmoreglue
 .text.__sinit  0x1fffc92c       0x60 c:/program files (x86)/embitz/1.11/share/em_armgcc/bin/../lib/gcc/arm-none-eabi/5.4.1/../../../../arm-none-eabi/lib/armv7e-m/fpu\libg_n.a(lib_a-findfp.o)
                0x1fffc92c                __sinit
 .text.__sfp    0x1fffc98c       0x78 c:/program files (x86)/embitz/1.11/share/em_armgcc/bin/../lib/gcc/arm-none-eabi/5.4.1/../../../../arm-none-eabi/lib/armv7e-m/fpu\libg_n.a(lib_a-findfp.o)
                0x1fffc98c                __sfp
 .text._fwalk_reent
                0x1fffca04       0x3c c:/program files (x86)/embitz/1.11/share/em_armgcc/bin/../lib/gcc/arm-none-eabi/5.4.1/../../../../arm-none-eabi/lib/armv7e-m/fpu\libg_n.a(lib_a-fwalk.o)
                0x1fffca04                _fwalk_reent
 .text.__swhatbuf_r
                0x1fffca40       0x46 c:/program files (x86)/embitz/1.11/share/em_armgcc/bin/../lib/gcc/arm-none-eabi/5.4.1/../../../../arm-none-eabi/lib/armv7e-m/fpu\libg_n.a(lib_a-makebuf.o)
                0x1fffca40                __swhatbuf_r
 *fill*         0x1fffca86        0x2 
 .text.__smakebuf_r
                0x1fffca88       0x78 c:/program files (x86)/embitz/1.11/share/em_armgcc/bin/../lib/gcc/arm-none-eabi/5.4.1/../../../../arm-none-eabi/lib/armv7e-m/fpu\libg_n.a(lib_a-makebuf.o)
                0x1fffca88                __smakebuf_r
 .text.__malloc_lock
                0x1fffcb00        0x2 c:/program files (x86)/embitz/1.11/share/em_armgcc/bin/../lib/gcc/arm-none-eabi/5.4.1/../../../../arm-none-eabi/lib/armv7e-m/fpu\libg_n.a(lib_a-mlock.o)
                0x1fffcb00                __malloc_lock
 .text.__malloc_unlock
                0x1fffcb02        0x2 c:/program files (x86)/embitz/1.11/share/em_armgcc/bin/../lib/gcc/arm-none-eabi/5.4.1/../../../../arm-none-eabi/lib/armv7e-m/fpu\libg_n.a(lib_a-mlock.o)
                0x1fffcb02                __malloc_unlock
 .text._raise_r
                0x1fffcb04       0x54 c:/program files (x86)/embitz/1.11/share/em_armgcc/bin/../lib/gcc/arm-none-eabi/5.4.1/../../../../arm-none-eabi/lib/armv7e-m/fpu\libg_n.a(lib_a-signal.o)
                0x1fffcb04                _raise_r
 .text.raise    0x1fffcb58       0x10 c:/program files (x86)/embitz/1.11/share/em_armgcc/bin/../lib/gcc/arm-none-eabi/5.4.1/../../../../arm-none-eabi/lib/armv7e-m/fpu\libg_n.a(lib_a-signal.o)
                0x1fffcb58                raise
 .text._kill_r  0x1fffcb68       0x24 c:/program files (x86)/embitz/1.11/share/em_armgcc/bin/../lib/gcc/arm-none-eabi/5.4.1/../../../../arm-none-eabi/lib/armv7e-m/fpu\libg_n.a(lib_a-signalr.o)
                0x1fffcb68                _kill_r
 .text._getpid_r
                0x1fffcb8c        0x4 c:/program files (x86)/embitz/1.11/share/em_armgcc/bin/../lib/gcc/arm-none-eabi/5.4.1/../../../../arm-none-eabi/lib/armv7e-m/fpu\libg_n.a(lib_a-signalr.o)
                0x1fffcb8c                _getpid_r
 .text.__sread  0x1fffcb90       0x22 c:/program files (x86)/embitz/1.11/share/em_armgcc/bin/../lib/gcc/arm-none-eabi/5.4.1/../../../../arm-none-eabi/lib/armv7e-m/fpu\libg_n.a(lib_a-stdio.o)
                0x1fffcb90                __sread
 .text.__swrite
                0x1fffcbb2       0x38 c:/program files (x86)/embitz/1.11/share/em_armgcc/bin/../lib/gcc/arm-none-eabi/5.4.1/../../../../arm-none-eabi/lib/armv7e-m/fpu\libg_n.a(lib_a-stdio.o)
                0x1fffcbb2                __swrite
 .text.__sseek  0x1fffcbea       0x24 c:/program files (x86)/embitz/1.11/share/em_armgcc/bin/../lib/gcc/arm-none-eabi/5.4.1/../../../../arm-none-eabi/lib/armv7e-m/fpu\libg_n.a(lib_a-stdio.o)
                0x1fffcbea                __sseek
 .text.__sclose
                0x1fffcc0e        0x8 c:/program files (x86)/embitz/1.11/share/em_armgcc/bin/../lib/gcc/arm-none-eabi/5.4.1/../../../../arm-none-eabi/lib/armv7e-m/fpu\libg_n.a(lib_a-stdio.o)
                0x1fffcc0e                __sclose
 *fill*         0x1fffcc16        0x2 
 .text._write_r
                0x1fffcc18       0x24 c:/program files (x86)/embitz/1.11/share/em_armgcc/bin/../lib/gcc/arm-none-eabi/5.4.1/../../../../arm-none-eabi/lib/armv7e-m/fpu\libg_n.a(lib_a-writer.o)
                0x1fffcc18                _write_r
 .text._close_r
                0x1fffcc3c       0x20 c:/program files (x86)/embitz/1.11/share/em_armgcc/bin/../lib/gcc/arm-none-eabi/5.4.1/../../../../arm-none-eabi/lib/armv7e-m/fpu\libg_n.a(lib_a-closer.o)
                0x1fffcc3c                _close_r
 .text._fstat_r
                0x1fffcc5c       0x24 c:/program files (x86)/embitz/1.11/share/em_armgcc/bin/../lib/gcc/arm-none-eabi/5.4.1/../../../../arm-none-eabi/lib/armv7e-m/fpu\libg_n.a(lib_a-fstatr.o)
                0x1fffcc5c                _fstat_r
 .text._isatty_r
                0x1fffcc80       0x20 c:/program files (x86)/embitz/1.11/share/em_armgcc/bin/../lib/gcc/arm-none-eabi/5.4.1/../../../../arm-none-eabi/lib/armv7e-m/fpu\libg_n.a(lib_a-isattyr.o)
                0x1fffcc80                _isatty_r
 .text._lseek_r
                0x1fffcca0       0x24 c:/program files (x86)/embitz/1.11/share/em_armgcc/bin/../lib/gcc/arm-none-eabi/5.4.1/../../../../arm-none-eabi/lib/armv7e-m/fpu\libg_n.a(lib_a-lseekr.o)
                0x1fffcca0                _lseek_r
 .text._read_r  0x1fffccc4       0x24 c:/program files (x86)/embitz/1.11/share/em_armgcc/bin/../lib/gcc/arm-none-eabi/5.4.1/../../../../arm-none-eabi/lib/armv7e-m/fpu\libg_n.a(lib_a-readr.o)
                0x1fffccc4                _read_r
 .text._close   0x1fffcce8       0x10 c:/program files (x86)/embitz/1.11/share/em_armgcc/bin/../lib/gcc/arm-none-eabi/5.4.1/../../../../arm-none-eabi/lib/armv7e-m/fpu\libnosys_s.a(close.o)
                0x1fffcce8                _close
 .text._fstat   0x1fffccf8       0x10 c:/program files (x86)/embitz/1.11/share/em_armgcc/bin/../lib/gcc/arm-none-eabi/5.4.1/../../../../arm-none-eabi/lib/armv7e-m/fpu\libnosys_s.a(fstat.o)
                0x1fffccf8                _fstat
 .text._getpid  0x1fffcd08       0x10 c:/program files (x86)/embitz/1.11/share/em_armgcc/bin/../lib/gcc/arm-none-eabi/5.4.1/../../../../arm-none-eabi/lib/armv7e-m/fpu\libnosys_s.a(getpid.o)
                0x1fffcd08                _getpid
 .text._isatty  0x1fffcd18       0x10 c:/program files (x86)/embitz/1.11/share/em_armgcc/bin/../lib/gcc/arm-none-eabi/5.4.1/../../../../arm-none-eabi/lib/armv7e-m/fpu\libnosys_s.a(isatty.o)
                0x1fffcd18                _isatty
 .text._kill    0x1fffcd28       0x10 c:/program files (x86)/embitz/1.11/share/em_armgcc/bin/../lib/gcc/arm-none-eabi/5.4.1/../../../../arm-none-eabi/lib/armv7e-m/fpu\libnosys_s.a(kill.o)
                0x1fffcd28                _kill
 .text._lseek   0x1fffcd38       0x10 c:/program files (x86)/embitz/1.11/share/em_armgcc/bin/../lib/gcc/arm-none-eabi/5.4.1/../../../../arm-none-eabi/lib/armv7e-m/fpu\libnosys_s.a(lseek.o)
                0x1fffcd38                _lseek
 .text._sbrk    0x1fffcd48       0x1c c:/program files (x86)/embitz/1.11/share/em_armgcc/bin/../lib/gcc/arm-none-eabi/5.4.1/../../../../arm-none-eabi/lib/armv7e-m/fpu\libnosys_s.a(sbrk.o)
                0x1fffcd48                _sbrk
 .text._exit    0x1fffcd64        0x2 c:/program files (x86)/embitz/1.11/share/em_armgcc/bin/../lib/gcc/arm-none-eabi/5.4.1/../../../../arm-none-eabi/lib/armv7e-m/fpu\libnosys_s.a(_exit.o)
                0x1fffcd64                _exit
 *(.rodata)
 *fill*         0x1fffcd66        0x2 
 .rodata        0x1fffcd68       0x80 obj\debug\lib\fxas21002c\fxas21002c.o
 .rodata        0x1fffcde8       0x89 obj\debug\lib\fxos8700cq\fxos8700cq.o
 *fill*         0x1fffce71        0x3 
 .rodata        0x1fffce74       0xaa obj\debug\lib\i2c_rw_register\i2c_rw_register.o
 *fill*         0x1fffcf1e        0x2 
 .rodata        0x1fffcf20       0x64 obj\debug\lib\lora\lora.o
 .rodata        0x1fffcf84       0x7e obj\debug\main\wad_osek.o
 *fill*         0x1fffd002        0x2 
 .rodata        0x1fffd004       0x46 obj\debug\~#\~#\board\udoo_neo\src\board.o
 *fill*         0x1fffd04a        0x2 
 .rodata        0x1fffd04c       0x87 obj\debug\~#\~#\platform\drivers\src\i2c_imx.o
 *fill*         0x1fffd0d3        0x1 
 .rodata        0x1fffd0d4      0x12e obj\debug\~#\~#\platform\drivers\src\uart_imx.o
 *(.rodata*)
 *fill*         0x1fffd202        0x2 
 .rodata.__func__.8711
                0x1fffd204       0x10 obj\debug\lib\i2c_rw_register\i2c_rw_register.o
 .rodata.__func__.8716
                0x1fffd214        0xf obj\debug\lib\i2c_rw_register\i2c_rw_register.o
 *fill*         0x1fffd223        0x1 
 .rodata.__func__.8146
                0x1fffd224       0x18 obj\debug\lib\lora\lora.o
 .rodata.__func__.8151
                0x1fffd23c       0x18 obj\debug\lib\lora\lora.o
 .rodata.__func__.8971
                0x1fffd254       0x10 obj\debug\~#\~#\board\udoo_neo\src\board.o
 .rodata.OSEK_ALARMLIST_HardwareCounter
                0x1fffd264        0x2 obj\debug\~#\~#\os\config\src\os_internal_cfg.o
                0x1fffd264                OSEK_ALARMLIST_HardwareCounter
 *fill*         0x1fffd266        0x2 
 .rodata.TasksConst
                0x1fffd268       0x70 obj\debug\~#\~#\os\config\src\os_internal_cfg.o
                0x1fffd268                TasksConst
 .rodata.TasksAppModeAppMode1
                0x1fffd2d8        0x2 obj\debug\~#\~#\os\config\src\os_internal_cfg.o
                0x1fffd2d8                TasksAppModeAppMode1
 *fill*         0x1fffd2da        0x2 
 .rodata.AutoStart
                0x1fffd2dc        0x8 obj\debug\~#\~#\os\config\src\os_internal_cfg.o
                0x1fffd2dc                AutoStart
 .rodata.ReadyConst
                0x1fffd2e4       0x18 obj\debug\~#\~#\os\config\src\os_internal_cfg.o
                0x1fffd2e4                ReadyConst
 .rodata.AlarmsConst
                0x1fffd2fc       0x28 obj\debug\~#\~#\os\config\src\os_internal_cfg.o
                0x1fffd2fc                AlarmsConst
 .rodata.CountersConst
                0x1fffd324       0x14 obj\debug\~#\~#\os\config\src\os_internal_cfg.o
                0x1fffd324                CountersConst
 .rodata.i2cClkDivTab
                0x1fffd338      0x190 obj\debug\~#\~#\platform\drivers\src\i2c_imx.o
 .rodata.__func__.8054
                0x1fffd4c8        0x9 obj\debug\~#\~#\platform\drivers\src\i2c_imx.o
 *fill*         0x1fffd4d1        0x3 
 .rodata.__func__.8014
                0x1fffd4d4       0x14 obj\debug\~#\~#\platform\drivers\src\i2c_imx.o
 .rodata.__func__.8065
                0x1fffd4e8       0x10 obj\debug\~#\~#\platform\drivers\src\i2c_imx.o
 .rodata.__func__.8234
                0x1fffd4f8        0xa obj\debug\~#\~#\platform\drivers\src\uart_imx.o
 .rodata.str1.1
                0x1fffd502       0x3c c:/program files (x86)/embitz/1.11/share/em_armgcc/bin/../lib/gcc/arm-none-eabi/5.4.1/../../../../arm-none-eabi/lib/armv7e-m/fpu\libg_n.a(lib_a-assert.o)
                                 0x3d (size before relaxing)
 .rodata.str1.1
                0x1fffd53e        0x2 c:/program files (x86)/embitz/1.11/share/em_armgcc/bin/../lib/gcc/arm-none-eabi/5.4.1/../../../../arm-none-eabi/lib/armv7e-m/fpu\libg_n.a(lib_a-impure.o)
 .rodata._global_impure_ptr
                0x1fffd540        0x4 c:/program files (x86)/embitz/1.11/share/em_armgcc/bin/../lib/gcc/arm-none-eabi/5.4.1/../../../../arm-none-eabi/lib/armv7e-m/fpu\libg_n.a(lib_a-impure.o)
                0x1fffd540                _global_impure_ptr
 .rodata.str1.1
                0x1fffd544       0x11 c:/program files (x86)/embitz/1.11/share/em_armgcc/bin/../lib/gcc/arm-none-eabi/5.4.1/../../../../arm-none-eabi/lib/armv7e-m/fpu\libg_n.a(lib_a-nano-vfprintf.o)
 .rodata.str1.1
                0x1fffd555       0x22 c:/program files (x86)/embitz/1.11/share/em_armgcc/bin/../lib/gcc/arm-none-eabi/5.4.1/../../../../arm-none-eabi/lib/armv7e-m/fpu\libg_n.a(lib_a-nano-vfprintf_i.o)
 *fill*         0x1fffd577        0x1 
 .rodata.__sf_fake_stdin
                0x1fffd578       0x20 c:/program files (x86)/embitz/1.11/share/em_armgcc/bin/../lib/gcc/arm-none-eabi/5.4.1/../../../../arm-none-eabi/lib/armv7e-m/fpu\libg_n.a(lib_a-findfp.o)
                0x1fffd578                __sf_fake_stdin
 .rodata.__sf_fake_stdout
                0x1fffd598       0x20 c:/program files (x86)/embitz/1.11/share/em_armgcc/bin/../lib/gcc/arm-none-eabi/5.4.1/../../../../arm-none-eabi/lib/armv7e-m/fpu\libg_n.a(lib_a-findfp.o)
                0x1fffd598                __sf_fake_stdout
 .rodata.__sf_fake_stderr
                0x1fffd5b8       0x20 c:/program files (x86)/embitz/1.11/share/em_armgcc/bin/../lib/gcc/arm-none-eabi/5.4.1/../../../../arm-none-eabi/lib/armv7e-m/fpu\libg_n.a(lib_a-findfp.o)
                0x1fffd5b8                __sf_fake_stderr
 *(.glue_7)
 .glue_7        0x1fffd5d8        0x0 linker stubs
 *(.glue_7t)
 .glue_7t       0x1fffd5d8        0x0 linker stubs
 *(.eh_frame)
 .eh_frame      0x1fffd5d8        0x0 c:/program files (x86)/embitz/1.11/share/em_armgcc/bin/../lib/gcc/arm-none-eabi/5.4.1/armv7e-m/fpu/crtbegin.o
 *(.init)
 .init          0x1fffd5d8        0x4 c:/program files (x86)/embitz/1.11/share/em_armgcc/bin/../lib/gcc/arm-none-eabi/5.4.1/armv7e-m/fpu/crti.o
                0x1fffd5d8                _init
 .init          0x1fffd5dc        0x8 c:/program files (x86)/embitz/1.11/share/em_armgcc/bin/../lib/gcc/arm-none-eabi/5.4.1/armv7e-m/fpu/crtn.o
 *(.fini)
 .fini          0x1fffd5e4        0x4 c:/program files (x86)/embitz/1.11/share/em_armgcc/bin/../lib/gcc/arm-none-eabi/5.4.1/armv7e-m/fpu/crti.o
                0x1fffd5e4                _fini
 .fini          0x1fffd5e8        0x8 c:/program files (x86)/embitz/1.11/share/em_armgcc/bin/../lib/gcc/arm-none-eabi/5.4.1/armv7e-m/fpu/crtn.o
                0x1fffd5f0                . = ALIGN (0x4)

.vfp11_veneer   0x1fffd5f0        0x0
 .vfp11_veneer  0x1fffd5f0        0x0 linker stubs

.v4_bx          0x1fffd5f0        0x0
 .v4_bx         0x1fffd5f0        0x0 linker stubs

.iplt           0x1fffd5f0        0x0
 .iplt          0x1fffd5f0        0x0 c:/program files (x86)/embitz/1.11/share/em_armgcc/bin/../lib/gcc/arm-none-eabi/5.4.1/armv7e-m/fpu/crtbegin.o

.ARM.extab
 *(.ARM.extab* .gnu.linkonce.armextab.*)

.ARM            0x1fffd5f0        0x8
                0x1fffd5f0                __exidx_start = .
 *(.ARM.exidx*)
 .ARM.exidx     0x1fffd5f0        0x8 c:/program files (x86)/embitz/1.11/share/em_armgcc/bin/../lib/gcc/arm-none-eabi/5.4.1/../../../../arm-none-eabi/lib/armv7e-m/fpu/crt0.o
                0x1fffd5f8                __exidx_end = .

.rel.dyn        0x1fffd5f8        0x0
 .rel.iplt      0x1fffd5f8        0x0 c:/program files (x86)/embitz/1.11/share/em_armgcc/bin/../lib/gcc/arm-none-eabi/5.4.1/armv7e-m/fpu/crtbegin.o

.ctors          0x1fffd5f8        0x0
                0x1fffd5f8                __CTOR_LIST__ = .
 *crtbegin.o(.ctors)
 *crtbegin?.o(.ctors)
 *(EXCLUDE_FILE(*crtend.o *crtend?.o) .ctors)
 *(SORT(.ctors.*))
 *(.ctors)
                0x1fffd5f8                __CTOR_END__ = .

.dtors          0x1fffd5f8        0x0
                0x1fffd5f8                __DTOR_LIST__ = .
 *crtbegin.o(.dtors)
 *crtbegin?.o(.dtors)
 *(EXCLUDE_FILE(*crtend.o *crtend?.o) .dtors)
 *(SORT(.dtors.*))
 *(.dtors)
                0x1fffd5f8                __DTOR_END__ = .

.preinit_array  0x1fffd5f8        0x0
                0x1fffd5f8                PROVIDE (__preinit_array_start, .)
 *(.preinit_array*)
                0x1fffd5f8                PROVIDE (__preinit_array_end, .)

.init_array     0x1fffd5f8        0x4
                0x1fffd5f8                PROVIDE (__init_array_start, .)
 *(SORT(.init_array.*))
 *(.init_array*)
 .init_array    0x1fffd5f8        0x4 c:/program files (x86)/embitz/1.11/share/em_armgcc/bin/../lib/gcc/arm-none-eabi/5.4.1/armv7e-m/fpu/crtbegin.o
                0x1fffd5fc                PROVIDE (__init_array_end, .)

.fini_array     0x1fffd5fc        0x4
                [!provide]                PROVIDE (__fini_array_start, .)
 *(SORT(.fini_array.*))
 *(.fini_array*)
 .fini_array    0x1fffd5fc        0x4 c:/program files (x86)/embitz/1.11/share/em_armgcc/bin/../lib/gcc/arm-none-eabi/5.4.1/armv7e-m/fpu/crtbegin.o
                [!provide]                PROVIDE (__fini_array_end, .)
                0x1fffd600                __etext = .
                0x1fffd600                __DATA_ROM = .

.data           0x20000000       0x74 load address 0x1fffd600
                0x20000000                . = ALIGN (0x4)
                0x20000000                __DATA_RAM = .
                0x20000000                __data_start__ = .
 *(.data)
 *(.data*)
 .data.TerminatingTask
                0x20000000        0x1 obj\debug\~#\~#\os\osek\src\cortexm4\os_internal_arch.o
                0x20000000                TerminatingTask
 .data.WaitingTask
                0x20000001        0x1 obj\debug\~#\~#\os\osek\src\cortexm4\os_internal_arch.o
                0x20000001                WaitingTask
 *fill*         0x20000002        0x2 
 .data.CounterIncrement.4477
                0x20000004        0x4 obj\debug\~#\~#\os\osek\src\cortexm4\os_internal_arch.o
 .data.SystemCoreClock
                0x20000008        0x4 obj\debug\~#\~#\platform\devices\mcimx6x\startup\system_mcimx6x_m4.o
                0x20000008                SystemCoreClock
 .data.impure_data
                0x2000000c       0x60 c:/program files (x86)/embitz/1.11/share/em_armgcc/bin/../lib/gcc/arm-none-eabi/5.4.1/../../../../arm-none-eabi/lib/armv7e-m/fpu\libg_n.a(lib_a-impure.o)
 .data._impure_ptr
                0x2000006c        0x4 c:/program files (x86)/embitz/1.11/share/em_armgcc/bin/../lib/gcc/arm-none-eabi/5.4.1/../../../../arm-none-eabi/lib/armv7e-m/fpu\libg_n.a(lib_a-impure.o)
                0x2000006c                _impure_ptr
 *(.jcr*)
 .jcr           0x20000070        0x0 c:/program files (x86)/embitz/1.11/share/em_armgcc/bin/../lib/gcc/arm-none-eabi/5.4.1/armv7e-m/fpu/crtbegin.o
 .jcr           0x20000070        0x4 c:/program files (x86)/embitz/1.11/share/em_armgcc/bin/../lib/gcc/arm-none-eabi/5.4.1/armv7e-m/fpu/crtend.o
                0x20000074                . = ALIGN (0x4)
                0x20000074                __data_end__ = .
                0x1fffd674                __DATA_END = (__DATA_ROM + (__data_end__ - __data_start__))
                0x1fffe300                text_end = (ORIGIN (m_text) + LENGTH (m_text))
                0x00000001                ASSERT ((__DATA_END <= text_end), region m_text overflowed with text and data)

.igot.plt       0x20000074        0x0 load address 0x1fffd674
 .igot.plt      0x20000074        0x0 c:/program files (x86)/embitz/1.11/share/em_armgcc/bin/../lib/gcc/arm-none-eabi/5.4.1/armv7e-m/fpu/crtbegin.o

.bss            0x20000074      0x960 load address 0x1fffd674
                0x20000074                . = ALIGN (0x4)
                0x20000074                __START_BSS = .
                0x20000074                __bss_start__ = .
 *(.bss)
 .bss           0x20000074       0x1c c:/program files (x86)/embitz/1.11/share/em_armgcc/bin/../lib/gcc/arm-none-eabi/5.4.1/armv7e-m/fpu/crtbegin.o
 *(.bss*)
 .bss.txBuffer  0x20000090        0x5 obj\debug\lib\i2c_rw_register\i2c_rw_register.o
 *fill*         0x20000095        0x3 
 .bss.rxBuffer  0x20000098        0xd obj\debug\lib\i2c_rw_register\i2c_rw_register.o
 *fill*         0x200000a5        0x3 
 .bss.cmdBuffer
                0x200000a8        0x5 obj\debug\lib\i2c_rw_register\i2c_rw_register.o
 *fill*         0x200000ad        0x3 
 .bss.s_debugConsole
                0x200000b0       0x10 obj\debug\~#\~#\platform\utilities\src\debug_console_imx.o
 .bss.__malloc_sbrk_start
                0x200000c0        0x4 c:/program files (x86)/embitz/1.11/share/em_armgcc/bin/../lib/gcc/arm-none-eabi/5.4.1/../../../../arm-none-eabi/lib/armv7e-m/fpu\libg_n.a(lib_a-nano-mallocr.o)
                0x200000c0                __malloc_sbrk_start
 .bss.__malloc_free_list
                0x200000c4        0x4 c:/program files (x86)/embitz/1.11/share/em_armgcc/bin/../lib/gcc/arm-none-eabi/5.4.1/../../../../arm-none-eabi/lib/armv7e-m/fpu\libg_n.a(lib_a-nano-mallocr.o)
                0x200000c4                __malloc_free_list
 .bss.heap_end.4169
                0x200000c8        0x4 c:/program files (x86)/embitz/1.11/share/em_armgcc/bin/../lib/gcc/arm-none-eabi/5.4.1/../../../../arm-none-eabi/lib/armv7e-m/fpu\libnosys_s.a(sbrk.o)
 *(COMMON)
 COMMON         0x200000cc       0x1c obj\debug\lib\fxas21002c\fxas21002c.o
                0x200000cc                Yaw
                0x200000d0                Zout_Gyro_16_bit
                0x200000d2                Yout_Gyro_16_bit
                0x200000d4                Temp
                0x200000d8                Roll
                0x200000dc                GyroData
                0x200000e2                Xout_Gyro_16_bit
                0x200000e4                Pitch
 COMMON         0x200000e8       0x34 obj\debug\lib\fxos8700cq\fxos8700cq.o
                0x200000e8                Xout_Mag_16_bit
                0x200000ea                Xout_Accel_14_bit
                0x200000ec                Zout_g
                0x200000f0                AccelData
                0x200000f8                Yout_uT
                0x200000fc                Yout_Accel_14_bit
                0x200000fe                Zout_Accel_14_bit
                0x20000100                Yout_Mag_16_bit
                0x20000102                Yout_g
                0x20000104                Xout_g
                0x20000108                Zout_uT
                0x2000010c                Zout_Mag_16_bit
                0x20000110                MagData
                0x20000118                Xout_uT
 COMMON         0x2000011c       0x14 obj\debug\~#\~#\os\config\src\os_cfg.o
                0x2000011c                Osek_ErrorRet
                0x20000120                Osek_ErrorApi
                0x20000124                Osek_ErrorParam3
                0x20000128                Osek_ErrorParam1
                0x2000012c                Osek_ErrorParam2
 COMMON         0x20000130      0x890 obj\debug\~#\~#\os\config\src\os_internal_cfg.o
                0x20000130                ReadyList0
                0x20000132                ApplicationMode
                0x20000134                ReadyVar
                0x2000013c                AlarmsVar
                0x20000154                ContextTaskTaskIdle
                0x20000158                ReadyList1
                0x20000159                ErrorHookRunning
                0x2000015c                ContextTaskTaskInit
                0x20000160                StackTaskTaskGetValue
                0x20000360                CountersVar
                0x20000364                ContextTaskTaskPeriodic
                0x20000368                TasksVar
                0x200003b8                StackTaskTaskInit
                0x200005b8                ReadyList2
                0x200005bc                ContextTaskTaskGetValue
                0x200005c0                StackTaskTaskIdle
                0x200007c0                StackTaskTaskPeriodic
 COMMON         0x200009c0        0x8 obj\debug\~#\~#\os\osek\src\cortexm4\os_internal_arch.o
                0x200009c0                Osek_OldTaskPtr_Arch
                0x200009c4                Osek_NewTaskPtr_Arch
 COMMON         0x200009c8        0x3 obj\debug\~#\~#\os\osek\src\os.o
                0x200009c8                DisableAllInterrupts_Counter
                0x200009c9                SuspendAllInterrupts_Counter
                0x200009ca                SuspendOSInterrupts_Counter
 COMMON         0x200009cb        0x2 obj\debug\~#\~#\os\osek\src\os_internal.o
                0x200009cb                RunningTask
                0x200009cc                ActualContext
 *fill*         0x200009cd        0x3 
 COMMON         0x200009d0        0x4 c:/program files (x86)/embitz/1.11/share/em_armgcc/bin/../lib/gcc/arm-none-eabi/5.4.1/../../../../arm-none-eabi/lib/armv7e-m/fpu\libg_n.a(lib_a-reent.o)
                0x200009d0                errno
                0x200009d4                . = ALIGN (0x4)
                0x200009d4                __bss_end__ = .
                0x200009d4                __END_BSS = .

.heap           0x1fffe300     0x1000
                0x1fffe300                . = ALIGN (0x8)
                0x1fffe300                __end__ = .
                0x1fffe300                PROVIDE (end, .)
                0x1fffe300                __HeapBase = .
                0x1ffff300                . = (. + HEAP_SIZE)
 *fill*         0x1fffe300     0x1000 
                0x1ffff300                __HeapLimit = .

.stack          0x200009d4     0x2004 load address 0x1fffdfd4
                0x200009d8                . = ALIGN (0x8)
 *fill*         0x200009d4        0x4 
                0x200029d8                . = (. + STACK_SIZE)
 *fill*         0x200009d8     0x2000 
                0x20008000                __StackTop = (ORIGIN (m_data) + LENGTH (m_data))
                0x20006000                __StackLimit = (__StackTop - STACK_SIZE)
                0x20008000                PROVIDE (__stack, __StackTop)

.ARM.attributes
                0x00000000       0x30
 *(.ARM.attributes)
 .ARM.attributes
                0x00000000       0x22 c:/program files (x86)/embitz/1.11/share/em_armgcc/bin/../lib/gcc/arm-none-eabi/5.4.1/armv7e-m/fpu/crti.o
 .ARM.attributes
                0x00000022       0x34 c:/program files (x86)/embitz/1.11/share/em_armgcc/bin/../lib/gcc/arm-none-eabi/5.4.1/armv7e-m/fpu/crtbegin.o
 .ARM.attributes
                0x00000056       0x20 c:/program files (x86)/embitz/1.11/share/em_armgcc/bin/../lib/gcc/arm-none-eabi/5.4.1/../../../../arm-none-eabi/lib/armv7e-m/fpu/crt0.o
 .ARM.attributes
                0x00000076       0x39 obj\debug\lib\fxas21002c\fxas21002c.o
 .ARM.attributes
                0x000000af       0x39 obj\debug\lib\fxos8700cq\fxos8700cq.o
 .ARM.attributes
                0x000000e8       0x39 obj\debug\lib\i2c_rw_register\i2c_rw_register.o
 .ARM.attributes
                0x00000121       0x39 obj\debug\lib\lora\lora.o
 .ARM.attributes
                0x0000015a       0x39 obj\debug\main\hardware_init.o
 .ARM.attributes
                0x00000193       0x39 obj\debug\main\wad_osek.o
 .ARM.attributes
                0x000001cc       0x39 obj\debug\~#\~#\board\udoo_neo\src\board.o
 .ARM.attributes
                0x00000205       0x39 obj\debug\~#\~#\board\udoo_neo\src\clock_freq.o
 .ARM.attributes
                0x0000023e       0x39 obj\debug\~#\~#\board\udoo_neo\src\pin_mux.o
 .ARM.attributes
                0x00000277       0x39 obj\debug\~#\~#\os\config\src\cortexm4\os_internal_arch_cfg.o
 .ARM.attributes
                0x000002b0       0x39 obj\debug\~#\~#\os\config\src\os_cfg.o
 .ARM.attributes
                0x000002e9       0x39 obj\debug\~#\~#\os\config\src\os_internal_cfg.o
 .ARM.attributes
                0x00000322       0x39 obj\debug\~#\~#\os\osek\src\activatetask.o
 .ARM.attributes
                0x0000035b       0x39 obj\debug\~#\~#\os\osek\src\clearevent.o
 .ARM.attributes
                0x00000394       0x39 obj\debug\~#\~#\os\osek\src\cortexm4\os_internal_arch.o
 .ARM.attributes
                0x000003cd       0x25 obj\debug\~#\~#\os\osek\src\cortexm4\pendsv.o
 .ARM.attributes
                0x000003f2       0x39 obj\debug\~#\~#\os\osek\src\cortexm4\startos_arch.o
 .ARM.attributes
                0x0000042b       0x39 obj\debug\~#\~#\os\osek\src\cortexm4\startos_arch_systick.o
 .ARM.attributes
                0x00000464       0x39 obj\debug\~#\~#\os\osek\src\os.o
 .ARM.attributes
                0x0000049d       0x39 obj\debug\~#\~#\os\osek\src\os_internal.o
 .ARM.attributes
                0x000004d6       0x39 obj\debug\~#\~#\os\osek\src\schedule.o
 .ARM.attributes
                0x0000050f       0x39 obj\debug\~#\~#\os\osek\src\setevent.o
 .ARM.attributes
                0x00000548       0x39 obj\debug\~#\~#\os\osek\src\shutdownos.o
 .ARM.attributes
                0x00000581       0x39 obj\debug\~#\~#\os\osek\src\startos.o
 .ARM.attributes
                0x000005ba       0x39 obj\debug\~#\~#\os\osek\src\terminatetask.o
 .ARM.attributes
                0x000005f3       0x39 obj\debug\~#\~#\os\osek\src\waitevent.o
 .ARM.attributes
                0x0000062c       0x1f obj\debug\~#\~#\platform\devices\mcimx6x\startup\gcc\startup_mcimx6x_m4.o
 .ARM.attributes
                0x0000064b       0x39 obj\debug\~#\~#\platform\devices\mcimx6x\startup\system_mcimx6x_m4.o
 .ARM.attributes
                0x00000684       0x39 obj\debug\~#\~#\platform\drivers\src\ccm_analog_imx6sx.o
 .ARM.attributes
                0x000006bd       0x39 obj\debug\~#\~#\platform\drivers\src\i2c_imx.o
 .ARM.attributes
                0x000006f6       0x39 obj\debug\~#\~#\platform\drivers\src\uart_imx.o
 .ARM.attributes
                0x0000072f       0x39 obj\debug\~#\~#\platform\utilities\src\debug_console_imx.o
 .ARM.attributes
                0x00000768       0x39 obj\debug\~#\~#\platform\utilities\src\print_scan.o
 .ARM.attributes
                0x000007a1       0x34 c:/program files (x86)/embitz/1.11/share/em_armgcc/bin/../lib/gcc/arm-none-eabi/5.4.1/../../../../arm-none-eabi/lib/armv7e-m/fpu\libg_n.a(lib_a-assert.o)
 .ARM.attributes
                0x000007d5       0x34 c:/program files (x86)/embitz/1.11/share/em_armgcc/bin/../lib/gcc/arm-none-eabi/5.4.1/../../../../arm-none-eabi/lib/armv7e-m/fpu\libg_n.a(lib_a-exit.o)
 .ARM.attributes
                0x00000809       0x34 c:/program files (x86)/embitz/1.11/share/em_armgcc/bin/../lib/gcc/arm-none-eabi/5.4.1/../../../../arm-none-eabi/lib/armv7e-m/fpu\libg_n.a(lib_a-fprintf.o)
 .ARM.attributes
                0x0000083d       0x34 c:/program files (x86)/embitz/1.11/share/em_armgcc/bin/../lib/gcc/arm-none-eabi/5.4.1/../../../../arm-none-eabi/lib/armv7e-m/fpu\libg_n.a(lib_a-impure.o)
 .ARM.attributes
                0x00000871       0x34 c:/program files (x86)/embitz/1.11/share/em_armgcc/bin/../lib/gcc/arm-none-eabi/5.4.1/../../../../arm-none-eabi/lib/armv7e-m/fpu\libg_n.a(lib_a-init.o)
 .ARM.attributes
                0x000008a5       0x34 c:/program files (x86)/embitz/1.11/share/em_armgcc/bin/../lib/gcc/arm-none-eabi/5.4.1/../../../../arm-none-eabi/lib/armv7e-m/fpu\libg_n.a(lib_a-memset.o)
 .ARM.attributes
                0x000008d9       0x34 c:/program files (x86)/embitz/1.11/share/em_armgcc/bin/../lib/gcc/arm-none-eabi/5.4.1/../../../../arm-none-eabi/lib/armv7e-m/fpu\libg_n.a(lib_a-nano-freer.o)
 .ARM.attributes
                0x0000090d       0x34 c:/program files (x86)/embitz/1.11/share/em_armgcc/bin/../lib/gcc/arm-none-eabi/5.4.1/../../../../arm-none-eabi/lib/armv7e-m/fpu\libg_n.a(lib_a-nano-mallocr.o)
 .ARM.attributes
                0x00000941       0x34 c:/program files (x86)/embitz/1.11/share/em_armgcc/bin/../lib/gcc/arm-none-eabi/5.4.1/../../../../arm-none-eabi/lib/armv7e-m/fpu\libg_n.a(lib_a-nano-vfprintf.o)
 .ARM.attributes
                0x00000975       0x34 c:/program files (x86)/embitz/1.11/share/em_armgcc/bin/../lib/gcc/arm-none-eabi/5.4.1/../../../../arm-none-eabi/lib/armv7e-m/fpu\libg_n.a(lib_a-nano-vfprintf_i.o)
 .ARM.attributes
                0x000009a9       0x34 c:/program files (x86)/embitz/1.11/share/em_armgcc/bin/../lib/gcc/arm-none-eabi/5.4.1/../../../../arm-none-eabi/lib/armv7e-m/fpu\libg_n.a(lib_a-sbrkr.o)
 .ARM.attributes
                0x000009dd       0x1b c:/program files (x86)/embitz/1.11/share/em_armgcc/bin/../lib/gcc/arm-none-eabi/5.4.1/../../../../arm-none-eabi/lib/armv7e-m/fpu\libg_n.a(lib_a-strlen.o)
 .ARM.attributes
                0x000009f8       0x34 c:/program files (x86)/embitz/1.11/share/em_armgcc/bin/../lib/gcc/arm-none-eabi/5.4.1/../../../../arm-none-eabi/lib/armv7e-m/fpu\libg_n.a(lib_a-wbuf.o)
 .ARM.attributes
                0x00000a2c       0x34 c:/program files (x86)/embitz/1.11/share/em_armgcc/bin/../lib/gcc/arm-none-eabi/5.4.1/../../../../arm-none-eabi/lib/armv7e-m/fpu\libg_n.a(lib_a-wsetup.o)
 .ARM.attributes
                0x00000a60       0x34 c:/program files (x86)/embitz/1.11/share/em_armgcc/bin/../lib/gcc/arm-none-eabi/5.4.1/../../../../arm-none-eabi/lib/armv7e-m/fpu\libg_n.a(lib_a-abort.o)
 .ARM.attributes
                0x00000a94       0x34 c:/program files (x86)/embitz/1.11/share/em_armgcc/bin/../lib/gcc/arm-none-eabi/5.4.1/../../../../arm-none-eabi/lib/armv7e-m/fpu\libg_n.a(lib_a-fflush.o)
 .ARM.attributes
                0x00000ac8       0x34 c:/program files (x86)/embitz/1.11/share/em_armgcc/bin/../lib/gcc/arm-none-eabi/5.4.1/../../../../arm-none-eabi/lib/armv7e-m/fpu\libg_n.a(lib_a-findfp.o)
 .ARM.attributes
                0x00000afc       0x34 c:/program files (x86)/embitz/1.11/share/em_armgcc/bin/../lib/gcc/arm-none-eabi/5.4.1/../../../../arm-none-eabi/lib/armv7e-m/fpu\libg_n.a(lib_a-fwalk.o)
 .ARM.attributes
                0x00000b30       0x34 c:/program files (x86)/embitz/1.11/share/em_armgcc/bin/../lib/gcc/arm-none-eabi/5.4.1/../../../../arm-none-eabi/lib/armv7e-m/fpu\libg_n.a(lib_a-makebuf.o)
 .ARM.attributes
                0x00000b64       0x20 c:/program files (x86)/embitz/1.11/share/em_armgcc/bin/../lib/gcc/arm-none-eabi/5.4.1/../../../../arm-none-eabi/lib/armv7e-m/fpu\libg_n.a(lib_a-memchr.o)
 .ARM.attributes
                0x00000b84       0x34 c:/program files (x86)/embitz/1.11/share/em_armgcc/bin/../lib/gcc/arm-none-eabi/5.4.1/../../../../arm-none-eabi/lib/armv7e-m/fpu\libg_n.a(lib_a-mlock.o)
 .ARM.attributes
                0x00000bb8       0x34 c:/program files (x86)/embitz/1.11/share/em_armgcc/bin/../lib/gcc/arm-none-eabi/5.4.1/../../../../arm-none-eabi/lib/armv7e-m/fpu\libg_n.a(lib_a-reent.o)
 .ARM.attributes
                0x00000bec       0x34 c:/program files (x86)/embitz/1.11/share/em_armgcc/bin/../lib/gcc/arm-none-eabi/5.4.1/../../../../arm-none-eabi/lib/armv7e-m/fpu\libg_n.a(lib_a-signal.o)
 .ARM.attributes
                0x00000c20       0x34 c:/program files (x86)/embitz/1.11/share/em_armgcc/bin/../lib/gcc/arm-none-eabi/5.4.1/../../../../arm-none-eabi/lib/armv7e-m/fpu\libg_n.a(lib_a-signalr.o)
 .ARM.attributes
                0x00000c54       0x34 c:/program files (x86)/embitz/1.11/share/em_armgcc/bin/../lib/gcc/arm-none-eabi/5.4.1/../../../../arm-none-eabi/lib/armv7e-m/fpu\libg_n.a(lib_a-stdio.o)
 .ARM.attributes
                0x00000c88       0x34 c:/program files (x86)/embitz/1.11/share/em_armgcc/bin/../lib/gcc/arm-none-eabi/5.4.1/../../../../arm-none-eabi/lib/armv7e-m/fpu\libg_n.a(lib_a-writer.o)
 .ARM.attributes
                0x00000cbc       0x34 c:/program files (x86)/embitz/1.11/share/em_armgcc/bin/../lib/gcc/arm-none-eabi/5.4.1/../../../../arm-none-eabi/lib/armv7e-m/fpu\libg_n.a(lib_a-closer.o)
 .ARM.attributes
                0x00000cf0       0x34 c:/program files (x86)/embitz/1.11/share/em_armgcc/bin/../lib/gcc/arm-none-eabi/5.4.1/../../../../arm-none-eabi/lib/armv7e-m/fpu\libg_n.a(lib_a-fstatr.o)
 .ARM.attributes
                0x00000d24       0x34 c:/program files (x86)/embitz/1.11/share/em_armgcc/bin/../lib/gcc/arm-none-eabi/5.4.1/../../../../arm-none-eabi/lib/armv7e-m/fpu\libg_n.a(lib_a-isattyr.o)
 .ARM.attributes
                0x00000d58       0x34 c:/program files (x86)/embitz/1.11/share/em_armgcc/bin/../lib/gcc/arm-none-eabi/5.4.1/../../../../arm-none-eabi/lib/armv7e-m/fpu\libg_n.a(lib_a-lseekr.o)
 .ARM.attributes
                0x00000d8c       0x34 c:/program files (x86)/embitz/1.11/share/em_armgcc/bin/../lib/gcc/arm-none-eabi/5.4.1/../../../../arm-none-eabi/lib/armv7e-m/fpu\libg_n.a(lib_a-readr.o)
 .ARM.attributes
                0x00000dc0       0x34 c:/program files (x86)/embitz/1.11/share/em_armgcc/bin/../lib/gcc/arm-none-eabi/5.4.1/../../../../arm-none-eabi/lib/armv7e-m/fpu\libnosys_s.a(close.o)
 .ARM.attributes
                0x00000df4       0x34 c:/program files (x86)/embitz/1.11/share/em_armgcc/bin/../lib/gcc/arm-none-eabi/5.4.1/../../../../arm-none-eabi/lib/armv7e-m/fpu\libnosys_s.a(fstat.o)
 .ARM.attributes
                0x00000e28       0x34 c:/program files (x86)/embitz/1.11/share/em_armgcc/bin/../lib/gcc/arm-none-eabi/5.4.1/../../../../arm-none-eabi/lib/armv7e-m/fpu\libnosys_s.a(getpid.o)
 .ARM.attributes
                0x00000e5c       0x34 c:/program files (x86)/embitz/1.11/share/em_armgcc/bin/../lib/gcc/arm-none-eabi/5.4.1/../../../../arm-none-eabi/lib/armv7e-m/fpu\libnosys_s.a(isatty.o)
 .ARM.attributes
                0x00000e90       0x34 c:/program files (x86)/embitz/1.11/share/em_armgcc/bin/../lib/gcc/arm-none-eabi/5.4.1/../../../../arm-none-eabi/lib/armv7e-m/fpu\libnosys_s.a(kill.o)
 .ARM.attributes
                0x00000ec4       0x34 c:/program files (x86)/embitz/1.11/share/em_armgcc/bin/../lib/gcc/arm-none-eabi/5.4.1/../../../../arm-none-eabi/lib/armv7e-m/fpu\libnosys_s.a(lseek.o)
 .ARM.attributes
                0x00000ef8       0x34 c:/program files (x86)/embitz/1.11/share/em_armgcc/bin/../lib/gcc/arm-none-eabi/5.4.1/../../../../arm-none-eabi/lib/armv7e-m/fpu\libnosys_s.a(sbrk.o)
 .ARM.attributes
                0x00000f2c       0x34 c:/program files (x86)/embitz/1.11/share/em_armgcc/bin/../lib/gcc/arm-none-eabi/5.4.1/../../../../arm-none-eabi/lib/armv7e-m/fpu\libnosys_s.a(_exit.o)
 .ARM.attributes
                0x00000f60       0x34 c:/program files (x86)/embitz/1.11/share/em_armgcc/bin/../lib/gcc/arm-none-eabi/5.4.1/armv7e-m/fpu/crtend.o
 .ARM.attributes
                0x00000f94       0x22 c:/program files (x86)/embitz/1.11/share/em_armgcc/bin/../lib/gcc/arm-none-eabi/5.4.1/armv7e-m/fpu/crtn.o
                0x00000001                ASSERT ((__StackLimit >= __HeapLimit), region m_data overflowed with stack and heap)
LOAD obj\debug\lib\fxas21002c\fxas21002c.o
LOAD obj\debug\lib\fxos8700cq\fxos8700cq.o
LOAD obj\debug\lib\i2c_rw_register\i2c_rw_register.o
LOAD obj\debug\lib\lora\lora.o
LOAD obj\debug\main\hardware_init.o
LOAD obj\debug\main\wad_osek.o
LOAD obj\debug\~#\~#\board\udoo_neo\src\board.o
LOAD obj\debug\~#\~#\board\udoo_neo\src\clock_freq.o
LOAD obj\debug\~#\~#\board\udoo_neo\src\gpio_pins.o
LOAD obj\debug\~#\~#\board\udoo_neo\src\pin_mux.o
LOAD obj\debug\~#\~#\os\config\src\cortexm4\os_internal_arch_cfg.o
LOAD obj\debug\~#\~#\os\config\src\os_cfg.o
LOAD obj\debug\~#\~#\os\config\src\os_internal_cfg.o
LOAD obj\debug\~#\~#\os\osek\src\activatetask.o
LOAD obj\debug\~#\~#\os\osek\src\cancelalarm.o
LOAD obj\debug\~#\~#\os\osek\src\chaintask.o
LOAD obj\debug\~#\~#\os\osek\src\clearevent.o
LOAD obj\debug\~#\~#\os\osek\src\cortexm4\os_arch.o
LOAD obj\debug\~#\~#\os\osek\src\cortexm4\os_internal_arch.o
LOAD obj\debug\~#\~#\os\osek\src\cortexm4\pendsv.o
LOAD obj\debug\~#\~#\os\osek\src\cortexm4\startos_arch.o
LOAD obj\debug\~#\~#\os\osek\src\cortexm4\startos_arch_systick.o
LOAD obj\debug\~#\~#\os\osek\src\getactiveapplicationmode.o
LOAD obj\debug\~#\~#\os\osek\src\getalarm.o
LOAD obj\debug\~#\~#\os\osek\src\getalarmbase.o
LOAD obj\debug\~#\~#\os\osek\src\getevent.o
LOAD obj\debug\~#\~#\os\osek\src\getresource.o
LOAD obj\debug\~#\~#\os\osek\src\gettaskid.o
LOAD obj\debug\~#\~#\os\osek\src\gettaskstate.o
LOAD obj\debug\~#\~#\os\osek\src\os.o
LOAD obj\debug\~#\~#\os\osek\src\os_internal.o
LOAD obj\debug\~#\~#\os\osek\src\releaseresource.o
LOAD obj\debug\~#\~#\os\osek\src\schedule.o
LOAD obj\debug\~#\~#\os\osek\src\setabsalarm.o
LOAD obj\debug\~#\~#\os\osek\src\setevent.o
LOAD obj\debug\~#\~#\os\osek\src\setrelalarm.o
LOAD obj\debug\~#\~#\os\osek\src\shutdownos.o
LOAD obj\debug\~#\~#\os\osek\src\startos.o
LOAD obj\debug\~#\~#\os\osek\src\terminatetask.o
LOAD obj\debug\~#\~#\os\osek\src\waitevent.o
LOAD obj\debug\~#\~#\platform\devices\mcimx6x\startup\gcc\startup_mcimx6x_m4.o
LOAD obj\debug\~#\~#\platform\devices\mcimx6x\startup\system_mcimx6x_m4.o
LOAD obj\debug\~#\~#\platform\drivers\src\adc_imx6sx.o
LOAD obj\debug\~#\~#\platform\drivers\src\ccm_analog_imx6sx.o
LOAD obj\debug\~#\~#\platform\drivers\src\ccm_imx6sx.o
LOAD obj\debug\~#\~#\platform\drivers\src\ecspi.o
LOAD obj\debug\~#\~#\platform\drivers\src\epit.o
LOAD obj\debug\~#\~#\platform\drivers\src\flexcan.o
LOAD obj\debug\~#\~#\platform\drivers\src\gpio_imx.o
LOAD obj\debug\~#\~#\platform\drivers\src\i2c_imx.o
LOAD obj\debug\~#\~#\platform\drivers\src\lmem.o
LOAD obj\debug\~#\~#\platform\drivers\src\mu_imx.o
LOAD obj\debug\~#\~#\platform\drivers\src\rdc.o
LOAD obj\debug\~#\~#\platform\drivers\src\rdc_semaphore.o
LOAD obj\debug\~#\~#\platform\drivers\src\sema4.o
LOAD obj\debug\~#\~#\platform\drivers\src\uart_imx.o
LOAD obj\debug\~#\~#\platform\drivers\src\wdog_imx.o
LOAD obj\debug\~#\~#\platform\utilities\src\debug_console_imx.o
LOAD obj\debug\~#\~#\platform\utilities\src\print_scan.o
LOAD obj\debug\~#\~#\services\src\message.o
START GROUP
LOAD c:/program files (x86)/embitz/1.11/share/em_armgcc/bin/../lib/gcc/arm-none-eabi/5.4.1/armv7e-m/fpu\libgcc.a
LOAD c:/program files (x86)/embitz/1.11/share/em_armgcc/bin/../lib/gcc/arm-none-eabi/5.4.1/../../../../arm-none-eabi/lib/armv7e-m/fpu\libg_n.a
LOAD c:/program files (x86)/embitz/1.11/share/em_armgcc/bin/../lib/gcc/arm-none-eabi/5.4.1/../../../../arm-none-eabi/lib/armv7e-m/fpu\libc_n.a
END GROUP
START GROUP
LOAD c:/program files (x86)/embitz/1.11/share/em_armgcc/bin/../lib/gcc/arm-none-eabi/5.4.1/armv7e-m/fpu\libgcc.a
LOAD c:/program files (x86)/embitz/1.11/share/em_armgcc/bin/../lib/gcc/arm-none-eabi/5.4.1/../../../../arm-none-eabi/lib/armv7e-m/fpu\libc_n.a
LOAD c:/program files (x86)/embitz/1.11/share/em_armgcc/bin/../lib/gcc/arm-none-eabi/5.4.1/../../../../arm-none-eabi/lib/armv7e-m/fpu\libnosys_s.a
END GROUP
LOAD c:/program files (x86)/embitz/1.11/share/em_armgcc/bin/../lib/gcc/arm-none-eabi/5.4.1/armv7e-m/fpu/crtend.o
LOAD c:/program files (x86)/embitz/1.11/share/em_armgcc/bin/../lib/gcc/arm-none-eabi/5.4.1/armv7e-m/fpu/crtn.o
OUTPUT(bin\Debug\Cortex_M4.elf elf32-littlearm)

.debug_info     0x00000000     0xc10a
 .debug_info    0x00000000      0x3c3 obj\debug\lib\fxas21002c\fxas21002c.o
 .debug_info    0x000003c3      0x537 obj\debug\lib\fxos8700cq\fxos8700cq.o
 .debug_info    0x000008fa      0x5b1 obj\debug\lib\i2c_rw_register\i2c_rw_register.o
 .debug_info    0x00000eab      0x658 obj\debug\lib\lora\lora.o
 .debug_info    0x00001503       0xb6 obj\debug\main\hardware_init.o
 .debug_info    0x000015b9      0x12b obj\debug\main\wad_osek.o
 .debug_info    0x000016e4     0x11c1 obj\debug\~#\~#\board\udoo_neo\src\board.o
 .debug_info    0x000028a5      0xfa3 obj\debug\~#\~#\board\udoo_neo\src\clock_freq.o
 .debug_info    0x00003848     0x2446 obj\debug\~#\~#\board\udoo_neo\src\pin_mux.o
 .debug_info    0x00005c8e      0x184 obj\debug\~#\~#\os\config\src\cortexm4\os_internal_arch_cfg.o
 .debug_info    0x00005e12       0xc4 obj\debug\~#\~#\os\config\src\os_cfg.o
 .debug_info    0x00005ed6      0x85d obj\debug\~#\~#\os\config\src\os_internal_cfg.o
 .debug_info    0x00006733      0x370 obj\debug\~#\~#\os\osek\src\activatetask.o
 .debug_info    0x00006aa3      0x37c obj\debug\~#\~#\os\osek\src\clearevent.o
 .debug_info    0x00006e1f      0x387 obj\debug\~#\~#\os\osek\src\cortexm4\os_internal_arch.o
 .debug_info    0x000071a6       0x97 obj\debug\~#\~#\os\osek\src\cortexm4\pendsv.o
 .debug_info    0x0000723d       0xbe obj\debug\~#\~#\os\osek\src\cortexm4\startos_arch.o
 .debug_info    0x000072fb      0x7c8 obj\debug\~#\~#\os\osek\src\cortexm4\startos_arch_systick.o
 .debug_info    0x00007ac3       0xae obj\debug\~#\~#\os\osek\src\os.o
 .debug_info    0x00007b71      0x813 obj\debug\~#\~#\os\osek\src\os_internal.o
 .debug_info    0x00008384      0x3b9 obj\debug\~#\~#\os\osek\src\schedule.o
 .debug_info    0x0000873d      0x395 obj\debug\~#\~#\os\osek\src\setevent.o
 .debug_info    0x00008ad2       0xa3 obj\debug\~#\~#\os\osek\src\shutdownos.o
 .debug_info    0x00008b75      0x270 obj\debug\~#\~#\os\osek\src\startos.o
 .debug_info    0x00008de5      0x24b obj\debug\~#\~#\os\osek\src\terminatetask.o
 .debug_info    0x00009030      0x3af obj\debug\~#\~#\os\osek\src\waitevent.o
 .debug_info    0x000093df       0xb3 obj\debug\~#\~#\platform\devices\mcimx6x\startup\gcc\startup_mcimx6x_m4.o
 .debug_info    0x00009492      0x948 obj\debug\~#\~#\platform\devices\mcimx6x\startup\system_mcimx6x_m4.o
 .debug_info    0x00009dda      0x6a3 obj\debug\~#\~#\platform\drivers\src\ccm_analog_imx6sx.o
 .debug_info    0x0000a47d      0x3c5 obj\debug\~#\~#\platform\drivers\src\i2c_imx.o
 .debug_info    0x0000a842      0x9fb obj\debug\~#\~#\platform\drivers\src\uart_imx.o
 .debug_info    0x0000b23d      0x8db obj\debug\~#\~#\platform\utilities\src\debug_console_imx.o
 .debug_info    0x0000bb18      0x5f2 obj\debug\~#\~#\platform\utilities\src\print_scan.o

.debug_abbrev   0x00000000     0x245c
 .debug_abbrev  0x00000000      0x16a obj\debug\lib\fxas21002c\fxas21002c.o
 .debug_abbrev  0x0000016a      0x17e obj\debug\lib\fxos8700cq\fxos8700cq.o
 .debug_abbrev  0x000002e8      0x1a3 obj\debug\lib\i2c_rw_register\i2c_rw_register.o
 .debug_abbrev  0x0000048b      0x1de obj\debug\lib\lora\lora.o
 .debug_abbrev  0x00000669       0x6a obj\debug\main\hardware_init.o
 .debug_abbrev  0x000006d3       0x9c obj\debug\main\wad_osek.o
 .debug_abbrev  0x0000076f      0x1bd obj\debug\~#\~#\board\udoo_neo\src\board.o
 .debug_abbrev  0x0000092c      0x16e obj\debug\~#\~#\board\udoo_neo\src\clock_freq.o
 .debug_abbrev  0x00000a9a      0x139 obj\debug\~#\~#\board\udoo_neo\src\pin_mux.o
 .debug_abbrev  0x00000bd3       0xbc obj\debug\~#\~#\os\config\src\cortexm4\os_internal_arch_cfg.o
 .debug_abbrev  0x00000c8f       0x3a obj\debug\~#\~#\os\config\src\os_cfg.o
 .debug_abbrev  0x00000cc9      0x103 obj\debug\~#\~#\os\config\src\os_internal_cfg.o
 .debug_abbrev  0x00000dcc       0xfd obj\debug\~#\~#\os\osek\src\activatetask.o
 .debug_abbrev  0x00000ec9       0xfd obj\debug\~#\~#\os\osek\src\clearevent.o
 .debug_abbrev  0x00000fc6      0x15d obj\debug\~#\~#\os\osek\src\cortexm4\os_internal_arch.o
 .debug_abbrev  0x00001123       0x14 obj\debug\~#\~#\os\osek\src\cortexm4\pendsv.o
 .debug_abbrev  0x00001137       0x79 obj\debug\~#\~#\os\osek\src\cortexm4\startos_arch.o
 .debug_abbrev  0x000011b0      0x164 obj\debug\~#\~#\os\osek\src\cortexm4\startos_arch_systick.o
 .debug_abbrev  0x00001314       0x47 obj\debug\~#\~#\os\osek\src\os.o
 .debug_abbrev  0x0000135b      0x1c8 obj\debug\~#\~#\os\osek\src\os_internal.o
 .debug_abbrev  0x00001523      0x10d obj\debug\~#\~#\os\osek\src\schedule.o
 .debug_abbrev  0x00001630       0xfd obj\debug\~#\~#\os\osek\src\setevent.o
 .debug_abbrev  0x0000172d       0x61 obj\debug\~#\~#\os\osek\src\shutdownos.o
 .debug_abbrev  0x0000178e      0x102 obj\debug\~#\~#\os\osek\src\startos.o
 .debug_abbrev  0x00001890       0xd7 obj\debug\~#\~#\os\osek\src\terminatetask.o
 .debug_abbrev  0x00001967      0x11c obj\debug\~#\~#\os\osek\src\waitevent.o
 .debug_abbrev  0x00001a83       0x14 obj\debug\~#\~#\platform\devices\mcimx6x\startup\gcc\startup_mcimx6x_m4.o
 .debug_abbrev  0x00001a97      0x150 obj\debug\~#\~#\platform\devices\mcimx6x\startup\system_mcimx6x_m4.o
 .debug_abbrev  0x00001be7      0x179 obj\debug\~#\~#\platform\drivers\src\ccm_analog_imx6sx.o
 .debug_abbrev  0x00001d60      0x141 obj\debug\~#\~#\platform\drivers\src\i2c_imx.o
 .debug_abbrev  0x00001ea1      0x1c9 obj\debug\~#\~#\platform\drivers\src\uart_imx.o
 .debug_abbrev  0x0000206a      0x256 obj\debug\~#\~#\platform\utilities\src\debug_console_imx.o
 .debug_abbrev  0x000022c0      0x19c obj\debug\~#\~#\platform\utilities\src\print_scan.o

.debug_aranges  0x00000000      0x840
 .debug_aranges
                0x00000000       0x58 obj\debug\lib\fxas21002c\fxas21002c.o
 .debug_aranges
                0x00000058       0x70 obj\debug\lib\fxos8700cq\fxos8700cq.o
 .debug_aranges
                0x000000c8       0x78 obj\debug\lib\i2c_rw_register\i2c_rw_register.o
 .debug_aranges
                0x00000140       0x68 obj\debug\lib\lora\lora.o
 .debug_aranges
                0x000001a8       0x20 obj\debug\main\hardware_init.o
 .debug_aranges
                0x000001c8       0x48 obj\debug\main\wad_osek.o
 .debug_aranges
                0x00000210       0x60 obj\debug\~#\~#\board\udoo_neo\src\board.o
 .debug_aranges
                0x00000270       0x48 obj\debug\~#\~#\board\udoo_neo\src\clock_freq.o
 .debug_aranges
                0x000002b8       0x40 obj\debug\~#\~#\board\udoo_neo\src\pin_mux.o
 .debug_aranges
                0x000002f8       0x68 obj\debug\~#\~#\os\config\src\cortexm4\os_internal_arch_cfg.o
 .debug_aranges
                0x00000360       0x18 obj\debug\~#\~#\os\config\src\os_cfg.o
 .debug_aranges
                0x00000378       0x18 obj\debug\~#\~#\os\config\src\os_internal_cfg.o
 .debug_aranges
                0x00000390       0x20 obj\debug\~#\~#\os\osek\src\activatetask.o
 .debug_aranges
                0x000003b0       0x20 obj\debug\~#\~#\os\osek\src\clearevent.o
 .debug_aranges
                0x000003d0       0x38 obj\debug\~#\~#\os\osek\src\cortexm4\os_internal_arch.o
 .debug_aranges
                0x00000408       0x20 obj\debug\~#\~#\os\osek\src\cortexm4\pendsv.o
 .debug_aranges
                0x00000428       0x28 obj\debug\~#\~#\os\osek\src\cortexm4\startos_arch.o
 .debug_aranges
                0x00000450       0x30 obj\debug\~#\~#\os\osek\src\cortexm4\startos_arch_systick.o
 .debug_aranges
                0x00000480       0x18 obj\debug\~#\~#\os\osek\src\os.o
 .debug_aranges
                0x00000498       0x48 obj\debug\~#\~#\os\osek\src\os_internal.o
 .debug_aranges
                0x000004e0       0x20 obj\debug\~#\~#\os\osek\src\schedule.o
 .debug_aranges
                0x00000500       0x20 obj\debug\~#\~#\os\osek\src\setevent.o
 .debug_aranges
                0x00000520       0x20 obj\debug\~#\~#\os\osek\src\shutdownos.o
 .debug_aranges
                0x00000540       0x20 obj\debug\~#\~#\os\osek\src\startos.o
 .debug_aranges
                0x00000560       0x20 obj\debug\~#\~#\os\osek\src\terminatetask.o
 .debug_aranges
                0x00000580       0x20 obj\debug\~#\~#\os\osek\src\waitevent.o
 .debug_aranges
                0x000005a0       0x20 obj\debug\~#\~#\platform\devices\mcimx6x\startup\gcc\startup_mcimx6x_m4.o
 .debug_aranges
                0x000005c0       0x28 obj\debug\~#\~#\platform\devices\mcimx6x\startup\system_mcimx6x_m4.o
 .debug_aranges
                0x000005e8       0x50 obj\debug\~#\~#\platform\drivers\src\ccm_analog_imx6sx.o
 .debug_aranges
                0x00000638       0x48 obj\debug\~#\~#\platform\drivers\src\i2c_imx.o
 .debug_aranges
                0x00000680       0xe8 obj\debug\~#\~#\platform\drivers\src\uart_imx.o
 .debug_aranges
                0x00000768       0x90 obj\debug\~#\~#\platform\utilities\src\debug_console_imx.o
 .debug_aranges
                0x000007f8       0x48 obj\debug\~#\~#\platform\utilities\src\print_scan.o

.debug_ranges   0x00000000      0x5f8
 .debug_ranges  0x00000000       0x48 obj\debug\lib\fxas21002c\fxas21002c.o
 .debug_ranges  0x00000048       0x60 obj\debug\lib\fxos8700cq\fxos8700cq.o
 .debug_ranges  0x000000a8       0x68 obj\debug\lib\i2c_rw_register\i2c_rw_register.o
 .debug_ranges  0x00000110       0x58 obj\debug\lib\lora\lora.o
 .debug_ranges  0x00000168       0x10 obj\debug\main\hardware_init.o
 .debug_ranges  0x00000178       0x38 obj\debug\main\wad_osek.o
 .debug_ranges  0x000001b0       0x50 obj\debug\~#\~#\board\udoo_neo\src\board.o
 .debug_ranges  0x00000200       0x38 obj\debug\~#\~#\board\udoo_neo\src\clock_freq.o
 .debug_ranges  0x00000238       0x30 obj\debug\~#\~#\board\udoo_neo\src\pin_mux.o
 .debug_ranges  0x00000268       0x58 obj\debug\~#\~#\os\config\src\cortexm4\os_internal_arch_cfg.o
 .debug_ranges  0x000002c0       0x10 obj\debug\~#\~#\os\osek\src\activatetask.o
 .debug_ranges  0x000002d0       0x10 obj\debug\~#\~#\os\osek\src\clearevent.o
 .debug_ranges  0x000002e0       0x28 obj\debug\~#\~#\os\osek\src\cortexm4\os_internal_arch.o
 .debug_ranges  0x00000308       0x18 obj\debug\~#\~#\os\osek\src\cortexm4\startos_arch.o
 .debug_ranges  0x00000320       0x20 obj\debug\~#\~#\os\osek\src\cortexm4\startos_arch_systick.o
 .debug_ranges  0x00000340       0x38 obj\debug\~#\~#\os\osek\src\os_internal.o
 .debug_ranges  0x00000378       0x10 obj\debug\~#\~#\os\osek\src\schedule.o
 .debug_ranges  0x00000388       0x10 obj\debug\~#\~#\os\osek\src\setevent.o
 .debug_ranges  0x00000398       0x10 obj\debug\~#\~#\os\osek\src\shutdownos.o
 .debug_ranges  0x000003a8       0x10 obj\debug\~#\~#\os\osek\src\startos.o
 .debug_ranges  0x000003b8       0x10 obj\debug\~#\~#\os\osek\src\terminatetask.o
 .debug_ranges  0x000003c8       0x10 obj\debug\~#\~#\os\osek\src\waitevent.o
 .debug_ranges  0x000003d8       0x18 obj\debug\~#\~#\platform\devices\mcimx6x\startup\system_mcimx6x_m4.o
 .debug_ranges  0x000003f0       0x40 obj\debug\~#\~#\platform\drivers\src\ccm_analog_imx6sx.o
 .debug_ranges  0x00000430       0x38 obj\debug\~#\~#\platform\drivers\src\i2c_imx.o
 .debug_ranges  0x00000468       0xd8 obj\debug\~#\~#\platform\drivers\src\uart_imx.o
 .debug_ranges  0x00000540       0x80 obj\debug\~#\~#\platform\utilities\src\debug_console_imx.o
 .debug_ranges  0x000005c0       0x38 obj\debug\~#\~#\platform\utilities\src\print_scan.o

.debug_macro    0x00000000    0x40c91
 .debug_macro   0x00000000      0x1ea obj\debug\lib\fxas21002c\fxas21002c.o
 .debug_macro   0x000001ea      0x8aa obj\debug\lib\fxas21002c\fxas21002c.o
 .debug_macro   0x00000a94       0x22 obj\debug\lib\fxas21002c\fxas21002c.o
 .debug_macro   0x00000ab6       0x87 obj\debug\lib\fxas21002c\fxas21002c.o
 .debug_macro   0x00000b3d       0x44 obj\debug\lib\fxas21002c\fxas21002c.o
 .debug_macro   0x00000b81       0xfd obj\debug\lib\fxas21002c\fxas21002c.o
 .debug_macro   0x00000c7e       0x5e obj\debug\lib\fxas21002c\fxas21002c.o
 .debug_macro   0x00000cdc      0x1df obj\debug\lib\fxas21002c\fxas21002c.o
 .debug_macro   0x00000ebb       0x22 obj\debug\lib\fxas21002c\fxas21002c.o
 .debug_macro   0x00000edd       0x44 obj\debug\lib\fxas21002c\fxas21002c.o
 .debug_macro   0x00000f21       0x3b obj\debug\lib\fxas21002c\fxas21002c.o
 .debug_macro   0x00000f5c       0x2d obj\debug\lib\fxas21002c\fxas21002c.o
 .debug_macro   0x00000f89       0x26 obj\debug\lib\fxas21002c\fxas21002c.o
 .debug_macro   0x00000faf      0xd39 obj\debug\lib\fxas21002c\fxas21002c.o
 .debug_macro   0x00001ce8       0x10 obj\debug\lib\fxas21002c\fxas21002c.o
 .debug_macro   0x00001cf8    0x3ac51 obj\debug\lib\fxas21002c\fxas21002c.o
 .debug_macro   0x0003c949       0x10 obj\debug\lib\fxas21002c\fxas21002c.o
 .debug_macro   0x0003c959       0x52 obj\debug\lib\fxas21002c\fxas21002c.o
 .debug_macro   0x0003c9ab       0x35 obj\debug\lib\fxas21002c\fxas21002c.o
 .debug_macro   0x0003c9e0       0x9c obj\debug\lib\fxas21002c\fxas21002c.o
 .debug_macro   0x0003ca7c       0x1c obj\debug\lib\fxas21002c\fxas21002c.o
 .debug_macro   0x0003ca98      0x174 obj\debug\lib\fxas21002c\fxas21002c.o
 .debug_macro   0x0003cc0c       0x16 obj\debug\lib\fxas21002c\fxas21002c.o
 .debug_macro   0x0003cc22       0x1c obj\debug\lib\fxas21002c\fxas21002c.o
 .debug_macro   0x0003cc3e      0x216 obj\debug\lib\fxas21002c\fxas21002c.o
 .debug_macro   0x0003ce54       0x28 obj\debug\lib\fxas21002c\fxas21002c.o
 .debug_macro   0x0003ce7c       0x52 obj\debug\lib\fxas21002c\fxas21002c.o
 .debug_macro   0x0003cece       0x1f obj\debug\lib\fxas21002c\fxas21002c.o
 .debug_macro   0x0003ceed       0x43 obj\debug\lib\fxas21002c\fxas21002c.o
 .debug_macro   0x0003cf30       0x20 obj\debug\lib\fxas21002c\fxas21002c.o
 .debug_macro   0x0003cf50      0x187 obj\debug\lib\fxas21002c\fxas21002c.o
 .debug_macro   0x0003d0d7      0x30d obj\debug\lib\fxas21002c\fxas21002c.o
 .debug_macro   0x0003d3e4      0x1e1 obj\debug\lib\fxas21002c\fxas21002c.o
 .debug_macro   0x0003d5c5       0xac obj\debug\lib\fxas21002c\fxas21002c.o
 .debug_macro   0x0003d671      0x1f0 obj\debug\lib\fxos8700cq\fxos8700cq.o
 .debug_macro   0x0003d861      0x2fa obj\debug\lib\fxos8700cq\fxos8700cq.o
 .debug_macro   0x0003db5b      0x16a obj\debug\lib\i2c_rw_register\i2c_rw_register.o
 .debug_macro   0x0003dcc5      0x173 obj\debug\lib\lora\lora.o
 .debug_macro   0x0003de38      0x15c obj\debug\main\hardware_init.o
 .debug_macro   0x0003df94       0x16 obj\debug\main\hardware_init.o
 .debug_macro   0x0003dfaa       0x32 obj\debug\main\hardware_init.o
 .debug_macro   0x0003dfdc      0x301 obj\debug\main\wad_osek.o
 .debug_macro   0x0003e2dd       0x4c obj\debug\main\wad_osek.o
 .debug_macro   0x0003e329       0x8d obj\debug\main\wad_osek.o
 .debug_macro   0x0003e3b6       0x16 obj\debug\main\wad_osek.o
 .debug_macro   0x0003e3cc       0x4a obj\debug\main\wad_osek.o
 .debug_macro   0x0003e416       0x97 obj\debug\main\wad_osek.o
 .debug_macro   0x0003e4ad       0xfd obj\debug\main\wad_osek.o
 .debug_macro   0x0003e5aa       0x10 obj\debug\main\wad_osek.o
 .debug_macro   0x0003e5ba       0x10 obj\debug\main\wad_osek.o
 .debug_macro   0x0003e5ca       0x1c obj\debug\main\wad_osek.o
 .debug_macro   0x0003e5e6       0x52 obj\debug\main\wad_osek.o
 .debug_macro   0x0003e638       0x40 obj\debug\main\wad_osek.o
 .debug_macro   0x0003e678       0x10 obj\debug\main\wad_osek.o
 .debug_macro   0x0003e688       0x40 obj\debug\main\wad_osek.o
 .debug_macro   0x0003e6c8       0xd7 obj\debug\main\wad_osek.o
 .debug_macro   0x0003e79f       0x16 obj\debug\main\wad_osek.o
 .debug_macro   0x0003e7b5      0x189 obj\debug\main\wad_osek.o
 .debug_macro   0x0003e93e       0x16 obj\debug\main\wad_osek.o
 .debug_macro   0x0003e954       0x3b obj\debug\main\wad_osek.o
 .debug_macro   0x0003e98f       0x70 obj\debug\main\wad_osek.o
 .debug_macro   0x0003e9ff       0x28 obj\debug\main\wad_osek.o
 .debug_macro   0x0003ea27      0x155 obj\debug\main\wad_osek.o
 .debug_macro   0x0003eb7c      0x279 obj\debug\~#\~#\board\udoo_neo\src\board.o
 .debug_macro   0x0003edf5      0x13e obj\debug\~#\~#\board\udoo_neo\src\clock_freq.o
 .debug_macro   0x0003ef33       0x2e obj\debug\~#\~#\board\udoo_neo\src\clock_freq.o
 .debug_macro   0x0003ef61       0xc7 obj\debug\~#\~#\board\udoo_neo\src\pin_mux.o
 .debug_macro   0x0003f028      0x144 obj\debug\~#\~#\os\config\src\cortexm4\os_internal_arch_cfg.o
 .debug_macro   0x0003f16c       0x34 obj\debug\~#\~#\os\config\src\cortexm4\os_internal_arch_cfg.o
 .debug_macro   0x0003f1a0       0x12 obj\debug\~#\~#\os\config\src\cortexm4\os_internal_arch_cfg.o
 .debug_macro   0x0003f1b2       0x7c obj\debug\~#\~#\os\config\src\cortexm4\os_internal_arch_cfg.o
 .debug_macro   0x0003f22e       0x10 obj\debug\~#\~#\os\config\src\cortexm4\os_internal_arch_cfg.o
 .debug_macro   0x0003f23e       0x9c obj\debug\~#\~#\os\config\src\cortexm4\os_internal_arch_cfg.o
 .debug_macro   0x0003f2da       0x88 obj\debug\~#\~#\os\config\src\cortexm4\os_internal_arch_cfg.o
 .debug_macro   0x0003f362       0xef obj\debug\~#\~#\os\config\src\os_cfg.o
 .debug_macro   0x0003f451       0xef obj\debug\~#\~#\os\config\src\os_internal_cfg.o
 .debug_macro   0x0003f540       0xef obj\debug\~#\~#\os\osek\src\activatetask.o
 .debug_macro   0x0003f62f       0xef obj\debug\~#\~#\os\osek\src\clearevent.o
 .debug_macro   0x0003f71e       0xef obj\debug\~#\~#\os\osek\src\cortexm4\os_internal_arch.o
 .debug_macro   0x0003f80d       0xf3 obj\debug\~#\~#\os\osek\src\cortexm4\startos_arch.o
 .debug_macro   0x0003f900       0xd0 obj\debug\~#\~#\os\osek\src\cortexm4\startos_arch_systick.o
 .debug_macro   0x0003f9d0       0x1c obj\debug\~#\~#\os\osek\src\cortexm4\startos_arch_systick.o
 .debug_macro   0x0003f9ec       0xef obj\debug\~#\~#\os\osek\src\os.o
 .debug_macro   0x0003fadb       0xef obj\debug\~#\~#\os\osek\src\os_internal.o
 .debug_macro   0x0003fbca       0xef obj\debug\~#\~#\os\osek\src\schedule.o
 .debug_macro   0x0003fcb9       0xef obj\debug\~#\~#\os\osek\src\setevent.o
 .debug_macro   0x0003fda8       0xef obj\debug\~#\~#\os\osek\src\shutdownos.o
 .debug_macro   0x0003fe97       0xef obj\debug\~#\~#\os\osek\src\startos.o
 .debug_macro   0x0003ff86       0xef obj\debug\~#\~#\os\osek\src\terminatetask.o
 .debug_macro   0x00040075       0xef obj\debug\~#\~#\os\osek\src\waitevent.o
 .debug_macro   0x00040164       0xc3 obj\debug\~#\~#\platform\devices\mcimx6x\startup\system_mcimx6x_m4.o
 .debug_macro   0x00040227      0x113 obj\debug\~#\~#\platform\drivers\src\ccm_analog_imx6sx.o
 .debug_macro   0x0004033a      0x105 obj\debug\~#\~#\platform\drivers\src\i2c_imx.o
 .debug_macro   0x0004043f      0x105 obj\debug\~#\~#\platform\drivers\src\uart_imx.o
 .debug_macro   0x00040544      0x274 obj\debug\~#\~#\platform\utilities\src\debug_console_imx.o
 .debug_macro   0x000407b8       0x58 obj\debug\~#\~#\platform\utilities\src\debug_console_imx.o
 .debug_macro   0x00040810       0x16 obj\debug\~#\~#\platform\utilities\src\debug_console_imx.o
 .debug_macro   0x00040826       0x35 obj\debug\~#\~#\platform\utilities\src\debug_console_imx.o
 .debug_macro   0x0004085b       0x16 obj\debug\~#\~#\platform\utilities\src\debug_console_imx.o
 .debug_macro   0x00040871       0x29 obj\debug\~#\~#\platform\utilities\src\debug_console_imx.o
 .debug_macro   0x0004089a       0x16 obj\debug\~#\~#\platform\utilities\src\debug_console_imx.o
 .debug_macro   0x000408b0      0x2e3 obj\debug\~#\~#\platform\utilities\src\print_scan.o
 .debug_macro   0x00040b93       0x52 obj\debug\~#\~#\platform\utilities\src\print_scan.o
 .debug_macro   0x00040be5       0xac obj\debug\~#\~#\platform\utilities\src\print_scan.o

.debug_line     0x00000000     0x8b48
 .debug_line    0x00000000      0x55f obj\debug\lib\fxas21002c\fxas21002c.o
 .debug_line    0x0000055f      0x60f obj\debug\lib\fxos8700cq\fxos8700cq.o
 .debug_line    0x00000b6e      0x565 obj\debug\lib\i2c_rw_register\i2c_rw_register.o
 .debug_line    0x000010d3      0x517 obj\debug\lib\lora\lora.o
 .debug_line    0x000015ea      0x3e9 obj\debug\main\hardware_init.o
 .debug_line    0x000019d3      0x6f4 obj\debug\main\wad_osek.o
 .debug_line    0x000020c7      0x5f9 obj\debug\~#\~#\board\udoo_neo\src\board.o
 .debug_line    0x000026c0      0x499 obj\debug\~#\~#\board\udoo_neo\src\clock_freq.o
 .debug_line    0x00002b59      0x406 obj\debug\~#\~#\board\udoo_neo\src\pin_mux.o
 .debug_line    0x00002f5f      0x4d4 obj\debug\~#\~#\os\config\src\cortexm4\os_internal_arch_cfg.o
 .debug_line    0x00003433      0x342 obj\debug\~#\~#\os\config\src\os_cfg.o
 .debug_line    0x00003775      0x34b obj\debug\~#\~#\os\config\src\os_internal_cfg.o
 .debug_line    0x00003ac0      0x38f obj\debug\~#\~#\os\osek\src\activatetask.o
 .debug_line    0x00003e4f      0x375 obj\debug\~#\~#\os\osek\src\clearevent.o
 .debug_line    0x000041c4      0x3bf obj\debug\~#\~#\os\osek\src\cortexm4\os_internal_arch.o
 .debug_line    0x00004583       0x7f obj\debug\~#\~#\os\osek\src\cortexm4\pendsv.o
 .debug_line    0x00004602      0x3a0 obj\debug\~#\~#\os\osek\src\cortexm4\startos_arch.o
 .debug_line    0x000049a2      0x3b8 obj\debug\~#\~#\os\osek\src\cortexm4\startos_arch_systick.o
 .debug_line    0x00004d5a      0x33c obj\debug\~#\~#\os\osek\src\os.o
 .debug_line    0x00005096      0x430 obj\debug\~#\~#\os\osek\src\os_internal.o
 .debug_line    0x000054c6      0x3d5 obj\debug\~#\~#\os\osek\src\schedule.o
 .debug_line    0x0000589b      0x3c0 obj\debug\~#\~#\os\osek\src\setevent.o
 .debug_line    0x00005c5b      0x35b obj\debug\~#\~#\os\osek\src\shutdownos.o
 .debug_line    0x00005fb6      0x38d obj\debug\~#\~#\os\osek\src\startos.o
 .debug_line    0x00006343      0x37e obj\debug\~#\~#\os\osek\src\terminatetask.o
 .debug_line    0x000066c1      0x3a9 obj\debug\~#\~#\os\osek\src\waitevent.o
 .debug_line    0x00006a6a       0x9c obj\debug\~#\~#\platform\devices\mcimx6x\startup\gcc\startup_mcimx6x_m4.o
 .debug_line    0x00006b06      0x40c obj\debug\~#\~#\platform\devices\mcimx6x\startup\system_mcimx6x_m4.o
 .debug_line    0x00006f12      0x473 obj\debug\~#\~#\platform\drivers\src\ccm_analog_imx6sx.o
 .debug_line    0x00007385      0x414 obj\debug\~#\~#\platform\drivers\src\i2c_imx.o
 .debug_line    0x00007799      0x614 obj\debug\~#\~#\platform\drivers\src\uart_imx.o
 .debug_line    0x00007dad      0x68f obj\debug\~#\~#\platform\utilities\src\debug_console_imx.o
 .debug_line    0x0000843c      0x70c obj\debug\~#\~#\platform\utilities\src\print_scan.o

.debug_str      0x00000000   0x1b7e03
 .debug_str     0x00000000   0x1ab83b obj\debug\lib\fxas21002c\fxas21002c.o
                             0x1aba75 (size before relaxing)
 .debug_str     0x001ab83b     0x10f8 obj\debug\lib\fxos8700cq\fxos8700cq.o
                             0x1ac7a6 (size before relaxing)
 .debug_str     0x001ac933      0x29c obj\debug\lib\i2c_rw_register\i2c_rw_register.o
                             0x1a8d61 (size before relaxing)
 .debug_str     0x001acbcf      0x538 obj\debug\lib\lora\lora.o
                             0x1a902a (size before relaxing)
 .debug_str     0x001ad107       0x26 obj\debug\main\hardware_init.o
                             0x1a8a17 (size before relaxing)
 .debug_str     0x001ad12d     0x1de2 obj\debug\main\wad_osek.o
                             0x1ae504 (size before relaxing)
 .debug_str     0x001aef0f     0x161a obj\debug\~#\~#\board\udoo_neo\src\board.o
                             0x1ad76e (size before relaxing)
 .debug_str     0x001b0529      0x943 obj\debug\~#\~#\board\udoo_neo\src\clock_freq.o
                             0x1a8f41 (size before relaxing)
 .debug_str     0x001b0e6c     0x3bef obj\debug\~#\~#\board\udoo_neo\src\pin_mux.o
                             0x1ab119 (size before relaxing)
 .debug_str     0x001b4a5b      0xde8 obj\debug\~#\~#\os\config\src\cortexm4\os_internal_arch_cfg.o
                             0x1a8e18 (size before relaxing)
 .debug_str     0x001b5843       0x6f obj\debug\~#\~#\os\config\src\os_cfg.o
                               0x4dd0 (size before relaxing)
 .debug_str     0x001b58b2      0x564 obj\debug\~#\~#\os\config\src\os_internal_cfg.o
                               0x5354 (size before relaxing)
 .debug_str     0x001b5e16       0x88 obj\debug\~#\~#\os\osek\src\activatetask.o
                               0x5030 (size before relaxing)
 .debug_str     0x001b5e9e       0x2d obj\debug\~#\~#\os\osek\src\clearevent.o
                               0x5038 (size before relaxing)
 .debug_str     0x001b5ecb      0x127 obj\debug\~#\~#\os\osek\src\cortexm4\os_internal_arch.o
                               0x5086 (size before relaxing)
 .debug_str     0x001b5ff2       0x65 obj\debug\~#\~#\os\osek\src\cortexm4\startos_arch.o
                               0x4dc6 (size before relaxing)
 .debug_str     0x001b6057      0x7ed obj\debug\~#\~#\os\osek\src\cortexm4\startos_arch_systick.o
                             0x1a7ccc (size before relaxing)
 .debug_str     0x001b6844       0x53 obj\debug\~#\~#\os\osek\src\os.o
                               0x4de6 (size before relaxing)
 .debug_str     0x001b6897       0xf5 obj\debug\~#\~#\os\osek\src\os_internal.o
                               0x531a (size before relaxing)
 .debug_str     0x001b698c       0x3d obj\debug\~#\~#\os\osek\src\schedule.o
                               0x5068 (size before relaxing)
 .debug_str     0x001b69c9       0x29 obj\debug\~#\~#\os\osek\src\setevent.o
                               0x504c (size before relaxing)
 .debug_str     0x001b69f2       0x2d obj\debug\~#\~#\os\osek\src\shutdownos.o
                               0x4d9f (size before relaxing)
 .debug_str     0x001b6a1f       0x27 obj\debug\~#\~#\os\osek\src\startos.o
                               0x4f22 (size before relaxing)
 .debug_str     0x001b6a46       0x33 obj\debug\~#\~#\os\osek\src\terminatetask.o
                               0x4f3d (size before relaxing)
 .debug_str     0x001b6a79       0x2b obj\debug\~#\~#\os\osek\src\waitevent.o
                               0x5047 (size before relaxing)
 .debug_str     0x001b6aa4      0x158 obj\debug\~#\~#\platform\devices\mcimx6x\startup\system_mcimx6x_m4.o
                             0x1a792b (size before relaxing)
 .debug_str     0x001b6bfc      0x116 obj\debug\~#\~#\platform\drivers\src\ccm_analog_imx6sx.o
                             0x1a82c5 (size before relaxing)
 .debug_str     0x001b6d12       0xa5 obj\debug\~#\~#\platform\drivers\src\i2c_imx.o
                             0x1a7a57 (size before relaxing)
 .debug_str     0x001b6db7      0x301 obj\debug\~#\~#\platform\drivers\src\uart_imx.o
                             0x1a7d6f (size before relaxing)
 .debug_str     0x001b70b8      0x3fe obj\debug\~#\~#\platform\utilities\src\debug_console_imx.o
                             0x1aba0c (size before relaxing)
 .debug_str     0x001b74b6      0x94d obj\debug\~#\~#\platform\utilities\src\print_scan.o
                               0x7b84 (size before relaxing)

.comment        0x00000000       0x6e
 .comment       0x00000000       0x6e obj\debug\lib\fxas21002c\fxas21002c.o
                                 0x6f (size before relaxing)
 .comment       0x0000006e       0x6f obj\debug\lib\fxos8700cq\fxos8700cq.o
 .comment       0x0000006e       0x6f obj\debug\lib\i2c_rw_register\i2c_rw_register.o
 .comment       0x0000006e       0x6f obj\debug\lib\lora\lora.o
 .comment       0x0000006e       0x6f obj\debug\main\hardware_init.o
 .comment       0x0000006e       0x6f obj\debug\main\wad_osek.o
 .comment       0x0000006e       0x6f obj\debug\~#\~#\board\udoo_neo\src\board.o
 .comment       0x0000006e       0x6f obj\debug\~#\~#\board\udoo_neo\src\clock_freq.o
 .comment       0x0000006e       0x6f obj\debug\~#\~#\board\udoo_neo\src\pin_mux.o
 .comment       0x0000006e       0x6f obj\debug\~#\~#\os\config\src\cortexm4\os_internal_arch_cfg.o
 .comment       0x0000006e       0x6f obj\debug\~#\~#\os\config\src\os_cfg.o
 .comment       0x0000006e       0x6f obj\debug\~#\~#\os\config\src\os_internal_cfg.o
 .comment       0x0000006e       0x6f obj\debug\~#\~#\os\osek\src\activatetask.o
 .comment       0x0000006e       0x6f obj\debug\~#\~#\os\osek\src\clearevent.o
 .comment       0x0000006e       0x6f obj\debug\~#\~#\os\osek\src\cortexm4\os_internal_arch.o
 .comment       0x0000006e       0x6f obj\debug\~#\~#\os\osek\src\cortexm4\startos_arch.o
 .comment       0x0000006e       0x6f obj\debug\~#\~#\os\osek\src\cortexm4\startos_arch_systick.o
 .comment       0x0000006e       0x6f obj\debug\~#\~#\os\osek\src\os.o
 .comment       0x0000006e       0x6f obj\debug\~#\~#\os\osek\src\os_internal.o
 .comment       0x0000006e       0x6f obj\debug\~#\~#\os\osek\src\schedule.o
 .comment       0x0000006e       0x6f obj\debug\~#\~#\os\osek\src\setevent.o
 .comment       0x0000006e       0x6f obj\debug\~#\~#\os\osek\src\shutdownos.o
 .comment       0x0000006e       0x6f obj\debug\~#\~#\os\osek\src\startos.o
 .comment       0x0000006e       0x6f obj\debug\~#\~#\os\osek\src\terminatetask.o
 .comment       0x0000006e       0x6f obj\debug\~#\~#\os\osek\src\waitevent.o
 .comment       0x0000006e       0x6f obj\debug\~#\~#\platform\devices\mcimx6x\startup\system_mcimx6x_m4.o
 .comment       0x0000006e       0x6f obj\debug\~#\~#\platform\drivers\src\ccm_analog_imx6sx.o
 .comment       0x0000006e       0x6f obj\debug\~#\~#\platform\drivers\src\i2c_imx.o
 .comment       0x0000006e       0x6f obj\debug\~#\~#\platform\drivers\src\uart_imx.o
 .comment       0x0000006e       0x6f obj\debug\~#\~#\platform\utilities\src\debug_console_imx.o
 .comment       0x0000006e       0x6f obj\debug\~#\~#\platform\utilities\src\print_scan.o

.debug_frame    0x00000000     0x2278
 .debug_frame   0x00000000      0x124 obj\debug\lib\fxas21002c\fxas21002c.o
 .debug_frame   0x00000124      0x184 obj\debug\lib\fxos8700cq\fxos8700cq.o
 .debug_frame   0x000002a8      0x1d4 obj\debug\lib\i2c_rw_register\i2c_rw_register.o
 .debug_frame   0x0000047c      0x184 obj\debug\lib\lora\lora.o
 .debug_frame   0x00000600       0x2c obj\debug\main\hardware_init.o
 .debug_frame   0x0000062c       0xb4 obj\debug\main\wad_osek.o
 .debug_frame   0x000006e0      0x158 obj\debug\~#\~#\board\udoo_neo\src\board.o
 .debug_frame   0x00000838       0xf0 obj\debug\~#\~#\board\udoo_neo\src\clock_freq.o
 .debug_frame   0x00000928       0xd8 obj\debug\~#\~#\board\udoo_neo\src\pin_mux.o